10-08 03:42:45.154  3540  3540 I HWSpringAnimation: updateValueAndVelocity: mStartValue=1243.0, mEndValue=2160.0, mValue=1535.8018, mVelocity=6256.3, deltaT=9
10-08 03:42:45.154  1663  3038 I DisplayManagerService: state: 2, currentState: 2
10-08 03:42:45.154  1663  3021 I DE J DES: [effect] setScene(26, 225183063
10-08 03:42:45.155  1663  3038 I SurfaceControl: setDisplayBrightness. {0.33371782, -1.0, 0.33371782, -1.0, 0.15318756, -1.0}
10-08 03:42:45.155  1391  1391 I SurfaceFlinger: setDisplayBrightness [4630946799016240002] displayBrightness[0.333718] displayBrightnessNits[-1.000000]
10-08 03:42:45.162  3540  3540 I HWSpringAnimation: updateValueAndVelocity: mStartValue=1243.0, mEndValue=2160.0, mValue=1585.3091, mVelocity=6105.8096, deltaT=8
10-08 03:42:45.162  1663  3038 I DisplayManagerService: state: 2, currentState: 2
10-08 03:42:45.163  1663  3023 I DE J DES: [effect] setScene(26, 228001128
10-08 03:42:45.163  1663  3038 I SurfaceControl: setDisplayBrightness. {0.33805868, -1.0, 0.33805868, -1.0, 0.15731506, -1.0}
10-08 03:42:45.163  1391  1391 I SurfaceFlinger: setDisplayBrightness [4630946799016240002] displayBrightness[0.338059] displayBrightnessNits[-1.000000]
10-08 03:42:45.171  1663  3038 I DisplayManagerService: state: 2, currentState: 2
10-08 03:42:45.171  3540  3540 I HWSpringAnimation: updateValueAndVelocity: mStartValue=1243.0, mEndValue=2160.0, mValue=1633.2937, mVelocity=5879.7935, deltaT=8
10-08 03:42:45.171  1663  3029 I DE J DES: [effect] setScene(26, 230819194
10-08 03:42:45.171  1663  3038 I SurfaceControl: setDisplayBrightness. {0.34239957, -1.0, 0.34239957, -1.0, 0.16144256, -1.0}
10-08 03:42:45.171  1391  1391 I SurfaceFlinger: setDisplayBrightness [4630946799016240002] displayBrightness[0.342400] displayBrightnessNits[-1.000000]
10-08 03:42:45.179  1663  3038 I DisplayManagerService: state: 2, currentState: 2
10-08 03:42:45.179  3540  3540 I HWSpringAnimation: updateValueAndVelocity: mStartValue=1243.0, mEndValue=2160.0, mValue=1684.8271, mVelocity=5563.208, deltaT=9
10-08 03:42:45.179  1663  3022 I DE J DES: [effect] setScene(26, 233768333
10-08 03:42:45.179  1663  3038 I SurfaceControl: setDisplayBrightness. {0.34702238, -1.0, 0.34702238, -1.0, 0.16557007, -1.0}
10-08 03:42:45.180  1391  1391 I SurfaceFlinger: setDisplayBrightness [4630946799016240002] displayBrightness[0.347022] displayBrightnessNits[-1.000000]
10-08 03:42:45.187  1663  3038 I DisplayManagerService: state: 2, currentState: 2
10-08 03:42:45.187  3540  3540 I HWSpringAnimation: updateValueAndVelocity: mStartValue=1243.0, mEndValue=2160.0, mValue=1728.0813, mVelocity=5246.1143, deltaT=8
10-08 03:42:45.187  1663  3024 I DE J DES: [effect] setScene(26, 237045154
10-08 03:42:45.188  1663  3038 I SurfaceControl: setDisplayBrightness. {0.3520852, -1.0, 0.3520852, -1.0, 0.16969757, -1.0}
10-08 03:42:45.188  1391  1391 I SurfaceFlinger: setDisplayBrightness [4630946799016240002] displayBrightness[0.352085] displayBrightnessNits[-1.000000]
10-08 03:42:45.196  3540  3540 I HWSpringAnimation: updateValueAndVelocity: mStartValue=1243.0, mEndValue=2160.0, mValue=1768.7145, mVelocity=4909.991, deltaT=8
10-08 03:42:45.196  1663  3038 I DisplayManagerService: state: 2, currentState: 2
10-08 03:42:45.196  1663  3027 I DE J DES: [effect] setScene(26, 240321975
10-08 03:42:45.196  1663  3038 I SurfaceControl: setDisplayBrightness. {0.35714805, -1.0, 0.35714805, -1.0, 0.17382507, -1.0}
10-08 03:42:45.197  1391  1391 I SurfaceFlinger: setDisplayBrightness [4630946799016240002] displayBrightness[0.357148] displayBrightnessNits[-1.000000]
10-08 03:42:45.204  3540  3540 I HWSpringAnimation: updateValueAndVelocity: mStartValue=1243.0, mEndValue=2160.0, mValue=1811.1636, mVelocity=4522.489, deltaT=9
10-08 03:42:45.204  1663  3038 I DisplayManagerService: state: 2, currentState: 2
10-08 03:42:45.204  1663  3026 I DE J DES: [effect] setScene(26, 243664332
10-08 03:42:45.205  1663  3038 I SurfaceControl: setDisplayBrightness. {0.36233434, -1.0, 0.36233434, -1.0, 0.17795257, -1.0}
10-08 03:42:45.205  1391  1391 I SurfaceFlinger: setDisplayBrightness [4630946799016240002] displayBrightness[0.362334] displayBrightnessNits[-1.000000]
10-08 03:42:45.211  1663  2578 D LightSensorEventListener: lux329
10-08 03:42:45.211  1663  4048 I HwLightsService: mCurrentlForHighPrecision=1780,currentBrightness=45
10-08 03:42:45.212  1679  3517 I AGPService: ExternalEventCode 80015 value 329
10-08 03:42:45.212  1663  3038 I DisplayManagerService: state: 2, currentState: 2
10-08 03:42:45.212  1679  3517 I AGPService: lux 329
10-08 03:42:45.212  3540  3540 I HWSpringAnimation: updateValueAndVelocity: mStartValue=1243.0, mEndValue=2160.0, mValue=1845.9658, mVelocity=4178.7954, deltaT=8
10-08 03:42:45.212  1663  3025 I DE J DES: [effect] setScene(26, 246941152
10-08 03:42:45.213  1663  3038 I SurfaceControl: setDisplayBrightness. {0.3673972, -1.0, 0.3673972, -1.0, 0.18208008, -1.0}
10-08 03:42:45.213  1391  1391 I SurfaceFlinger: setDisplayBrightness [4630946799016240002] displayBrightness[0.367397] displayBrightnessNits[-1.000000]
10-08 03:42:45.214  1679  3517 W ServiceManagerCppClient: Failed to get isDeclared for vendor.honor.hardware.hwdisplay.IDisplay/default: Status(-1, EX_SECURITY): 'SELinux denied.'
10-08 03:42:45.214  1679  3517 E AGPService: Display Service AIDL nullptr
10-08 03:42:45.214  1679  3517 E AGPService: DisplayFreqClient: [GetCurrentLightValueByAidl]: GetDisplayService failed
10-08 03:42:45.214  1679  3517 E AGPService: fopen failed: Permission denied
10-08 03:42:45.215  1679  3517 I AGPService: current light value : -1
10-08 03:42:45.215  1679  3517 I AGPService: FilterAction mVotePool.size: 1 priority 1000 sceneCode 1000 
10-08 03:42:45.215  1679  3517 I AGPService: ScreenLight default 120
10-08 03:42:45.215  1679  3517 I AGPService: PostAction
10-08 03:42:45.215  1679  3517 I AGPService: FilterAction mVotePool.size: 1 priority 1000 sceneCode 1000 
10-08 03:42:45.211  1679  1679 W binder:1679_2: type=1400 audit(0.0:22062): avc:  denied  { search } for  name="backlight" dev="sysfs" ino=77741 scontext=u:r:ITouchservice:s0 tcontext=u:object_r:vendor_sysfs_graphics:s0 tclass=dir permissive=0
10-08 03:42:45.215  1679  1848 I AGPService: FilterAction mVotePool.size: 1 priority 1000 sceneCode 1000 
10-08 03:42:45.215  1679  1848 I AGPService: NotifyExtraPolicyInfoToSF fps: 60
10-08 03:42:45.215  1679  1848 I AGPService: SendPolicyByAction isGame 0 sceneCode 1000 priority 1000 lightEnabled 0 fpsHold 0 minFps 120 maxFps 120
10-08 03:42:45.216  1391  3076 I SurfaceFlinger: setDesiredDisplayModeSpecs pid: 1679 AGP-pid: 1679
10-08 03:42:45.220  1663  3038 I DisplayManagerService: state: 2, currentState: 2
10-08 03:42:45.220  3540  3540 I HWSpringAnimation: updateValueAndVelocity: mStartValue=1243.0, mEndValue=2160.0, mValue=1878.0435, mVelocity=3842.1953, deltaT=8
10-08 03:42:45.221  1663  3033 I DE J DES: [effect] setScene(26, 250217973
10-08 03:42:45.221  1663  3038 I SurfaceControl: setDisplayBrightness. {0.37246, -1.0, 0.37246, -1.0, 0.18620758, -1.0}
10-08 03:42:45.222  1391  1391 I SurfaceFlinger: setDisplayBrightness [4630946799016240002] displayBrightness[0.372460] displayBrightnessNits[-1.000000]
10-08 03:42:45.229  1663  3038 I DisplayManagerService: state: 2, currentState: 2
10-08 03:42:45.229  3540  3540 I HWSpringAnimation: updateValueAndVelocity: mStartValue=1243.0, mEndValue=2160.0, mValue=1910.9692, mVelocity=3477.4963, deltaT=9
10-08 03:42:45.229  1663  3028 I DE J DES: [effect] setScene(26, 253494794
10-08 03:42:45.229  1663  3038 I SurfaceControl: setDisplayBrightness. {0.37752286, -1.0, 0.37752286, -1.0, 0.19033508, -1.0}
10-08 03:42:45.230  1391  1391 I SurfaceFlinger: setDisplayBrightness [4630946799016240002] displayBrightness[0.377523] displayBrightnessNits[-1.000000]
10-08 03:42:45.237  3540  3540 I HWSpringAnimation: updateValueAndVelocity: mStartValue=1243.0, mEndValue=2160.0, mValue=1937.5449, mVelocity=3169.1616, deltaT=8
10-08 03:42:45.237  1663  3038 I DisplayManagerService: state: 2, currentState: 2
10-08 03:42:45.237  1663  3021 I DE J DES: [effect] setScene(26, 256837151
10-08 03:42:45.238  1663  3038 I SurfaceControl: setDisplayBrightness. {0.38270918, -1.0, 0.38270918, -1.0, 0.19446258, -1.0}
10-08 03:42:45.238  1391  1391 I SurfaceFlinger: setDisplayBrightness [4630946799016240002] displayBrightness[0.382709] displayBrightnessNits[-1.000000]
10-08 03:42:45.245  1663  3038 I DisplayManagerService: state: 2, currentState: 2
10-08 03:42:45.245  3540  3540 I HWSpringAnimation: updateValueAndVelocity: mStartValue=1243.0, mEndValue=2160.0, mValue=1961.7212, mVelocity=2877.85, deltaT=8
10-08 03:42:45.246  1663  3023 I DE J DES: [effect] setScene(26, 260113972
10-08 03:42:45.246  1663  3038 I SurfaceControl: setDisplayBrightness. {0.38777202, -1.0, 0.38777202, -1.0, 0.19859008, -1.0}
10-08 03:42:45.246  1391  1391 I SurfaceFlinger: setDisplayBrightness [4630946799016240002] displayBrightness[0.387772] displayBrightnessNits[-1.000000]
10-08 03:42:45.254  1663  3038 I DisplayManagerService: state: 2, currentState: 2
10-08 03:42:45.254  3540  3540 I HWSpringAnimation: updateValueAndVelocity: mStartValue=1243.0, mEndValue=2160.0, mValue=1986.2275, mVelocity=2571.9417, deltaT=9
10-08 03:42:45.254  1663  3029 I DE J DES: [effect] setScene(26, 263390793
10-08 03:42:45.254  1663  3038 I SurfaceControl: setDisplayBrightness. {0.39283484, -1.0, 0.39283484, -1.0, 0.20271759, -1.0}
10-08 03:42:45.255  1391  1391 I SurfaceFlinger: setDisplayBrightness [4630946799016240002] displayBrightness[0.392835] displayBrightnessNits[-1.000000]
10-08 03:42:45.262  3540  3540 I HWSpringAnimation: updateValueAndVelocity: mStartValue=1243.0, mEndValue=2160.0, mValue=2005.7827, mVelocity=2320.0125, deltaT=8
10-08 03:42:45.262  1663  3038 I DisplayManagerService: state: 2, currentState: 2
10-08 03:42:45.263  1663  3022 I DE J DES: [effect] setScene(26, 266667613
10-08 03:42:45.264  1663  3038 I SurfaceControl: setDisplayBrightness. {0.39789766, -1.0, 0.39789766, -1.0, 0.20684509, -1.0}
10-08 03:42:45.264  1391  1391 I SurfaceFlinger: setDisplayBrightness [4630946799016240002] displayBrightness[0.397898] displayBrightnessNits[-1.000000]
10-08 03:42:45.270  3540  3540 I HWSpringAnimation: updateValueAndVelocity: mStartValue=1243.0, mEndValue=2160.0, mValue=2023.3981, mVelocity=2086.9473, deltaT=8
10-08 03:42:45.271  1663  3038 I DisplayManagerService: state: 2, currentState: 2
10-08 03:42:45.271  1663  3024 I DE J DES: [effect] setScene(26, 270009971
10-08 03:42:45.272  1663  3038 I SurfaceControl: setDisplayBrightness. {0.40308398, -1.0, 0.40308398, -1.0, 0.21097258, -1.0}
10-08 03:42:45.272  1391  1391 I SurfaceFlinger: setDisplayBrightness [4630946799016240002] displayBrightness[0.403084] displayBrightnessNits[-1.000000]
10-08 03:42:45.279  3540  3540 I HWSpringAnimation: updateValueAndVelocity: mStartValue=1243.0, mEndValue=2160.0, mValue=2039.2234, mVelocity=1872.4241, deltaT=8
10-08 03:42:45.279  1663  3038 I DisplayManagerService: state: 2, currentState: 2
10-08 03:42:45.279  1663  3027 I DE J DES: [effect] setScene(26, 273286791
10-08 03:42:45.280  1663  3038 I SurfaceControl: setDisplayBrightness. {0.40814683, -1.0, 0.40814683, -1.0, 0.21510008, -1.0}
10-08 03:42:45.281  1391  1391 I SurfaceFlinger: setDisplayBrightness [4630946799016240002] displayBrightness[0.408147] displayBrightnessNits[-1.000000]
10-08 03:42:45.287  3540  3540 I HWSpringAnimation: updateValueAndVelocity: mStartValue=1243.0, mEndValue=2160.0, mValue=2055.0688, mVelocity=1652.5154, deltaT=9
10-08 03:42:45.287  1663  3038 I DisplayManagerService: state: 2, currentState: 2
10-08 03:42:45.288  1663  3026 I DE J DES: [effect] setScene(26, 276498076
10-08 03:42:45.289  1663  3038 I SurfaceControl: setDisplayBrightness. {0.41320965, -1.0, 0.41320965, -1.0, 0.21922757, -1.0}
10-08 03:42:45.295  1391  1391 I SurfaceFlinger: setDisplayBrightness [4630946799016240002] displayBrightness[0.413210] displayBrightnessNits[-1.000000]
10-08 03:42:45.295  3540  3540 I HWSpringAnimation: updateValueAndVelocity: mStartValue=1243.0, mEndValue=2160.0, mValue=2067.5688, mVelocity=1475.2257, deltaT=8
10-08 03:42:45.296  1663  3038 I DisplayManagerService: state: 2, currentState: 2
10-08 03:42:45.297  1663  3025 I DE J DES: [effect] setScene(26, 279840433
10-08 03:42:45.297  1663  3038 I SurfaceControl: setDisplayBrightness. {0.41839594, -1.0, 0.41839594, -1.0, 0.22335505, -1.0}
10-08 03:42:45.298  1391  1391 I SurfaceFlinger: setDisplayBrightness [4630946799016240002] displayBrightness[0.418396] displayBrightnessNits[-1.000000]
10-08 03:42:45.304  3540  3540 I HWSpringAnimation: updateValueAndVelocity: mStartValue=1243.0, mEndValue=2160.0, mValue=2078.7158, mVelocity=1314.1063, deltaT=8
10-08 03:42:45.304  1663  3038 I DisplayManagerService: state: 2, currentState: 2
10-08 03:42:45.304  1663  3033 I DE J DES: [effect] setScene(26, 283117254
10-08 03:42:45.305  1663  3038 I SurfaceControl: setDisplayBrightness. {0.42345878, -1.0, 0.42345878, -1.0, 0.22748254, -1.0}
10-08 03:42:45.305  1391  1391 I SurfaceFlinger: setDisplayBrightness [4630946799016240002] displayBrightness[0.423459] displayBrightnessNits[-1.000000]
10-08 03:42:45.308  1391  1535 I Scheduler: touchTimerCallback timer change to TimerState: Expired
10-08 03:42:45.312  3540  3540 I HWSpringAnimation: updateValueAndVelocity: mStartValue=1243.0, mEndValue=2160.0, mValue=2089.7944, mVelocity=1150.9447, deltaT=9
10-08 03:42:45.312  1663  3038 I DisplayManagerService: state: 2, currentState: 2
10-08 03:42:45.312  1663  3028 I DE J DES: [effect] setScene(26, 286394075
10-08 03:42:45.313  1663  3038 I SurfaceControl: setDisplayBrightness. {0.4285216, -1.0, 0.4285216, -1.0, 0.23161003, -1.0}
10-08 03:42:45.314  1391  1391 I SurfaceFlinger: setDisplayBrightness [4630946799016240002] displayBrightness[0.428522] displayBrightnessNits[-1.000000]
10-08 03:42:45.320  1663  3038 I DisplayManagerService: state: 2, currentState: 2
10-08 03:42:45.320  3540  3540 I HWSpringAnimation: updateValueAndVelocity: mStartValue=1243.0, mEndValue=2160.0, mValue=2098.4727, mVelocity=1020.86487, deltaT=8
10-08 03:42:45.321  1663  3021 I DE J DES: [effect] setScene(26, 289605359
10-08 03:42:45.322  1663  3038 I SurfaceControl: setDisplayBrightness. {0.4334507, -1.0, 0.4334507, -1.0, 0.23573752, -1.0}
10-08 03:42:45.322  1391  1391 I SurfaceFlinger: setDisplayBrightness [4630946799016240002] displayBrightness[0.433451] displayBrightnessNits[-1.000000]
10-08 03:42:45.329  1663  3038 I DisplayManagerService: state: 2, currentState: 2
10-08 03:42:45.329  3540  3540 I HWSpringAnimation: updateValueAndVelocity: mStartValue=1243.0, mEndValue=2160.0, mValue=2107.06, mVelocity=890.00757, deltaT=9
10-08 03:42:45.329  1663  3023 I DE J DES: [effect] setScene(26, 292226816
10-08 03:42:45.330  1663  3038 I SurfaceControl: setDisplayBrightness. {0.43751338, -1.0, 0.43751338, -1.0, 0.23986502, -1.0}
10-08 03:42:45.330  1391  1391 I SurfaceFlinger: setDisplayBrightness [4630946799016240002] displayBrightness[0.437513] displayBrightnessNits[-1.000000]
10-08 03:42:45.337  3540  3540 I HWSpringAnimation: updateValueAndVelocity: mStartValue=1243.0, mEndValue=2160.0, mValue=2113.7578, mVelocity=786.3244, deltaT=8
10-08 03:42:45.337  1663  3038 I DisplayManagerService: state: 2, currentState: 2
10-08 03:42:45.337  1663  3029 I DE J DES: [effect] setScene(26, 294782736
10-08 03:42:45.338  1663  3038 I SurfaceControl: setDisplayBrightness. {0.44147933, -1.0, 0.44147933, -1.0, 0.24399251, -1.0}
10-08 03:42:45.339  1391  1391 I SurfaceFlinger: setDisplayBrightness [4630946799016240002] displayBrightness[0.441479] displayBrightnessNits[-1.000000]
10-08 03:42:45.345  3540  3540 I HWSpringAnimation: updateValueAndVelocity: mStartValue=1243.0, mEndValue=2160.0, mValue=2119.6702, mVelocity=693.5025, deltaT=8
10-08 03:42:45.345  1663  3038 I DisplayManagerService: state: 2, currentState: 2
10-08 03:42:45.346  1663  3022 I DE J DES: [effect] setScene(26, 297338656
10-08 03:42:45.347  1663  3038 I SurfaceControl: setDisplayBrightness. {0.44544527, -1.0, 0.44544527, -1.0, 0.24812, -1.0}
10-08 03:42:45.347  1391  1391 I SurfaceFlinger: setDisplayBrightness [4630946799016240002] displayBrightness[0.445445] displayBrightnessNits[-1.000000]
10-08 03:42:45.353  3540  3540 I HWSpringAnimation: updateValueAndVelocity: mStartValue=1243.0, mEndValue=2160.0, mValue=2124.8801, mVelocity=610.5971, deltaT=8
10-08 03:42:45.354  1663  3038 I DisplayManagerService: state: 2, currentState: 2
10-08 03:42:45.354  1663  3024 I DE J DES: [effect] setScene(26, 299894576
10-08 03:42:45.355  1663  3038 I SurfaceControl: setDisplayBrightness. {0.44941124, -1.0, 0.44941124, -1.0, 0.25224748, -1.0}
10-08 03:42:45.356  1391  1391 I SurfaceFlinger: setDisplayBrightness [4630946799016240002] displayBrightness[0.449411] displayBrightnessNits[-1.000000]
10-08 03:42:45.362  1663  3038 I DisplayManagerService: state: 2, currentState: 2
10-08 03:42:45.363  1663  3027 I DE J DES: [effect] setScene(26, 302516033
10-08 03:42:45.363  3540  3540 I HWSpringAnimation: updateValueAndVelocity: mStartValue=1243.0, mEndValue=2160.0, mValue=2129.996, mVelocity=528.06604, deltaT=9
10-08 03:42:45.365  1663  3038 I SurfaceControl: setDisplayBrightness. {0.45347393, -1.0, 0.45347393, -1.0, 0.25637498, -1.0}
10-08 03:42:45.367  5761  5877 I android.hardware.thermal@2.0-service.qti: uevent triggered for sensor: shell_frame
10-08 03:42:45.367  5761  5877 I android.hardware.thermal@2.0-service.qti: uevent triggered for sensor: shell_front
10-08 03:42:45.367  5761  5877 I android.hardware.thermal@2.0-service.qti: Sensor Name:skintemp: 37.785. prev severity:0. cur severity:1 New severity:1
10-08 03:42:45.367  5761  5877 I android.hardware.thermal@2.0-service.qti: uevent triggered for sensor: shell_back
10-08 03:42:45.370  1391  1391 I SurfaceFlinger: setDisplayBrightness [4630946799016240002] displayBrightness[0.453474] displayBrightnessNits[-1.000000]
10-08 03:42:45.371  3540  3540 I HWSpringAnimation: updateValueAndVelocity: mStartValue=1243.0, mEndValue=2160.0, mValue=2134.416, mVelocity=455.75464, deltaT=9
10-08 03:42:45.372  1663  3038 I DisplayManagerService: state: 2, currentState: 2
10-08 03:42:45.372  1663  3026 I DE J DES: [effect] setScene(26, 305071953
10-08 03:42:45.373  1663  3038 I SurfaceControl: setDisplayBrightness. {0.45743987, -1.0, 0.45743987, -1.0, 0.26050246, -1.0}
10-08 03:42:45.378  1391  1391 I SurfaceFlinger: setDisplayBrightness [4630946799016240002] displayBrightness[0.457440] displayBrightnessNits[-1.000000]
10-08 03:42:45.379  3540  3540 I HWSpringAnimation: updateValueAndVelocity: mStartValue=1243.0, mEndValue=2160.0, mValue=2137.831, mVelocity=399.16022, deltaT=8
10-08 03:42:45.380  1663  3038 I DisplayManagerService: state: 2, currentState: 2
10-08 03:42:45.380  1663  3025 I DE J DES: [effect] setScene(26, 307627873
10-08 03:42:45.381  1663  3038 I SurfaceControl: setDisplayBrightness. {0.46140584, -1.0, 0.46140584, -1.0, 0.26462996, -1.0}
10-08 03:42:45.382  1675  6970 I isf_honor: SensorHub::ProcessFusionData[883] sensorhub beta mode: 0, mode arg: 0, latency 1.7 ms
10-08 03:42:45.386  1391  1391 I SurfaceFlinger: setDisplayBrightness [4630946799016240002] displayBrightness[0.461406] displayBrightnessNits[-1.000000]
10-08 03:42:45.388  3540  3540 I HWSpringAnimation: updateValueAndVelocity: mStartValue=1243.0, mEndValue=2160.0, mValue=2140.8198, mVelocity=349.0468, deltaT=8
10-08 03:42:45.388  1663  3038 I DisplayManagerService: state: 2, currentState: 2
10-08 03:42:45.388  1663  3033 I DE J DES: [effect] setScene(26, 310249330
10-08 03:42:45.389  1663  3038 I SurfaceControl: setDisplayBrightness. {0.4654685, -1.0, 0.4654685, -1.0, 0.26875743, -1.0}
10-08 03:42:45.389  1391  1391 I SurfaceFlinger: setDisplayBrightness [4630946799016240002] displayBrightness[0.465468] displayBrightnessNits[-1.000000]
10-08 03:42:45.395  3540  3540 I HWSpringAnimation: updateValueAndVelocity: mStartValue=1243.0, mEndValue=2160.0, mValue=2143.4314, mVelocity=304.75375, deltaT=8
10-08 03:42:45.395  1663  3038 I DisplayManagerService: state: 2, currentState: 2
10-08 03:42:45.396  1663  3028 I DE J DES: [effect] setScene(26, 312805250
10-08 03:42:45.397  1663  3038 I SurfaceControl: setDisplayBrightness. {0.46943447, -1.0, 0.46943447, -1.0, 0.27288494, -1.0}
10-08 03:42:45.397  1391  1391 I SurfaceFlinger: setDisplayBrightness [4630946799016240002] displayBrightness[0.469434] displayBrightnessNits[-1.000000]
10-08 03:42:45.404  1663  3038 I DisplayManagerService: state: 2, currentState: 2
10-08 03:42:45.404  3540  3540 I HWSpringAnimation: updateValueAndVelocity: mStartValue=1243.0, mEndValue=2160.0, mValue=2145.71, mVelocity=265.67355, deltaT=8
10-08 03:42:45.404  1663  3021 I DE J DES: [effect] setScene(26, 315361171
10-08 03:42:45.404  1663  3038 I SurfaceControl: setDisplayBrightness. {0.4734004, -1.0, 0.4734004, -1.0, 0.27701244, -1.0}
10-08 03:42:45.405  1391  1391 I SurfaceFlinger: setDisplayBrightness [4630946799016240002] displayBrightness[0.473400] displayBrightnessNits[-1.000000]
10-08 03:42:45.412  1663  3038 I DisplayManagerService: state: 2, currentState: 2
10-08 03:42:45.412  3540  3540 I HWSpringAnimation: updateValueAndVelocity: mStartValue=1243.0, mEndValue=2160.0, mValue=2147.9238, mVelocity=227.25143, deltaT=9
10-08 03:42:45.412  1663  3023 I DE J DES: [effect] setScene(26, 317917091
10-08 03:42:45.413  1663  3038 I SurfaceControl: setDisplayBrightness. {0.4773664, -1.0, 0.4773664, -1.0, 0.2811399, -1.0}
10-08 03:42:45.413  1391  1391 I SurfaceFlinger: setDisplayBrightness [4630946799016240002] displayBrightness[0.477366] displayBrightnessNits[-1.000000]
10-08 03:42:45.420  1663  3038 I DisplayManagerService: state: 2, currentState: 2
10-08 03:42:45.420  3540  3540 I HWSpringAnimation: updateValueAndVelocity: mStartValue=1243.0, mEndValue=2160.0, mValue=2149.62, mVelocity=197.47003, deltaT=8
10-08 03:42:45.421  1663  3029 I DE J DES: [effect] setScene(26, 320538547
10-08 03:42:45.421  1663  3038 I SurfaceControl: setDisplayBrightness. {0.48142907, -1.0, 0.48142907, -1.0, 0.2852674, -1.0}
10-08 03:42:45.421  1391  1391 I SurfaceFlinger: setDisplayBrightness [4630946799016240002] displayBrightness[0.481429] displayBrightnessNits[-1.000000]
10-08 03:42:45.428  1663  3038 I DisplayManagerService: state: 2, currentState: 2
10-08 03:42:45.429  3540  3540 I HWSpringAnimation: updateValueAndVelocity: mStartValue=1243.0, mEndValue=2160.0, mValue=2151.093, mVelocity=171.33057, deltaT=8
10-08 03:42:45.429  1663  3022 I DE J DES: [effect] setScene(26, 323160004
10-08 03:42:45.429  1663  3038 I SurfaceControl: setDisplayBrightness. {0.485395, -1.0, 0.485395, -1.0, 0.2893949, -1.0}
10-08 03:42:45.430  1391  1391 I SurfaceFlinger: setDisplayBrightness [4630946799016240002] displayBrightness[0.485395] displayBrightnessNits[-1.000000]
10-08 03:42:45.432  1693 12576 I FileCollectExecutor: FileCollectExecutor select3 8
10-08 03:42:45.432  1693 12576 I FileCollectExecutor: FileCollectExecutor select1 8
10-08 03:42:45.435  1693 12575 I FileCollectExecutor: FileCollectExecutor select3 7
10-08 03:42:45.435  1693 12575 I FileCollectExecutor: FileCollectExecutor select1 7
10-08 03:42:45.437  1663  3038 I DisplayManagerService: state: 2, currentState: 2
10-08 03:42:45.437  1663  3024 I DE J DES: [effect] setScene(26, 325715924
10-08 03:42:45.438  3540  3540 I HWSpringAnimation: updateValueAndVelocity: mStartValue=1243.0, mEndValue=2160.0, mValue=2152.517, mVelocity=145.76955, deltaT=9
10-08 03:42:45.438  1663  3038 I SurfaceControl: setDisplayBrightness. {0.48936096, -1.0, 0.48936096, -1.0, 0.2935224, -1.0}
10-08 03:42:45.438  1391  1391 I SurfaceFlinger: setDisplayBrightness [4630946799016240002] displayBrightness[0.489361] displayBrightnessNits[-1.000000]
10-08 03:42:45.445  3540  3540 I HWSpringAnimation: updateValueAndVelocity: mStartValue=1243.0, mEndValue=2160.0, mValue=2153.6028, mVelocity=126.06205, deltaT=8
10-08 03:42:45.445  1663  3038 I DisplayManagerService: state: 2, currentState: 2
10-08 03:42:45.445  1663  2564 I DisplayPowerController[0]: mPowerState.mScreenChangedReason: 65536 mPendingRequestLocked.mScreenChangeReason 65536
10-08 03:42:45.445  1663  1663 I Settings: putIntForUser:name=screen_auto_brightness，value=75,callers=com.hihonor.android.provider.SettingsEx$System.putIntForUser:346 com.android.server.lights.HwLightsService$4.handleMessage:272 android.os.Handler.dispatchMessage:117 android.os.Looper.loopOnce:210 android.os.Looper.loop:302 
10-08 03:42:45.445  1663  2564 I DisplayPowerController[0]: Want screen on.
10-08 03:42:45.445  1663  2564 D ColorFade: dismiss
10-08 03:42:45.445  1663  2564 I DisplayPowerController[0]: mAutomaticBrightnessController.configure start enter .
10-08 03:42:45.445  1663  2564 I DisplayPowerController[0]: autoBrightnessEnabled = true,mBrightnessConfiguration = null,mLastUserSetScreenBrightness = NaN,userSetBrightnessChanged = false,autoBrightnessAdjustment = -0.9973542,autoBrightnessAdjustmentChanged = false,mPowerRequest.policy = 3
10-08 03:42:45.445  1663  2564 I HwNormalizedAutomaticBrightnessController: isLightSensorEnabled=truemLightSensorEnabledtrue
10-08 03:42:45.446  1663  3027 I DE J DES: [effect] setScene(26, 328271844
10-08 03:42:45.446  1663  2564 I HwNormalizedRampAnimator: useHealthEyeAnimationTimeEnable=true
10-08 03:42:45.446  1663  1663 I Settings: putIntForUser:name=screen_auto_brightness，value=76,callers=com.hihonor.android.provider.SettingsEx$System.putIntForUser:346 com.android.server.lights.HwLightsService$4.handleMessage:272 android.os.Handler.dispatchMessage:117 android.os.Looper.loopOnce:210 android.os.Looper.loop:302 
10-08 03:42:45.447  1663  2564 I DisplayPowerController[0]: it is keyguard showing and enable full screen aod
10-08 03:42:45.447  1663  3038 I SurfaceControl: setDisplayBrightness. {0.4933269, -1.0, 0.4933269, -1.0, 0.2976499, -1.0}
10-08 03:42:45.447  1663  2564 I HwNormalizedAutomaticBrightnessController: getLocalHdrBrightness brightness = 0.29765007
10-08 03:42:45.447  1663  2564 I DisplayPowerController[0]: AutomaticBrightnessController getLocalHdrBrightness hdrTarget = 0.29765007
10-08 03:42:45.447  1663  2564 I DisplayPowerController[0]: Animating brightness: target=0.29765007, rate=0.23529412,brightnessFloat255=75.900764,AutoBrightness=true,mDisplayStatePolicy: 2
10-08 03:42:45.447  1663  2564 I HwBrightnessHealthEyeCurve: getHealthEyeBrightnessRatio, healthEyeRatio=1.0,healthRatioIndex=1
10-08 03:42:45.447  1391  1391 I SurfaceFlinger: setDisplayBrightness [4630946799016240002] displayBrightness[0.493327] displayBrightnessNits[-1.000000]
10-08 03:42:45.447  1663  2564 I DisplayPowerController[0]: newTarget = 0.29765007, newSdrTarget = 0.29765007, newLocalTarget = 0.29765007
10-08 03:42:45.447  1663  2564 D FpDataCollector: case xxx, not a fingerprint unlock 
10-08 03:42:45.453  3540  3540 I HWSpringAnimation: updateValueAndVelocity: mStartValue=1243.0, mEndValue=2160.0, mValue=2154.5408, mVelocity=108.8494, deltaT=8
10-08 03:42:45.462  3540  3540 I HWSpringAnimation: updateValueAndVelocity: mStartValue=1243.0, mEndValue=2160.0, mValue=2155.443, mVelocity=92.10394, deltaT=9
10-08 03:42:45.471  3540  3540 I HWSpringAnimation: updateValueAndVelocity: mStartValue=1243.0, mEndValue=2160.0, mValue=2156.1274, mVelocity=79.259125, deltaT=8
10-08 03:42:45.479  3540  3540 I HWSpringAnimation: updateValueAndVelocity: mStartValue=1243.0, mEndValue=2160.0, mValue=2156.7832, mVelocity=66.80578, deltaT=9
10-08 03:42:45.487  3540  3540 I HWSpringAnimation: updateValueAndVelocity: mStartValue=1243.0, mEndValue=2160.0, mValue=2157.2207, mVelocity=58.40309, deltaT=7
10-08 03:42:45.495  3540  3540 I HWSpringAnimation: updateValueAndVelocity: mStartValue=1243.0, mEndValue=2160.0, mValue=2157.7031, mVelocity=49.037952, deltaT=9
10-08 03:42:45.503  3540  3540 I HWSpringAnimation: updateValueAndVelocity: mStartValue=1243.0, mEndValue=2160.0, mValue=2158.0662, mVelocity=41.90236, deltaT=8
10-08 03:42:45.512  3540  3540 I HWSpringAnimation: updateValueAndVelocity: mStartValue=1243.0, mEndValue=2160.0, mValue=2158.3762, mVelocity=35.738876, deltaT=8
10-08 03:42:45.520  3540  3540 I HWSpringAnimation: updateValueAndVelocity: mStartValue=1243.0, mEndValue=2160.0, mValue=2158.6704, mVelocity=29.813025, deltaT=9
10-08 03:42:45.528  3540  3540 I HWSpringAnimation: updateValueAndVelocity: mStartValue=1243.0, mEndValue=2160.0, mValue=2158.8906, mVelocity=25.32156, deltaT=8
10-08 03:42:45.537  3540  3540 I HWSpringAnimation: updateValueAndVelocity: mStartValue=1243.0, mEndValue=2160.0, mValue=2159.0771, mVelocity=21.461384, deltaT=8
10-08 03:42:45.545  3540  3540 I HWSpringAnimation: updateValueAndVelocity: mStartValue=1243.0, mEndValue=2160.0, mValue=2159.2534, mVelocity=17.77005, deltaT=9
10-08 03:42:45.545  3540  3540 I HWSpringAnimation: updateValueAndVelocity: isAtEquilibrium=true, EquilibriumValue=2160.0
10-08 03:42:45.546  1679  3517 W AGPService: NotifyAnimationState not handle animation, animation tag: LAUNCHER_SLIDE_ANIMATION
10-08 03:42:45.546  1391  1479 D FluencyDetector: End fluency detect: LAUNCHER_SLIDE_ANIMATION
10-08 03:42:45.547  3540  3540 E OpenGLRenderer: android_view_RenderNode_setLayerBlur ShortcutAndWidgetContainer, 0
10-08 03:42:45.547  3540  3540 E OpenGLRenderer: android_view_RenderNode_setLayerBlur ShortcutAndWidgetContainer, 0
10-08 03:42:45.547  3540  3540 E OpenGLRenderer: android_view_RenderNode_setLayerBlur ShortcutAndWidgetContainer, 0
10-08 03:42:45.547  3540  3540 E OpenGLRenderer: android_view_RenderNode_setLayerBlur ShortcutAndWidgetContainer, 0
10-08 03:42:45.547  3540  3540 E OpenGLRenderer: android_view_RenderNode_setLayerBlur ShortcutAndWidgetContainer, 0
10-08 03:42:45.547  3540  3540 D HnAppRec_14.1.0.14 IActionImpl: onPageEndMoving
10-08 03:42:45.581  1675  1689 W SAL     : [AR] version:2023021601, g_internalClk:1601000, acc:-168 370 868 958
10-08 03:42:45.581  1675  1689 W SAL     : [AR] errNum:16010, time_interval:0, interval_max_min:0 0, aAcc_max_min:1516 747, time_interval_inited:0
10-08 03:42:45.581  1675  1689 W SAL     : [AR][PED] mean ppv:16 36 107 105
10-08 03:42:45.581  1675  1689 I SAL     : [AR] enter 0,(0:un,1:veh,2:rid,3:run,4:walk)
10-08 03:42:45.582  1675  1689 I SAL     : [AR][vehToWalk] g_VehToWalkFlag:0, g_qWalkStartDetectFlag:0, g_StopVehicleCnt:0
10-08 03:42:45.582  1675  1689 I SAL     : [AR][main] clk:1601000, status:63, foot:0, transport:-1, vehicle stop:0, vehToWalk:0
10-08 03:42:45.582  1675  1689 I SAL     : [AR][main] relative still:1, elevator:0, moblivious:0, railStatus:0, steps:0
10-08 03:42:45.583  1675  1689 W SAL     : [AR] p[walk:7,run:0,ride:0,veh:1394,unk:9642]
10-08 03:42:45.583  1675  1689 W SAL     : [AR] score[walk:0,run:0,ride:0,veh:0,unk:96,stat:0]
10-08 03:42:45.603  1529  1529 I aptouch_daemon: print_log, touch:1, down:1 (+0)
10-08 03:42:45.604  1663  2843 D fingersense_manager: Calling fingersense_classify_touch()
10-08 03:42:45.605  1182  2594 I sensors-hal: input_event_handler:403, input event type = 4
10-08 03:42:45.605  1182  2594 I sensors-hal: input_event_handler:405, type=4 4 1000
10-08 03:42:45.605  1182  2594 I sensors-hal: input_event_handler:410, Fs_data req data flag
10-08 03:42:45.605  1182  2594 I sensors-hal: input_event_handler:403, input event type = 0
10-08 03:42:45.605  1182  2595 I sensors-hal: data_thread_func:298, Sending request to get fs_data
10-08 03:42:45.606  1182  2595 I sensors-hal: send_finger_enable_req:159, send_finger_enable_req: start, req flag = 1000
10-08 03:42:45.607  1182  2588 E sensors-hal: fs_conn_enevt_cb:373, fs_conn_enevt_cb: start
10-08 03:42:45.608  1182  2588 E sensors-hal: HandleFingerEvent:347, HandleFingerEvent: recv data = 936.000000, dataSize = 128
10-08 03:42:45.608  1182  2588 I sensors-hal: HandleFingerEvent:367, HandleFingerEvent finger data = 3744,3740,3744,3744,3740,3728,3728,3724,3720,3724,3724,3720,3724,3724,3720,3720,3724,3724,3724,3716,3716,3712,3708,3704,3712,3712,3712,3708,3704,3704,3700,3696,3700,3700,3696,3692,3696,3700,3708,3708,3704,3708,3712,3716,3720,3724,3720,3720,3728,3728,3720,3716,3724,3728,3724,3724,3720,3716,3708,3720,3720,3716,3716,3708,3708,3704,3704,3700,3692,3684,3672,3664,3656,3656,3648,3632,3628,3608,3600,3596,3584,3580,3580,3576,3568,3556,3544,3540,3540,3544,3532,3520,3516,3508,3504,3496,3484,3484,3468,3456,3448,3444,3432,3396,3356,3324,3280,3244,3212,3172,3140,3112,3096,3092,3088,3088,3088,3096,3116,3132,3144,3152,3160,3168,3180,3184,3188,3196,
10-08 03:42:45.608  1182  2588 I sensors-hal: HandleFingerEvent:368, HandleFingerEvent finger data2 = 
10-08 03:42:45.609  1182  2595 I sensors-hal: WaitForFingerDataReady:252, WaitForFingerDataReady:pthread_cond_timedwait is break.
10-08 03:42:45.609  1182  2595 I sensors-hal: data_thread_func:321, Sent data to fs module
10-08 03:42:45.609  1663  2843 I osfingersense: Acc read ok
10-08 03:42:45.609  1663  2843 I osfingersense: RawTouch: 0, 7471.000000, 5025.000000, 229.000000, 147.000000, 535.000000, -27.000000, 0.000000, 147.000000, 0
10-08 03:42:45.609  1663  2843 I osfingersense: Acc pack start 3744 3740 3744 3744 3740 3728 3728 3724 3720 3724 3724 3720 3724 3724 3720 3720 3724 3724 3724 3716 3716 3712 3708 3704 3712 3712 3712 3708 3704 3704 3700 3696 3700 3700 3696 3692 3696 3700 3708 3708 3704 3708 3712 3716 3720 3724 3720 3720 3728 3728 3720 3716 3724 3728 3724 3724 3720 3716 3708 3720 3720 3716 3716 3708 3708 3704 3704 3700 3692 3684 3672 3664 3656 3656 3648 3632 3628 3608 3600 3596 3584 3580 3580 3576 3568 3556 3544 3540 3540 3544 3532 3520 3516 3508 3504 3496 3484 3484 3468 3456 3448 3444 3432 3396 3356 3324 3280 3244 3212 3172 3140 3112 3096 3092 3088 3088 3088 3096 3116 3132 3144 3152 3160 3168 3180 3184 3188 3196 Acc pack end
10-08 03:42:45.609  1663  2843 I osfingersense: Cap pack start 13 -6 -1 -5 -2 -53 0 19 11 73 160 52 -57 0 39 76 590 1664 463 -2 0 61 109 834 2673 1754 76 0 53 58 278 1666 1967 183 0 14 22 80 337 548 140 0 37 1 4 115 159 65 0 Cap pack end
10-08 03:42:45.609  1663  2843 I osfingersense: touch down-id: 0
10-08 03:42:45.609  1663  2843 I osfingersense: fingersense_classify_touch: M F: 1015.643372
10-08 03:42:45.609  1663  2843 I osfingersense: fingersense_classify_touch: P M F: 496.193420
10-08 03:42:45.609  1663  2843 I osfingersense: fingersense_classify_touch: P: 535.000000
10-08 03:42:45.609  1663  2843 I osfingersense: fingersense_classify_touch: N A: 0.079268
10-08 03:42:45.609  1663  2843 I osfingersense: fingersense_classify_touch: N S: 0.008208
10-08 03:42:45.609  1663  2843 I osfingersense: fingersense_classify_touch: M U: 7312.312500
10-08 03:42:45.609  1663  2843 I osfingersense: fingersense_classify_touch: G: 44.000000
10-08 03:42:45.609  1663  2843 I osfingersense: fingersense_classify_touch: B--G
10-08 03:42:45.609  1663  2843 I osfingersense: fingersense_classify_touch: Part IV
10-08 03:42:45.609  1663  2843 I osfingersense: Part IV B
10-08 03:42:45.609  1663  2843 I osfingersense: fingersense_classify_touch: inference = 0
10-08 03:42:45.609  1663  2843 D fingersense_manager: fingersense_classify_touch() finished
10-08 03:42:45.610  1663  2843 I HwFingersSnapshooter: handleMotionEvent first finger(0) touch down at (933.875,628.125,0.0 , 0.0 , 0.0)
10-08 03:42:45.610  1679  3517 I AGPService: TOUCH RefreshRateActionHandle 1
10-08 03:42:45.610  1663  2842 I InputDispatcher: notifyBoostRefreshRate status: 0
10-08 03:42:45.610  1663  2842 I InputDispatcher: publishMotion chanel = 7093f50 com.hihonor.android.launcher/com.hihonor.android.launcher.unihome.UniHomeLauncher (server)  MotionEntry = MotionEvent
10-08 03:42:45.611  1391  1479 I SurfaceFlinger: notifyVrrBoost VRR 1 --- 0
10-08 03:42:45.611  1391  1479 I Scheduler: onVRRBoostEvent type: TOUCH status: ENTER
10-08 03:42:45.611  3540  3540 I HiTouch_PressGestureDetector: checkDoublePointerLimit:xPoss,yPoss:933,628
10-08 03:42:45.611  1663  2842 I InputDispatcher: publishMotion chanel = e99ac0a com.android.systemui.wallpapers.ImageWallpaper (server)  MotionEntry = MotionEvent
10-08 03:42:45.612  3540  3540 W HnLauncher: HnQuickSwitchTouchController is have drag end or gesture is up, return.
10-08 03:42:45.612  1663  2115 D HnGestureActionListener: not fingersense event
10-08 03:42:45.613  1391  1535 I Scheduler: touchTimerCallback timer change to TimerState: Reset
10-08 03:42:45.613  3540  3540 I RMS.HwSysResManager: preloadAppForLauncher packageName com.douban.book.reader preloadType 101
10-08 03:42:45.617  1277  1319 I vendor.honor.hardware.iawareperf@1.0-service: uniperf: PerfLockAcq() perfHandle = 2473
10-08 03:42:45.617  3388  3864 I PG_ash  : onInputHookEvent
10-08 03:42:45.619  1391  1551 E SurfaceFlinger: Failed to open wakeup node, error = No such file or directory
10-08 03:42:45.620  3540  3540 W HnLauncher: BubbleTextView  setTextViewColor mIsThemeSetTextColor return
10-08 03:42:45.621  3540  3540 W HnLauncher: BubbleTextView  setTextViewColor mIsThemeSetTextColor return
10-08 03:42:45.621  3540  3540 W HnLauncher: BubbleTextView  setTextViewColor mIsThemeSetTextColor return
10-08 03:42:45.621  3540  3540 W HnLauncher: BubbleTextView  setTextViewColor mIsThemeSetTextColor return
10-08 03:42:45.621  3540  3540 W HnLauncher: BubbleTextView  setTextViewColor mIsThemeSetTextColor return
10-08 03:42:45.622  3540  3540 W HnLauncher: BubbleTextView  setTextViewColor mIsThemeSetTextColor return
10-08 03:42:45.622  3540  3540 W HnLauncher: BubbleTextView  setTextViewColor mIsThemeSetTextColor return
10-08 03:42:45.622  3540  3540 W HnLauncher: BubbleTextView  setTextViewColor mIsThemeSetTextColor return
10-08 03:42:45.623  3540  3540 W HnLauncher: BubbleTextView  setTextViewColor mIsThemeSetTextColor return
10-08 03:42:45.623  3540  3540 W HnLauncher: BubbleTextView  setTextViewColor mIsThemeSetTextColor return
10-08 03:42:45.623  3540  3540 W HnLauncher: BubbleTextView  setTextViewColor mIsThemeSetTextColor return
10-08 03:42:45.624  3540  3540 W HnLauncher: BubbleTextView  setTextViewColor mIsThemeSetTextColor return
10-08 03:42:45.625  3540  3540 W HnLauncher: BubbleTextView  setTextViewColor mIsThemeSetTextColor return
10-08 03:42:45.625  3540  3540 W HnLauncher: BubbleTextView  setTextViewColor mIsThemeSetTextColor return
10-08 03:42:45.625  3540  3540 W HnLauncher: RightTopMarkUpdaterManager checkNotificationState: currentState is false PackageName ComponentInfo{com.baidu.searchbox/com.baidu.searchbox.SplashActivity} userId 0
10-08 03:42:45.626  3540  3540 W HnLauncher: BubbleTextView  setTextViewColor mIsThemeSetTextColor return
10-08 03:42:45.627  3540  3540 W HnLauncher: BubbleTextView  setTextViewColor mIsThemeSetTextColor return
10-08 03:42:45.627  3540  3540 W HnLauncher: BubbleTextView  setTextViewColor mIsThemeSetTextColor return
10-08 03:42:45.627  3540  3540 W HnLauncher: BubbleTextView  setTextViewColor mIsThemeSetTextColor return
10-08 03:42:45.628  3540  3540 W HnLauncher: BubbleTextView  setTextViewColor mIsThemeSetTextColor return
10-08 03:42:45.628  3540  3540 W HnLauncher: BubbleTextView  setTextViewColor mIsThemeSetTextColor return
10-08 03:42:45.629  3540  3540 W HnLauncher: BubbleTextView  setTextViewColor mIsThemeSetTextColor return
10-08 03:42:45.629  3540  3540 W HnLauncher: BubbleTextView  setTextViewColor mIsThemeSetTextColor return
10-08 03:42:45.629  3540  3540 W HnLauncher: RightTopMarkUpdaterManager checkNotificationState: currentState is false PackageName ComponentInfo{tv.danmaku.bili/tv.danmaku.bili.MainActivityV2} userId 0
10-08 03:42:45.629  3540  3540 W HnLauncher: BubbleTextView  setTextViewColor mIsThemeSetTextColor return
10-08 03:42:45.629  1663  1663 E AppOps  : attributionTag  not declared in manifest of android
10-08 03:42:45.629  3540  3540 W HnLauncher: BubbleTextView  setTextViewColor mIsThemeSetTextColor return
10-08 03:42:45.629  3540  3540 W HnLauncher: BubbleTextView  setTextViewColor mIsThemeSetTextColor return
10-08 03:42:45.630  1663  1663 I NetLinkManager: getPriorityAppState, slaveIccid is null, start timer
10-08 03:42:45.630  3540  3540 W HnLauncher: BubbleTextView  setTextViewColor mIsThemeSetTextColor return
10-08 03:42:45.630  3540  3540 W HnLauncher: BubbleTextView  setTextViewColor mIsThemeSetTextColor return
10-08 03:42:45.631  1277 29635 I vendor.honor.hardware.iawareperf@1.0-service: uniperf: GetEventHandle new cmdHandle!!! cmdId = 4402.
10-08 03:42:45.631  3540  3540 E OpenGLRenderer: android_view_RenderNode_setLayerBlur ShortcutAndWidgetContainer, 1
10-08 03:42:45.631  3540  3540 E OpenGLRenderer: android_view_RenderNode_setLayerBlur ShortcutAndWidgetContainer, 1
10-08 03:42:45.631  3540  3540 E OpenGLRenderer: android_view_RenderNode_setLayerBlur ShortcutAndWidgetContainer, 1
10-08 03:42:45.631  3540  3540 E OpenGLRenderer: android_view_RenderNode_setLayerBlur ShortcutAndWidgetContainer, 1
10-08 03:42:45.631  3540  3540 E OpenGLRenderer: android_view_RenderNode_setLayerBlur ShortcutAndWidgetContainer, 1
10-08 03:42:45.631  1277 29635 I vendor.honor.hardware.iawareperf@1.0-service: uniperf: DoEventCacheHandle cache new cmdHandle!!! cmdId = 4402.
10-08 03:42:45.631  3540  3540 D HnAppRec_14.1.0.14 IActionImpl: onPageBeginMoving
10-08 03:42:45.631  1277 29635 I vendor.honor.hardware.iawareperf@1.0-service: uniperf: PerfLockAcq() perfHandle = 2475
10-08 03:42:45.632  3540  3540 W HnLauncher: BubbleTextView  setTextViewColor mIsThemeSetTextColor return
10-08 03:42:45.636  3540  3540 W HiTouch_PressGestureDetector: [HiTouch Stop]checkDoublePointerMove:pointerId:0,pointerIndex:0 is move:xDiff,yDiff:32,16
10-08 03:42:45.637  3540  3540 W HnLauncher: BubbleTextView  setTextViewColor mIsThemeSetTextColor return
10-08 03:42:45.650  1324 27829 I SDM     : DRMAtomicReq::Commit: Wait untill the earliest present time
10-08 03:42:45.694  1529  1529 I aptouch_daemon: print_log, touch:0, down:0 
10-08 03:42:45.694  1663  2843 I HwFingersSnapshooter: handleMotionEvent last finger(0) up.
10-08 03:42:45.694  1679  3517 I AGPService: TOUCH RefreshRateActionHandle 0
10-08 03:42:45.694  1663  2843 I HwFingersSnapshooter[GestureCollectionMotion]: reset mIsCollectionFinished:true, mIsMoreCollectionsFinished:true, isNeedUpdate:false, mCollectionService:null, mMoreCollectionsService:null
10-08 03:42:45.696  3540  3540 W HiTouch_PressGestureDetector: action:Up,touchSlop:24,interrupted:true
10-08 03:42:45.696  1663  2115 I Android : fling speed velocityY: 4958
10-08 03:42:45.698  1391  1924 E Parcel  : Reading a NULL string not supported here.
10-08 03:42:45.698  1391  1924 D FluencyDetector: Begin fluency detect: LAUNCHER_SLIDE_ANIMATION
10-08 03:42:45.698  3540  3540 D HnAppRec_14.1.0.14 ICardOperateImpl: getJsCardsInPage
10-08 03:42:45.699  1679  3517 W AGPService: NotifyAnimationState not handle animation, animation tag: LAUNCHER_SLIDE_ANIMATION
10-08 03:42:45.702  3540  3540 I HWSpringAnimation: updateValueAndVelocity: mStartValue=2598.0, mEndValue=3240.0, mValue=2711.1895, mVelocity=6627.1157, deltaT=16
10-08 03:42:45.711  3540  3540 I HWSpringAnimation: updateValueAndVelocity: mStartValue=2598.0, mEndValue=3240.0, mValue=2762.3574, mVelocity=6163.9443, deltaT=8
10-08 03:42:45.719  3540  3540 I HWSpringAnimation: updateValueAndVelocity: mStartValue=2598.0, mEndValue=3240.0, mValue=2815.4841, mVelocity=5643.0537, deltaT=9
10-08 03:42:45.727  3540  3540 I HWSpringAnimation: updateValueAndVelocity: mStartValue=2598.0, mEndValue=3240.0, mValue=2858.806, mVelocity=5189.5264, deltaT=8
10-08 03:42:45.736  3540  3540 I HWSpringAnimation: updateValueAndVelocity: mStartValue=2598.0, mEndValue=3240.0, mValue=2898.5576, mVelocity=4751.331, deltaT=8
10-08 03:42:45.744  3540  3540 I HWSpringAnimation: updateValueAndVelocity: mStartValue=2598.0, mEndValue=3240.0, mValue=2939.187, mVelocity=4281.999, deltaT=9
10-08 03:42:45.752  3540  3540 I HWSpringAnimation: updateValueAndVelocity: mStartValue=2598.0, mEndValue=3240.0, mValue=2971.855, mVelocity=3888.9536, deltaT=8
10-08 03:42:45.760  3540  3540 I HWSpringAnimation: updateValueAndVelocity: mStartValue=2598.0, mEndValue=3240.0, mValue=3001.4758, mVelocity=3520.3845, deltaT=8
10-08 03:42:45.769  3540  3540 I HWSpringAnimation: updateValueAndVelocity: mStartValue=2598.0, mEndValue=3240.0, mValue=3031.4053, mVelocity=3135.9697, deltaT=9
10-08 03:42:45.777  3540  3540 I HWSpringAnimation: updateValueAndVelocity: mStartValue=2598.0, mEndValue=3240.0, mValue=3055.2173, mVelocity=2821.253, deltaT=8
10-08 03:42:45.781  1287  2834 I ssc_motion: HandleMotionEvent: motion=7, motionValue[0]=1, motionCntValue[0]=16, motionValue[1]=0
10-08 03:42:45.781  1287  2834 I ssc_motion: MotionDfxSupport: motion_dfx type_7 acc_x = -177, acc_y = 447, acc_z = 800
10-08 03:42:45.782  1287  2834 I ssc_motion: EventCb: end
10-08 03:42:45.782  1287  1287 I motion@1.0-service: pollMotionResult g_pollResultReturn = 2
10-08 03:42:45.782  1663  2837 I system_server: HWExtMotionService Motioncallback ret_cb:2 , motion_cb:7 , length_cb:2
10-08 03:42:45.782  1663  2837 I system_server: HWExtMotionService valueSize:2 
10-08 03:42:45.782  1663  2837 D system_server: HWExtDeviceService getActiveConnections 
10-08 03:42:45.782  1663  2837 D system_server: HWExtDeviceService connSize:1 
10-08 03:42:45.782  1663  2837 D system_server: ALOGD: HWExtDeviceManager::notifyDeviceData  type: 700 
10-08 03:42:45.782  1663  2837 D system_server: HWExtDeviceManager::notifyDeviceData handleEvent uniqueId : 70001
10-08 03:42:45.782  1663  2115 I HWExtDeviceManager: trigger onDeviceDataChanged : mListener : com.android.server.policy.HWExtMotionRotationProcessorEx$1@7a7fa1a,type : 700
10-08 03:42:45.782  1663  2115 I HWEMRP  : onDeviceDataChanged proposedRotation:0
10-08 03:42:45.782  1663  2115 I HWEMRP  : onDeviceDataChanged oldProposedRotation:-1
10-08 03:42:45.782  1663  2115 I HWEMRP  : notifyProposedRotation: 0
10-08 03:42:45.782  1287  2836 D motion@1.0-service: g_motionPollResultReady::unlock out
10-08 03:42:45.782  1287  2836 I motion@1.0-service: ActMotionCb motionClientVector.size = 0
10-08 03:42:45.782  1287  2836 I motion@1.0-service: ActMotionCb out
10-08 03:42:45.782  1663  2115 I HWMW_HwMagicWinAmsPolicy: ### Execute -> updateSensorRotation, rotation: 0
10-08 03:42:45.782  1663  2115 W HWMW_HwMagicWinAmsPolicy: updateSensorRotation return, container: null
10-08 03:42:45.786  3540  3540 I HWSpringAnimation: updateValueAndVelocity: mStartValue=2598.0, mEndValue=3240.0, mValue=3076.6118, mVelocity=2531.516, deltaT=8
10-08 03:42:45.794  3540  3540 I HWSpringAnimation: updateValueAndVelocity: mStartValue=2598.0, mEndValue=3240.0, mValue=3098.0361, mVelocity=2234.4485, deltaT=9
10-08 03:42:45.802  3540  3540 I HWSpringAnimation: updateValueAndVelocity: mStartValue=2598.0, mEndValue=3240.0, mValue=3114.9387, mVelocity=1994.9133, deltaT=8
10-08 03:42:45.810  3540  3540 I HWSpringAnimation: updateValueAndVelocity: mStartValue=2598.0, mEndValue=3240.0, mValue=3130.0132, mVelocity=1777.1927, deltaT=8
10-08 03:42:45.813  3388  5768 I .hihonor.iaware: Explicit concurrent copying GC freed 110122(3888KB) AllocSpace objects, 3(68KB) LOS objects, 50% free, 5980KB/11MB, paused 53us,45us total 25.801ms, cpu time 25.774ms, interval 129.894s, background
10-08 03:42:45.819  3540  3540 I HWSpringAnimation: updateValueAndVelocity: mStartValue=2598.0, mEndValue=3240.0, mValue=3143.4285, mVelocity=1579.9634, deltaT=8
10-08 03:42:45.827  3540  3540 I HWSpringAnimation: updateValueAndVelocity: mStartValue=2598.0, mEndValue=3240.0, mValue=3156.7349, mVelocity=1380.8573, deltaT=9
10-08 03:42:45.835  3540  3540 I HWSpringAnimation: updateValueAndVelocity: mStartValue=2598.0, mEndValue=3240.0, mValue=3167.1372, mVelocity=1222.5797, deltaT=8
10-08 03:42:45.844  3540  3540 I HWSpringAnimation: updateValueAndVelocity: mStartValue=2598.0, mEndValue=3240.0, mValue=3177.4111, mVelocity=1063.7815, deltaT=9
10-08 03:42:45.852  3540  3540 I HWSpringAnimation: updateValueAndVelocity: mStartValue=2598.0, mEndValue=3240.0, mValue=3185.4102, mVelocity=938.2756, deltaT=8
10-08 03:42:45.860  3540  3540 I HWSpringAnimation: updateValueAndVelocity: mStartValue=2598.0, mEndValue=3240.0, mValue=3192.4595, mVelocity=826.16705, deltaT=8
10-08 03:42:45.869  3540  3540 I HWSpringAnimation: updateValueAndVelocity: mStartValue=2598.0, mEndValue=3240.0, mValue=3198.6614, mVelocity=726.24493, deltaT=8
10-08 03:42:45.877  3540  3540 I HWSpringAnimation: updateValueAndVelocity: mStartValue=2598.0, mEndValue=3240.0, mValue=3204.741, mVelocity=626.9846, deltaT=9
10-08 03:42:45.885  3540  3540 I HWSpringAnimation: updateValueAndVelocity: mStartValue=2598.0, mEndValue=3240.0, mValue=3209.4397, mVelocity=549.27167, deltaT=8
10-08 03:42:45.893  3540  3540 I HWSpringAnimation: updateValueAndVelocity: mStartValue=2598.0, mEndValue=3240.0, mValue=3213.553, mVelocity=480.43738, deltaT=8
10-08 03:42:45.902  3540  3540 I HWSpringAnimation: updateValueAndVelocity: mStartValue=2598.0, mEndValue=3240.0, mValue=3217.564, mVelocity=412.4902, deltaT=9
10-08 03:42:45.910  3540  3540 I HWSpringAnimation: updateValueAndVelocity: mStartValue=2598.0, mEndValue=3240.0, mValue=3220.648, mVelocity=359.61774, deltaT=8
10-08 03:42:45.919  1663  2578 D LightSensorEventListener: lux298
10-08 03:42:45.919  1679  3517 I AGPService: ExternalEventCode 80015 value 298
10-08 03:42:45.919  1679  3517 I AGPService: lux 298
10-08 03:42:45.919  3540  3540 I HWSpringAnimation: updateValueAndVelocity: mStartValue=2598.0, mEndValue=3240.0, mValue=3223.645, mVelocity=307.63135, deltaT=9
10-08 03:42:45.920  1679  3517 W ServiceManagerCppClient: Failed to get isDeclared for vendor.honor.hardware.hwdisplay.IDisplay/default: Status(-1, EX_SECURITY): 'SELinux denied.'
10-08 03:42:45.920  1679  3517 E AGPService: Display Service AIDL nullptr
10-08 03:42:45.920  1679  3517 E AGPService: DisplayFreqClient: [GetCurrentLightValueByAidl]: GetDisplayService failed
10-08 03:42:45.920  1679  3517 E AGPService: fopen failed: Permission denied
10-08 03:42:45.920  1679  3517 I AGPService: current light value : -1
