10-08 03:42:47.395  1663  2742 I TransitionController: first create transition: TransitionRecord{866ce42 id=-1 type=OPEN flags=0x0}, caller: com.android.server.wm.ActivityStarter.executeRequest:1736 com.android.server.wm.HwActivityStarter.executeRequest:339 com.android.server.wm.ActivityStarter.execute:972 com.android.server.wm.HwActivityStarter.execute:575 com.android.server.wm.ActivityTaskManagerService.startActivityAsUser:1554 
10-08 03:42:47.395  1663  2819 D HwActivityManagerServiceEx: getPackageNameForPid callingAppId: 1000
10-08 03:42:47.395  1663  2742 W HWMW_HwMagicActivityStarter: overrideIntentFlagForHwMagicWin return, next or container is null
10-08 03:42:47.395  1663  2742 I HWMW_HwMagicWinAmsPolicy: overrideIntentFlagForHwMagicWin result: Bundle[{}]
10-08 03:42:47.395  1663  2742 D ActivityTaskManager: TaskLaunchParamsModifier:task=null activity=ActivityRecord{7de6390 u0 com.example.videoframeapp/.MainActivity display-area-from-source=DefaultTaskDisplayArea@57828841 display-id=0 task-display-area-windowing-mode=1 suggested-display-area=DefaultTaskDisplayArea@57828841
10-08 03:42:47.395  1663  2742 I ActivityStarter: shouldShowFreeformWindow realCallingPackage =com.hihonor.android.launcher isRes= true rotation= 0 orientation = -1 isPortarait = false sourceRecord = ActivityRecord{f8b5e24 u0 com.hihonor.android.launcher/.unihome.UniHomeLauncher t5 mVisible=true mOccludesParent=true mode=fullscreen boundsRect(0, 0 - 1080, 2400)} isMagicWin = false isForceRotation = false r.packageName = com.example.videoframeapp isAE= false sourceLaunchedFromPackage= null isInBlackList= false r.info = ActivityInfo{d3ad924 com.example.videoframeapp.MainActivity}
10-08 03:42:47.396  1663  2742 D ActivityTaskManager: TaskLaunchParamsModifier:task=null activity=ActivityRecord{7de6390 u0 com.example.videoframeapp/.MainActivity t-1 mVisible=false mOccludesParent=true mode=undefined boundsRect(0, 0 - 0, 0)} display-area-from-source=DefaultTaskDisplayArea@57828841 display-id=0 task-display-area-windowing-mode=1 suggested-display-area=DefaultTaskDisplayArea@57828841 inherit-from-source=fullscreen non-freeform-task-display-area display-area=DefaultTaskDisplayArea@57828841 default-portrait freeform-size-mismatch=Rect(288, 705 - 792, 1785)
10-08 03:42:47.396  1663  2742 I HwActivityTaskManagerServiceEx: isAppIsImportingData AMS return -> isCloningAppCloning=false
10-08 03:42:47.396  1663  6075 I SWAP_KernelInterface: addToProcs:com.example.videoframeapp pid:8488
10-08 03:42:47.397  1663  6075 E SWAP_KernelInterface: writeDevMemcg::writeDevMemcg_ERROR:/dev/memcg/apps/com.example.videoframeapp/cgroup.procs content:8488, ex:java.io.FileNotFoundException: /dev/memcg/apps/com.example.videoframeapp/cgroup.procs: open failed: ENOENT (No such file or directory)
10-08 03:42:47.391  8488  8488 W re-initialized>: type=1400 audit(0.0:22065): avc:  granted  { execute } for  path="/data/data/com.example.videoframeapp/code_cache/startup_agents/5b4f70e9-agent.so" dev="dm-21" ino=2220803 scontext=u:r:untrusted_app:s0:c58,c256,c512,c768 tcontext=u:object_r:app_data_file:s0:c58,c256,c512,c768 tclass=file
10-08 03:42:47.397  1663  2742 I HwTaskEx: isSupportPkgAdjustMinWidth mActivityRecord = null
10-08 03:42:47.397  1391  3076 I SurfaceFlinger: createLayer layername: Task=19181 type: Layer address = 0xb4000072c7edf030
10-08 03:42:47.397  1663  2819 D HwActivityManagerServiceEx: notifyAppToTop pid:8488, enable:1
10-08 03:42:47.398  8488  8488 V studio.deploy: Startup agent attached to VM
10-08 03:42:47.398  8488  8488 V studio.deploy: No existing instrumentation found. Loading instrumentation from instruments-25d868d4.jar
10-08 03:42:47.398  1663  2819 D HwActivityManagerServiceEx: notifyAppToTop pid:3540, enable:0
10-08 03:42:47.398  1663  2742 I SurfaceControl: SurfaceControl 0xb400006ff049f170 Task=19181#3975
10-08 03:42:47.398  1663  6075 I SWAP_SCENE: Entering appColdCheck cold! Mkdir. appName:com.example.videoframeapp
10-08 03:42:47.399  1663  2742 D HwTaskEx: updateHwPCMultiCastOverrideConfiguration
10-08 03:42:47.399  1663  2742 W HwActivityTaskManagerServiceEx: setResumedActivityUncheckLocked start call, from: ActivityRecord{7d84080 u0 com.example.videoframeapp/.MainActivity t-1 f} mVisible=false mOccludesParent=true mode=fullscreen boundsRect(0, 0 - 1080, 2400)}, to: ActivityRecord{f8b5e24 u0 com.hihonor.android.launcher/.unihome.UniHomeLauncher t5 mVisible=true mOccludesParent=true mode=fullscreen boundsRect(0, 0 - 1080, 2400)}
10-08 03:42:47.400  1663  2742 W HwActivityTaskManagerServiceEx: appSwitch from: com.example.videoframeapp to: com.hihonor.android.launcher
10-08 03:42:47.400  1686  2998 I dubaid  : [DisplayHandler.cpp] OnAppFocusChangedMessage# App focus switch from com.example.videoframeapp to com.hihonor.android.launcher
10-08 03:42:47.401  3540  6027 W HnLauncher: ExitAppAnimationMananger getAnimationInfoMyself, mAnimationInfo = AnimationInfo{mCellX=667, mCellY=1191, mInfo={ShortcutInfo: title: VideoFrameApp, component: ComponentInfo{com.example.videoframeapp/com.example.videoframeapp.MainActivity}}, mShortcut={ShortcutInfo: title: VideoFrameApp, component: ComponentInfo{com.example.videoframeapp/com.example.videoframeapp.MainActivity}}, mView=com.hihonor.android.launcher.BubbleTextView{570820e VFED..CL. ...P..ID 540,1023-794,1324 #9c0a0203}, BubbleTextView: {ShortcutInfo: title: VideoFrameApp, component: ComponentInfo{com.example.videoframeapp/com.example.videoframeapp.MainActivity}}}
10-08 03:42:47.401  1324 27829 I SDM     : DRMAtomicReq::Commit: Wait untill the earliest present time
10-08 03:42:47.401  1737  1746 I AwareLog: SetThreadToVipGroup:: iawared vipgroup set pid[8488] Success!
10-08 03:42:47.401  1663  2742 I ActivityTaskManager: start activity to=com.example.videoframeapp
10-08 03:42:47.402  1663  2742 I HwTaskEx: setStartActivityRecord mActivityRecord = com.example.videoframeapp
10-08 03:42:47.402  8488  8488 W e.videoframeapp: DexFile /data/data/com.example.videoframeapp/code_cache/.studio/instruments-25d868d4.jar is in boot class path but is not in a known location
10-08 03:42:47.403  1663  2742 D ActivityTaskManager: TaskLaunchParamsModifier:task=Task{7178c8e #19181 type=standard A=10058:com.example.videoframeapp} activity=ActivityRecord{7de6390 u0 com.example.videoframeapp/.MainActivity t-1 mVisible=false mOccludesParent=true mode=undefined boundsRect(0, 0 - 0, 0)} display-area-from-source=DefaultTaskDisplayArea@57828841 display-id=0 task-display-area-windowing-mode=1 suggested-display-area=DefaultTaskDisplayArea@57828841 inherit-from-source=fullscreen non-freeform-task-display-area display-area=DefaultTaskDisplayArea@57828841 default-portrait freeform-size-mismatch=Rect(288, 705 - 792, 1785)
10-08 03:42:47.403  8488  8502 I HwActivityThreadImpl: mSocketName: 7da579bf-2074-4009-b219-54d3fc624a37
10-08 03:42:47.404  1663  2742 I WMTransition: ReadyTracker addGroup Display{#0 state=ON size=1080x2400 ROTATION_0}
10-08 03:42:47.403  3388  3864 I ScenarioService: app focus change from: com.example.videoframeapp to:com.hihonor.android.launcher
10-08 03:42:47.404  1663  4043 I HwWindowManagerServiceEx: set app win exit info, bundle = Bundle[{isLandscape=false, launcherPkgName=com.hihonor.android.launcher, iconWidth=188, pivotX=667.0, pivotY=1191.0, iconHeight=188, flag=0, targetPackageName=com.example.videoframeapp}], iconBitmap = android.graphics.Bitmap@4ee28bc
10-08 03:42:47.404  3388  3864 I ScenarioService: add focus on app:com.hihonor.android.launcher to visiblePkgs
10-08 03:42:47.404  1663  4043 D HwWindowManagerServiceEx: set app cache info,  packname = com.example.videoframeapp
10-08 03:42:47.404  1663  4043 D HwWindowManagerServiceEx: set app win icon info, bundle = Bundle[{isLandscape=false, launcherPkgName=com.hihonor.android.launcher, iconWidth=188, pivotX=667.0, pivotY=1191.0, iconHeight=188, flag=0, targetPackageName=com.example.videoframeapp}], iconBitmap = android.graphics.Bitmap@4ee28bcmExitPivotX =667.0mExitPivotY =1191.0mExitIconWidth =188mExitIconHeight =188mExitFlag =0callingUid10092
10-08 03:42:47.404  1663  2742 I WindowManager: addWindowToken: displayid:0 binder:Token{738d045 ActivityRecord{7de6390 u0 com.example.videoframeapp/.MainActivity t-1 mVisible=false mOccludesParent=true mode=undefined boundsRect(0, 0 - 0, 0)}} token:ActivityRecord{7de6390 u0 com.example.videoframeapp/.MainActivity t-1 mVisible=false mOccludesParent=true mode=undefined boundsRect(0, 0 - 0, 0)}
10-08 03:42:47.404  1663  2742 D ActivityTaskManager: setEnterOrExitFullScreenVideo isEnterOrExitFullScreenVideo = false
10-08 03:42:47.404  8488  8502 I HwActivityThreadImpl: initPreloadedSocked end mPreloadStatus 2
10-08 03:42:47.405  1663  2742 D CompatibilityChangeReporter: Compat change id reported: 184838306; UID 10058; state: DISABLED
10-08 03:42:47.405  8488  8488 V studio.deploy: Applying transforms with cached classes
10-08 03:42:47.405  1663  2742 D CompatibilityChangeReporter: Compat change id reported: 185004937; UID 10058; state: DISABLED
10-08 03:42:47.405  1663  2742 D HwWindowManagerServiceEx: recompute display mode
10-08 03:42:47.406  1391  3076 I SurfaceFlinger: createLayer layername: ActivityRecord{7de6390 u0 com.example.videoframeapp/.MainActivity t19181 mVisible=false mOccludesParent=true mode=fullscreen boundsRect(0, 0 - 1080, 2400)} type: Layer address = 0xb4000072c7ed11f0
10-08 03:42:47.407  1663  2742 I SurfaceControl: SurfaceControl 0xb400006ff04d0250 ActivityRecord{7de6390 u0 com.example.videoframeapp/.MainActivity t19181 mVisible=false mOccludesParent=true mode=fullscreen boundsRect(0, 0 - 1080, 2400)}#3976
10-08 03:42:47.407  8488  8507 I HwActivityThreadImpl: before connect app.socketName:7da579bf-2074-4009-b219-54d3fc624a37
10-08 03:42:47.407  1663  2742 D HwTaskEx: updateHwPCMultiCastOverrideConfiguration
10-08 03:42:47.408  1663  2742 D CompatibilityChangeReporter: Compat change id reported: 197654537; UID 10058; state: ENABLED
10-08 03:42:47.409  1663  2742 D HnBehaviorCollectManager: offer Behavior : com.hihonor.android.launcher bid 101
10-08 03:42:47.409  1663  2742 I ActivityTaskManager: HWMW_startActivityInner POLICY_UPDATE_INTENT mSourceRecord ActivityRecord{f8b5e24 u0 com.hihonor.android.launcher/.unihome.UniHomeLauncher t5 mVisible=true mOccludesParent=true mode=fullscreen boundsRect(0, 0 - 1080, 2400)}
10-08 03:42:47.409  1663  2742 I ActivityTaskManager:  topFocused ActivityRecord{f8b5e24 u0 com.hihonor.android.launcher/.unihome.UniHomeLauncher t5 mVisible=true mOccludesParent=true mode=fullscreen boundsRect(0, 0 - 1080, 2400)}
10-08 03:42:47.409  1663  2742 I ActivityTaskManager:  mStartActivity ActivityRecord{7de6390 u0 com.example.videoframeapp/.MainActivity t19181 mVisible=false mOccludesParent=true mode=fullscreen boundsRect(0, 0 - 1080, 2400)}
10-08 03:42:47.409  1663  2742 I HWMW_HwMagicWinAmsPolicy: ### Execute -> overrideIntentForHwMagicWin, focusToken: Token{56f5b42 ActivityRecord{f8b5e24 u0 com.hihonor.android.launcher/.unihome.UniHomeLauncher t5 mVisible=true mOccludesParent=true mode=fullscreen boundsRect(0, 0 - 1080, 2400)}}, reusedToken: null, isNewTask: true, topFocused: ActivityRecord{f8b5e24 u0 com.hihonor.android.launcher/.unihome.UniHomeLauncher t5 mVisible=true mOccludesParent=true mode=fullscreen boundsRect(0, 0 - 1080, 2400)}, next: ActivityRecord{7de6390 u0 com.example.videoframeapp/.MainActivity t19181 mVisible=false mOccludesParent=true mode=fullscreen boundsRect(0, 0 - 1080, 2400)}, options: ActivityOptions(218358682), mPackageName=null, mAnimationType=13, mStartX=0, mStartY=0, mWidth=0, mHeight=0, mLaunchDisplayId=-1
10-08 03:42:47.409  1663  2742 W HWMW_HwMagicActivityStarter: overrideIntentForHwMagicWin return, container or next is null
10-08 03:42:47.409  1663  2742 I HWMW_HwMagicWinAmsPolicy: overrideIntentForHwMagicWin result: Bundle[{}]
10-08 03:42:47.409  1663  2742 I ActivityTaskManager: task snapshot clear window but ForceRotateState is true!
10-08 03:42:47.410  1663  2742 D CompatibilityChangeReporter: Compat change id reported: 205907456; UID 10058; state: ENABLED
10-08 03:42:47.410  1663  2742 D HwActivityRecordEx: setMainActivityTheme, mInitSplashTheme is 2131755637mInitresolvedTheme is 2131755637
10-08 03:42:47.410  1663  2742 D HwActivityRecordEx: changeSplashThemeIfNeeded, enableChangeSplashTheme=true, mTargetSdk=36, isNeededMainSplash=false, useLegacy=false, resolvedTheme=2131755637, resultTheme=2131755637
10-08 03:42:47.410  1663  2742 D TaskOrganizerController: addStartingWindow contains googlepatch
10-08 03:42:47.410  3388 15448 I PGServer: android calls fast HApps
10-08 03:42:47.410  3388 15448 I AppFastHibernation: fast H duration: 3000 reason: start activity
10-08 03:42:47.410  3388 15448 I AppFastHibernation: call fast hibernation app: 
10-08 03:42:47.410  3388 15448 I AppFastHibernation:     AppInfo {Uid:1000 Pkg:com.android.settings Pids:[3141]}
10-08 03:42:47.410  3388 15448 I AppFastHibernation:     AppInfo {Uid:12801000 Pkg:com.android.settings Pids:[30188]}
10-08 03:42:47.410  1663  2742 I HwActivityTaskManagerServiceEx: [snapshot cache] activity = ActivityRecord{7de6390 u0 com.example.videoframeapp/.MainActivity t19181 mVisible=false mOccludesParent=true mode=fullscreen boundsRect(0, 0 - 1080, 2400)} can not find SnapshotCache.
10-08 03:42:47.410  3388 15448 I AppFastHibernation:     AppInfo {Uid:10175 Pkg:com.autonavi.minimap Pids:[29725, 19093, 18930]}
10-08 03:42:47.410  3388 15448 I AppFastHibernation:     AppInfo {Uid:10143 Pkg:com.hihonor.aipluginengine Pids:[17580, 17516]}
10-08 03:42:47.410  3388 15448 I AppFastHibernation:     AppInfo {Uid:10252 Pkg:com.hihonor.appmarket Pids:[13531]}
10-08 03:42:47.410  3388 15448 I AppFastHibernation:     AppInfo {Uid:10160 Pkg:com.hihonor.koBackup Pids:[30399]}
10-08 03:42:47.410  3388 15448 I AppFastHibernation:     AppInfo {Uid:10062 Pkg:com.hihonor.mms Pids:[12943]}
10-08 03:42:47.410  3388 15448 I AppFastHibernation:     AppInfo {Uid:10044 Pkg:com.hihonor.notepad Pids:[9350]}
10-08 03:42:47.410  3388 15448 I AppFastHibernation:     AppInfo {Uid:10146 Pkg:com.hihonor.photos Pids:[23427, 21909, 21747]}
10-08 03:42:47.410  3388 15448 I AppFastHibernation:     AppInfo {Uid:10235 Pkg:com.hihonor.search Pids:[25643]}
10-08 03:42:47.410  3388 15448 I AppFastHibernation:     AppInfo {Uid:10065 Pkg:com.hihonor.servicecenter Pids:[18817]}
10-08 03:42:47.410  3388 15448 I AppFastHibernation:     AppInfo {Uid:10046 Pkg:com.hihonor.videoeditor Pids:[17489]}
10-08 03:42:47.410  3388 15448 I AppFastHibernation:     AppInfo {Uid:10208 Pkg:com.netease.cloudmusic Pids:[26397, 11074, 10731]}
10-08 03:42:47.410  3388 15448 I AppFastHibernation:     AppInfo {Uid:10267 Pkg:com.sina.weibo Pids:[32703]}
10-08 03:42:47.410  3388 15448 I AppFastHibernation:     AppInfo {Uid:10194 Pkg:com.tencent.mm Pids:[21344, 21328]}
10-08 03:42:47.410  3388 15448 I AppFastHibernation: fastHibernation: the pkg: com.hihonor.appmarket keep alive not F_Z
10-08 03:42:47.410  8488  8488 W e.videoframeapp: Redefining intrinsic method java.lang.Thread java.lang.Thread.currentThread(). This may cause the unexpected use of the original definition of java.lang.Thread java.lang.Thread.currentThread()in methods that have already been compiled.
10-08 03:42:47.410  8488  8488 W e.videoframeapp: Redefining intrinsic method boolean java.lang.Thread.interrupted(). This may cause the unexpected use of the original definition of boolean java.lang.Thread.interrupted()in methods that have already been compiled.
10-08 03:42:47.411  1663  2742 I PowerManagerService: wakeLock.mDisabled:false, mDeviceIdleMode:false, mProcState:0
10-08 03:42:47.411  8488  8488 I studio.deploy: Registering DispatchJNI
10-08 03:42:47.411  8488  8488 I studio.deploy: Found com/android/tools/deploy/interpreter/JNI
10-08 03:42:47.411  1663  2742 I PowerManagerService: need acquire WakeLockSuspendBlocker
10-08 03:42:47.412  1663  2742 I PowerManagerService: Acquiring suspend blocker "PowerManagerService.WakeLocks".
10-08 03:42:47.411  3388  5101 I AppFastHibernation: fast hibernate app: 
10-08 03:42:47.412   724  2981 I android.system.suspend-service: incSuspendCounter++ success,name:PowerManagerService.WakeLocks mUseSuspendCounter:1 mSuspendCounter:2: Success
10-08 03:42:47.412  3122  3211 I ShellStartingWindow: start add StartingWindow
10-08 03:42:47.412  3388  5101 I AppFastHibernation:     AppInfo {Uid:1000 Pkg:com.android.settings Pids:[3141]}
10-08 03:42:47.412  3388  5101 I AppFastHibernation:     AppInfo {Uid:12801000 Pkg:com.android.settings Pids:[30188]}
10-08 03:42:47.412  3388  5101 I AppFastHibernation:     AppInfo {Uid:10175 Pkg:com.autonavi.minimap Pids:[29725, 19093, 18930]}
10-08 03:42:47.412  3388  5101 I AppFastHibernation:     AppInfo {Uid:10143 Pkg:com.hihonor.aipluginengine Pids:[17580, 17516]}
10-08 03:42:47.412  3388  5101 I AppFastHibernation:     AppInfo {Uid:10160 Pkg:com.hihonor.koBackup Pids:[30399]}
10-08 03:42:47.412  3388  5101 I AppFastHibernation:     AppInfo {Uid:10062 Pkg:com.hihonor.mms Pids:[12943]}
10-08 03:42:47.412  3388  5101 I AppFastHibernation:     AppInfo {Uid:10044 Pkg:com.hihonor.notepad Pids:[9350]}
10-08 03:42:47.412  3388  5101 I AppFastHibernation:     AppInfo {Uid:10146 Pkg:com.hihonor.photos Pids:[23427, 21909, 21747]}
10-08 03:42:47.412  3388  5101 I AppFastHibernation:     AppInfo {Uid:10235 Pkg:com.hihonor.search Pids:[25643]}
10-08 03:42:47.412  3388  5101 I AppFastHibernation:     AppInfo {Uid:10065 Pkg:com.hihonor.servicecenter Pids:[18817]}
10-08 03:42:47.412  3388  5101 I AppFastHibernation:     AppInfo {Uid:10046 Pkg:com.hihonor.videoeditor Pids:[17489]}
10-08 03:42:47.412  3388  5101 I AppFastHibernation:     AppInfo {Uid:10208 Pkg:com.netease.cloudmusic Pids:[26397, 11074, 10731]}
10-08 03:42:47.412  3388  5101 I AppFastHibernation:     AppInfo {Uid:10267 Pkg:com.sina.weibo Pids:[32703]}
10-08 03:42:47.412  3388  5101 I AppFastHibernation:     AppInfo {Uid:10194 Pkg:com.tencent.mm Pids:[21344, 21328]}
10-08 03:42:47.412  3388  5101 I AppFastHibernation: fast F_Z process uid: 1000 pkg: com.android.settings pids: [3141]
10-08 03:42:47.413  1663  2742 I power   : acquire wakelock: PowerManagerService.WakeLocks
10-08 03:42:47.413  3122  3224 I ShellStartingWindow: legacyDrawable: null ,finalType: 1
10-08 03:42:47.413  3122  3224 I ShellStartingWindow:  getFromCache,hash: 604303874 ,packageName: com.example.videoframeapp ,result: ffffffff ,configHash: -1194883453 ,windowBgColor: 0 ,windowBgResId: 2131034175
10-08 03:42:47.414  1663  2742 I TransitionController: setReady wc: Task{8de3d8d #5 type=home A=10092:com.hihonor.android.launcher} com.android.server.wm.TaskFragment.startPausing:2109 com.android.server.wm.TaskFragment.startPausing:1950 com.android.server.wm.TaskDisplayArea.lambda$pauseBackTasks$5:1709 com.android.server.wm.TaskDisplayArea.$r8$lambda$5ms_QJXsreXlQlgSW9ZnP7EFk3U:0 com.android.server.wm.TaskDisplayArea$$ExternalSyntheticLambda6.accept:0 com.android.server.wm.TaskFragment.forAllLeafTaskFragments:2334 com.android.server.wm.TaskDisplayArea.lambda$pauseBackTasks$7:1705 com.android.server.wm.TaskDisplayArea.$r8$lambda$kUMVNgVCc5YkjfojxYMlkyxrL6w:0 com.android.server.wm.TaskDisplayArea$$ExternalSyntheticLambda4.accept:0 com.android.server.wm.Task.forAllLeafTasks:4337 com.android.server.wm.Task.forAllLeafTasks:4325 com.android.server.wm.WindowContainer.forAllLeafTasks:2236 com.android.server.wm.TaskDisplayArea.pauseBackTasks:1689 com.android.server.wm.TaskFragment.resumeTopActivity:1450 com.android.server.wm.Task.resumeTopActivityInnerLocked:6837 
10-08 03:42:47.414  8488  8488 D CompatibilityChangeReporter: Compat change id reported: 171979766; UID 10058; state: ENABLED
10-08 03:42:47.415  8488  8488 D CompatibilityChangeReporter: Compat change id reported: 242716250; UID 10058; state: ENABLED
10-08 03:42:47.415  3388  5101 I AppFastHibernation: fast F_Z process uid: 12801000 pkg: com.android.settings pids: [30188]
10-08 03:42:47.416  3388  5101 I AppFastHibernation: fast F_Z process uid: 10175 pkg: com.autonavi.minimap pids: [29725, 19093, 18930]
10-08 03:42:47.416  3388  5101 I AppFastHibernation: fast F_Z process uid: 10143 pkg: com.hihonor.aipluginengine pids: [17580, 17516]
10-08 03:42:47.416  3388  5101 I AppFastHibernation: fast F_Z process uid: 10160 pkg: com.hihonor.koBackup pids: [30399]
10-08 03:42:47.416  3388  5101 I AppFastHibernation: fast F_Z process uid: 10062 pkg: com.hihonor.mms pids: [12943]
10-08 03:42:47.416  3388  5101 I AppFastHibernation: fast F_Z process uid: 10044 pkg: com.hihonor.notepad pids: [9350]
10-08 03:42:47.416  3388  5101 I AppFastHibernation: fast F_Z process uid: 10146 pkg: com.hihonor.photos pids: [23427, 21909, 21747]
10-08 03:42:47.416  3388  5101 I AppFastHibernation: fast F_Z process uid: 10235 pkg: com.hihonor.search pids: [25643]
10-08 03:42:47.416  3388  5101 I AppFastHibernation: fast F_Z process uid: 10065 pkg: com.hihonor.servicecenter pids: [18817]
10-08 03:42:47.416  3388  5101 I AppFastHibernation: fast F_Z process uid: 10046 pkg: com.hihonor.videoeditor pids: [17489]
10-08 03:42:47.416  3388  5101 I AppFastHibernation: fast F_Z process uid: 10208 pkg: com.netease.cloudmusic pids: [26397, 11074, 10731]
10-08 03:42:47.416  3388  5101 I AppFastHibernation: fast F_Z process uid: 10267 pkg: com.sina.weibo pids: [32703]
10-08 03:42:47.416  3388  5101 I AppFastHibernation: fast F_Z process uid: 10194 pkg: com.tencent.mm pids: [21344, 21328]
10-08 03:42:47.416  3388  5101 I AppFastHibernation: fast F_Z more process size:22
10-08 03:42:47.416  1737 13532 I Pged-IPgedBinderService: ****action is 1, pid num is 23***
10-08 03:42:47.416  1737 13532 I Pged-Freezer: freezePids
10-08 03:42:47.416  8488  8488 I Typeface: setSystemFontMap SharedMemory
10-08 03:42:47.417  1663  2742 D CompatibilityChangeReporter: Compat change id reported: 194833441; UID 10058; state: ENABLED
10-08 03:42:47.417  1737 13532 I Pged-CGroup: attach pid ok, pid: 3141, path: Group_0210707552
10-08 03:42:47.417  1663  2742 I ActivityTaskManager:  (BAL_ALLOW_ALLOWLISTED_COMPONENT) result code=0
10-08 03:42:47.417  1663  2742 I ActivityTaskManager: preloadStatus=2,set processRunning = false
10-08 03:42:47.418  3122  3211 I WindowManagerShell: Transition requested: android.os.BinderProxy@949b87b RemoteTransition { remoteTransition = android.window.IRemoteTransition$Stub$Proxy@4bb3698, appThread = android.app.IApplicationThread$Stub$Proxy@fe8bef1, debugName = null }
10-08 03:42:47.418  3122  3211 V WindowManagerShell: RemoteTransition directly requested for android.os.BinderProxy@949b87b: RemoteTransition { remoteTransition = android.window.IRemoteTransition$Stub$Proxy@4bb3698, appThread = android.app.IApplicationThread$Stub$Proxy@fe8bef1, debugName = null }
10-08 03:42:47.418  1737 13532 I Pged-CGroup: attach pid ok, pid: 30188, path: Group_2081350457
10-08 03:42:47.419  1737 13532 I Pged-CGroup: attach pid ok, pid: 29725, path: Group_2189899123
10-08 03:42:47.419  3540  4360 I HiView.HiEvent: Flatten done:990201056
10-08 03:42:47.419  3540  3540 W HnLauncher: YOYORecAnimatorManager not recommend app
10-08 03:42:47.419  3540  4360 I hievent_jni: Write to dev len:151
10-08 03:42:47.419  3540  4360 I hievent_jni: hievent_writer_write finish
10-08 03:42:47.419  3540  4360 I HiView.HiEvent: Flatten done:990201045
10-08 03:42:47.419  3540  4360 I hievent_jni: Write to dev len:249
10-08 03:42:47.419  1737 13532 I Pged-CGroup: attach pid ok, pid: 19093, path: Group_0371700111
10-08 03:42:47.420  1737 13532 I Pged-CGroup: attach pid ok, pid: 18930, path: Group_2812784176
10-08 03:42:47.420  3540  3540 D RtgSchedIpcFile: setCommandByIoctl failed ret:-1, cmdid:21, errno:101
10-08 03:42:47.421  3540  3540 D RtgSchedIpcFile: setCommandByIoctl failed ret:-1, cmdid:20, errno:101
10-08 03:42:47.421  3540  3540 W HnLauncher: BubbleTextView  setTextViewColor mIsThemeSetTextColor return
10-08 03:42:47.421  1737 13532 I Pged-CGroup: attach pid ok, pid: 17580, path: Group_2183765654
10-08 03:42:47.421  8488  8488 I Typeface: setSystemFontMap Typaface
10-08 03:42:47.421  1663  4043 D HwWindowStateEx: construct win com.android.server.wm.HwWindowStateEx@81b2bc1,comp ComponentInfo{com.example.videoframeapp/com.example.videoframeapp.MainActivity},mLayoutInCutoutLandscape false
10-08 03:42:47.421  3540  4360 I hievent_jni: hievent_writer_write finish
10-08 03:42:47.422  1663  4043 W HWMW_OrientationPolicy: checkMagicOrientation return, ar: ActivityRecord{7de6390 u0 com.example.videoframeapp/.MainActivity t19181 mVisible=false mOccludesParent=true mode=fullscreen boundsRect(0, 0 - 1080, 2400)}, container: null
10-08 03:42:47.422  1737 13532 I Pged-CGroup: attach pid ok, pid: 17516, path: Group_0457528104
10-08 03:42:47.422  1663  4043 V WindowManager: Attaching Window{32c9f66 u0 Splash Screen com.example.videoframeapp} token=ActivityRecord{7de6390 u0 com.example.videoframeapp/.MainActivity t19181 mVisible=false mOccludesParent=true mode=fullscreen boundsRect(0, 0 - 1080, 2400)}
10-08 03:42:47.422  1663  4043 W HWMW_OrientationPolicy: checkMagicOrientation return, ar: ActivityRecord{7de6390 u0 com.example.videoframeapp/.MainActivity t19181 mVisible=false mOccludesParent=true mode=fullscreen boundsRect(0, 0 - 1080, 2400)}, container: null
10-08 03:42:47.422  1663  4854 E WindowManager: Process Permission error! uid:10058
10-08 03:42:47.422  1737 13532 I Pged-CGroup: attach pid ok, pid: 30399, path: Group_0225742874
10-08 03:42:47.422  1663  4043 D ActivityTaskManager: setStartwindowAdvanceLabel = true
10-08 03:42:47.422  1663  4043 I WindowManager: change mSyncState to ready for advance startingWindow
10-08 03:42:47.422  3540  3540 W HnLauncher: BubbleTextView  setTextViewColor mIsThemeSetTextColor return
10-08 03:42:47.422  1663  4854 E WindowManager: check permission error, current package is com.example.videoframeapp , it is not systemApp, callers is com.hihonor.android.view.IHwWindowManager$Stub.onTransact:1188 android.os.Binder.execTransactInternal:1366 android.os.Binder.execTransact:1310 <bottom of call stack> <bottom of call stack> <bottom of call stack> <bottom of call stack> <bottom of call stack> <bottom of call stack> <bottom of call stack> 
10-08 03:42:47.423  1391  3076 I SurfaceFlinger: createLayer layername: 32c9f66 Splash Screen com.example.videoframeapp type: Layer address = 0xb4000072c7eb1de0
10-08 03:42:47.423  1737 13532 I Pged-CGroup: attach pid ok, pid: 12943, path: Group_0524324930
10-08 03:42:47.423  3540  3540 W HnLauncher: RightTopMarkUpdaterManager checkNotificationState: currentState is false PackageName ComponentInfo{com.baidu.searchbox/com.baidu.searchbox.SplashActivity} userId 0
10-08 03:42:47.424  1663  4043 I SurfaceControl: SurfaceControl 0xb400006ff04dd990 32c9f66 Splash Screen com.example.videoframeapp#3977
10-08 03:42:47.424  1737 13532 I Pged-CGroup: attach pid ok, pid: 9350, path: Group_0210665638
10-08 03:42:47.424  1663  4854 I HwWindowManagerServiceEx: set app win exit info, bundle = Bundle[{launcherPkgName=com.hihonor.android.launcher, iconWidth=188, pivotX=667.0, pivotY=1191.0, iconHeight=188, flag=0, type=open, targetPackageName=com.example.videoframeapp}], iconBitmap = android.graphics.Bitmap@398d354
10-08 03:42:47.424  1663  4854 D HwWindowManagerServiceEx: set app cache info,  packname = com.example.videoframeapp
10-08 03:42:47.424  1663  4854 D HwWindowManagerServiceEx: set app win icon info, bundle = Bundle[{launcherPkgName=com.hihonor.android.launcher, iconWidth=188, pivotX=667.0, pivotY=1191.0, iconHeight=188, flag=0, type=open, targetPackageName=com.example.videoframeapp}], iconBitmap = android.graphics.Bitmap@398d354mExitPivotX =667.0mExitPivotY =1191.0mExitIconWidth =188mExitIconHeight =188mExitFlag =0callingUid10092
10-08 03:42:47.424  1737 13532 I Pged-CGroup: attach pid ok, pid: 23427, path: Group_3598830617
10-08 03:42:47.425  1663  2195 I HwPhoneWindowManager: currentFullScreenTaskPackageNamecom.example.videoframeapp
10-08 03:42:47.425  3122  3223 D InputEventReceiver: dispatchInputInterval 1000000
10-08 03:42:47.425  1737 13532 I Pged-CGroup: attach pid ok, pid: 21909, path: Group_3426151145
10-08 03:42:47.425  1663  2195 I WifiEnhanceMonitor: notifyForegroundAppChanged
10-08 03:42:47.425  1663  2195 I ScanSceneMonitor: cacheForegroundApkName: com.hihonor.android.launcher
10-08 03:42:47.425  3540  3540 W HnLauncher: BubbleTextView  setTextViewColor mIsThemeSetTextColor return
10-08 03:42:47.426  1737 13532 I Pged-CGroup: attach pid ok, pid: 21747, path: Group_1810366981
10-08 03:42:47.426  3355  4689 I {AssistantService-13.1.1.300}_AssistantApkNotifier: registerHwActivityNotifier call fromPackage:com.example.videoframeapp, toPackage:com.hihonor.android.launcher
10-08 03:42:47.426  3897  7757 I HiAdKit.DC.PersistentMessageCenter:  notifyMessage com.huawei.hwid_app_switch_from_to_intent
10-08 03:42:47.426  3355 12996 D {AssistantService-13.1.1.300}_AssistantApkNotifier: handleMessage app switch fromPackage:com.example.videoframeapp, toPackage:com.hihonor.android.launcher
10-08 03:42:47.427  3122  3264 D OpenGLRenderer: disableOutlineDraw is true
10-08 03:42:47.427  1737 13532 I Pged-CGroup: attach pid ok, pid: 25643, path: Group_2333003054
10-08 03:42:47.426 26575 26588 E HnCollectCenter: ActivityLifecycleListener:=>mAppSwitchNotifierEx
10-08 03:42:47.427 26575 26588 E HnCollectCenter: ActivityLifecycleListener:=>mAppSwitchNotifierEx: from name is not current package
10-08 03:42:47.427  1737 13532 I Pged-CGroup: attach pid ok, pid: 18817, path: Group_0466869132
10-08 03:42:47.428  1737 13532 I Pged-CGroup: attach pid ok, pid: 17489, path: Group_0332222966
10-08 03:42:47.429  1324 27829 I SDM     : DRMAtomicReq::Commit: Wait untill the earliest present time
10-08 03:42:47.429  3540  3540 W HnLauncher: BubbleTextView  setTextViewColor mIsThemeSetTextColor return
10-08 03:42:47.429  3122  3122 E NotificationShadeWindowController: applyWindowBlur: 0.0
10-08 03:42:47.429  3122  3122 E NotificationShadeWindowController: SurfaceControl Not Released.
10-08 03:42:47.429  3122  3122 E NotificationShadeWindowController: applyVisibility: false, false, mNotificationShadeView.alpha=1.0, forceHideForBiometricsUnlock=false
10-08 03:42:47.429  3122  3122 D NotificationShadeWindowView: setVisibility =  4
10-08 03:42:47.429  3540  3540 W HnLauncher: RightTopMarkUpdaterManager checkNotificationState: currentState is false PackageName ComponentInfo{tv.danmaku.bili/tv.danmaku.bili.MainActivityV2} userId 0
10-08 03:42:47.429  3540  3540 W HnLauncher: BubbleTextView  setTextViewColor mIsThemeSetTextColor return
10-08 03:42:47.425  1663  2195 I SWAP_SCENE: Entering notifySceneData notifySceneData. EventType:APP_SWITCH_TO para:com.hihonor.android.launcher
10-08 03:42:47.430  3540  3540 W HnLauncher: BubbleTextView  setTextViewColor mIsThemeSetTextColor return
10-08 03:42:47.430  1737 13532 I Pged-CGroup: attach pid ok, pid: 26397, path: Group_0863522219
10-08 03:42:47.430  1663  2195 I SWAP_SCENE: Entering notifySceneData notifySceneData. EventType:APP_SWITCH_FROM para:com.example.videoframeapp
10-08 03:42:47.430  1663  5947 D SWAP_BufferProc: handle launcher start, close zswapd
10-08 03:42:47.430  1663  5947 D SWAP_BufferProc: closeZswapd now.
10-08 03:42:47.431  3540  3540 I HwViewRootImpl: removeInvalidNode all the node in jank list is out of time
10-08 03:42:47.431  1663  6075 I SWAP_AppScore: adjustSwapRatio:pkg:com.example.videoframeapp
10-08 03:42:47.431  1663  6075 I SWAP_AppScore: getSwapRatioForFrequentUseApp + pkgName:com.example.videoframeapp swapRatio:0
10-08 03:42:47.431  1663  6075 I SWAP_AppScore: adjustSwapRatio:frequentUseAppMap:swapratio0 pkgName:com.example.videoframeapp
10-08 03:42:47.431  1663  6075 I SWAP_AppScore: ParaConfig have no swapIndex parameters
10-08 03:42:47.431  3540  3540 I RmeSchedManager: init Rme, version is: v1.0
10-08 03:42:47.431  1663  6075 I SWAP_AppScore: final ratio info: pkgName:com.example.videoframeapp, reclaime ratio:60, swap ratio:0
10-08 03:42:47.431  3540  3540 D RtgSched: resetRtgSchedHandle failed enable:0
10-08 03:42:47.431  1663  6075 I SWAP_AppScore: setScoreAndRatioLive::pkgName:com.example.videoframeapp score:300 write r-Ratio:60 s-Ratio: 0 refault:50
10-08 03:42:47.431  3540  3540 W HnLauncher: RotationHelper hideAdjacentScreen, launcher is not transposed. RotationMode = com.hihonor.android.launcher.graphics.RotationMode$1{9fa74f0 surfaceRotation = 0.0,isTransposed = false}
10-08 03:42:47.431 10099 20248 W AWARENESS_AmsRegister: app switch from : com.example.videoframeapp to com.hihonor.android.launcher as ComponentInfo{com.hihonor.android.launcher/com.hihonor.android.launcher.unihome.UniHomeLauncher} taskId : 5  label:callingPackage:com.hihonor.android.launcherlaunchMode:101processUid:0
10-08 03:42:47.431 10099 20248 I AWARENESS_MemoryGCAbility: now is launcher
10-08 03:42:47.432  3540  3540 I HnAppRec_14.1.0.14 YOYOCardManager: onActivityPaused UniHomeLauncher
10-08 03:42:47.432  1737 13532 I Pged-CGroup: attach pid ok, pid: 11074, path: Group_3871063469
10-08 03:42:47.432  1663  6075 I HiView.HiEvent: Flatten done:990028995
10-08 03:42:47.432  1663  6075 I hievent_jni: Write to dev len:79
10-08 03:42:47.432  1663  6075 I hievent_jni: hievent_writer_write finish
10-08 03:42:47.432  3540  3540 W HnLauncher: SetShortcutPopWindowHelper removePopup, popupContainerWithArrow is null
10-08 03:42:47.432  3540  3540 W HnLauncher: SetShortcutPopWindowHelper removePopup, popupContainerWithArrow is null
10-08 03:42:47.432  1737 13532 I Pged-CGroup: attach pid ok, pid: 10731, path: Group_0893961631
10-08 03:42:47.432  1663  6075 I AdvancedKiller: BG com.example.videoframeapp
10-08 03:42:47.432  1663  2117 I UsageStatsService: reportEvent : component= ComponentInfo{com.hihonor.android.launcher/com.hihonor.android.launcher.unihome.UniHomeLauncher} eventType= 2
10-08 03:42:47.433  8488  8503 I ActivityThread: Init compatible state: true
10-08 03:42:47.433  1663  3613 I ActivityTaskManager: Making visible and scheduling visibility: ActivityRecord{7de6390 u0 com.example.videoframeapp/.MainActivity t19181 mVisible=false mOccludesParent=true mode=fullscreen boundsRect(0, 0 - 1080, 2400)}
10-08 03:42:47.433  3122  3122 D OverviewProxyService: keyguardShowing: false keyguardOccluded: false keyguardGoingAway: false bouncerShowing: false isDozing: false
10-08 03:42:47.433  3122  3122 D SysUiState: SysUiState changed: old=268566528 new=268566528
10-08 03:42:47.433  1663  3613 W HWMW_OrientationPolicy: checkMagicOrientation return, ar: ActivityRecord{7de6390 u0 com.example.videoframeapp/.MainActivity t19181 mVisible=false mOccludesParent=true mode=fullscreen boundsRect(0, 0 - 1080, 2400)}, container: null
10-08 03:42:47.433  1663  3613 D ActivityTaskManager: setStartwindowAdvanceLabel = true
10-08 03:42:47.433  1663  3613 I ActivityTaskManager: ActivityRecord set appTransition ready advance
10-08 03:42:47.434  1737  1746 I AwareLog: SetThreadToVipGroup:: iawared vipgroup set pid[3122] Success!
10-08 03:42:47.434 10099 20248 I AWARENESS_AppLifeCycleAbility: app exit : com.example.videoframeapp act : ComponentInfo{placeHolder/placeHolder} taskId : 19180
10-08 03:42:47.434 10099 20248 I AWARENESS_AppLifeCycleAbility: begin publishAppExitData
10-08 03:42:47.434  1379  1436 D AudioPolicyService: getUidState(10069) cacheIter->second.first, return cacheIter->second.second(0)
10-08 03:42:47.434  1693 12576 I FileCollectExecutor: FileCollectExecutor select3 8
10-08 03:42:47.434  1693 12576 I FileCollectExecutor: FileCollectExecutor select1 8
10-08 03:42:47.434  3540  4296 D BrainClient: BrainClient: call disconnect, caller is com.hihonor.android.launcher
10-08 03:42:47.434 10099 11384 I AWARENESS_RecentAppAbility: callingPackage:com.hihonor.android.launcher to:com.hihonor.android.launcher launchMode:101 uid :0
10-08 03:42:47.434  3540  4296 W BrainClient: BrainClient: Brain service is not connecting with the current process in disconnect
10-08 03:42:47.434  1737  1746 I AwareLog: SetThreadToVipGroup:: iawared vipgroup set pid[3264] Success!
10-08 03:42:47.434  3540  4296 D BrainClient: BrainClient: call connect, caller is com.hihonor.android.launcher
10-08 03:42:47.434  1391  1391 I Layer   : [setLayer] [32c9f66 Splash Screen com.example.videoframeapp#3977] setlayer z = 2147483647
10-08 03:42:47.434  1663  3613 W HWMW_OrientationPolicy: checkMagicOrientation return, ar: ActivityRecord{7de6390 u0 com.example.videoframeapp/.MainActivity t19181 mVisible=false mOccludesParent=true mode=fullscreen boundsRect(0, 0 - 1080, 2400)}, container: null
10-08 03:42:47.434  1663  3613 W HWMW_OrientationPolicy: checkMagicOrientation return, ar: ActivityRecord{7de6390 u0 com.example.videoframeapp/.MainActivity t19181 mVisible=false mOccludesParent=true mode=fullscreen boundsRect(0, 0 - 1080, 2400)}, container: null
10-08 03:42:47.434  1737  1746 I AwareLog: SetThreadToVipGroup:: iawared vipgroup set pid[3928] Success!
10-08 03:42:47.434 10099 11384 I AWARENESS_RecentAppAbility: insertRecentList activeTime : 80, getAliveTime = 0
10-08 03:42:47.434  1737  1746 I AwareLog: SetThreadToVipGroup:: iawared vipgroup set pid[3927] Success!
10-08 03:42:47.434  1663  3613 W HWMW_OrientationPolicy: checkMagicOrientation return, ar: ActivityRecord{7de6390 u0 com.example.videoframeapp/.MainActivity t19181 mVisible=false mOccludesParent=true mode=fullscreen boundsRect(0, 0 - 1080, 2400)}, container: null
10-08 03:42:47.434 10099 11384 I AWARENESS_RecentAppAbility: insertRecentList startFrom 101, appRecoList after is [SimpleRecentAppData{packageName='com.hihonor.photos0', openTime=1728329720, aliveTime=15}, SimpleRecentAppData{packageName='com.example.videoframeapp0', openTime=1728328844, aliveTime=221}, SimpleRecentAppData{packageName='com.hihonor.android.launcher0', openTime=1728330167, aliveTime=0}], hyperHoldList after is [SimpleRecentAppData{packageName='com.example.videoframeapp0', openTime=1728330087, aliveTime=80}, SimpleRecentAppData{packageName='com.hihonor.android.launcher0', openTime=1728329735, aliveTime=65}, SimpleRecentAppData{packageName='com.hihonor.photos0', openTime=1728329720, aliveTime=15}, SimpleRecentAppData{packageName='com.android.settings0', openTime=1728328745, aliveTime=16}, SimpleRecentAppData{packageName='com.hihonor.android.launcher0', openTime=1728330167, aliveTime=0}]
10-08 03:42:47.434  1663  3613 W HWMW_OrientationPolicy: checkMagicOrientation return, ar: ActivityRecord{7de6390 u0 com.example.videoframeapp/.MainActivity t19181 mVisible=false mOccludesParent=true mode=fullscreen boundsRect(0, 0 - 1080, 2400)}, container: null
10-08 03:42:47.435 10099 20248 I AWARENESS_AppLifeCycleAbility: app enter : com.hihonor.android.launcher act : ComponentInfo{com.hihonor.android.launcher/com.hihonor.android.launcher.unihome.UniHomeLauncher} taskId : 5
10-08 03:42:47.435 10099 20248 I AWARENESS_AppLifeCycleAbility: begin publishAppEnterData
10-08 03:42:47.435  1663  3613 W HWMW_OrientationPolicy: checkMagicOrientation return, ar: ActivityRecord{7de6390 u0 com.example.videoframeapp/.MainActivity t19181 mVisible=false mOccludesParent=true mode=fullscreen boundsRect(0, 0 - 1080, 2400)}, container: null
10-08 03:42:47.435 10099 20248 W AWARENESS_AppLifeCycleAbility: BlackMap is empty
10-08 03:42:47.435  1663  3613 D ActivityTaskManager: setStartwindowAdvanceLabel = true
10-08 03:42:47.435  1663  3613 I ActivityTaskManager: ActivityRecord set appTransition ready advance
10-08 03:42:47.435 10099 22782 I AWARENESS_SystemUtil: isSupportNewSubscribeInterfaces labLingType = 1001001
10-08 03:42:47.435 10099 20248 I AWARENESS_AppGeneralCollectAbility: saveAppDataToDb app exit
10-08 03:42:47.435  1737  1746 I AwareLog: SetThreadToVipGroup:: iawared vipgroup set pid[5162] Success!
10-08 03:42:47.435 10099 22782 W AWARENESS_TimedAppFence: contained in blackList, ignore subscribe
10-08 03:42:47.435 10099 20248 E AWARENESS_AppGeneralCollectAbility: contained in black list : com.hihonor.android.launcher
10-08 03:42:47.435 10099 20248 I AWARENESS_LocationHelperAbility: app exit toApp: com.hihonor.android.launcher
10-08 03:42:47.435  1391  1391 I BpBinder: onLastStrongRef automatically unlinking death recipients: 
10-08 03:42:47.435 10099 22421 I AWARENESS_SystemUtil: isSupportNewSubscribeInterfaces labLingType = 1001001
10-08 03:42:47.435 10099 22782 E AWARENESS_FenceManager: sendTriggerMsg action : com.hihonor.brain.action.BIND_AWARENESS_START, packageName : com.hihonor.brain, awarenessFence : AwarenessFence{key='DikernelAsm_CommuteOnDutyTrig_AppLifeCycleFence_onDutyAppLifeId_NONE', type='AppLifeCycleFence}
10-08 03:42:47.435  1737  1746 I AwareLog: SetThreadToVipGroup:: iawared vipgroup set pid[3223] Success!
10-08 03:42:47.436 10099 11173 E AWARENESS_FenceManager: triggerByMessager isConnected : false
10-08 03:42:47.436  1663  3613 W HwActivityTaskManagerServiceEx: appSwitch from: com.hihonor.android.launcher to: com.example.videoframeapp
10-08 03:42:47.437  1663  3613 I SurfaceControl: setRelativeLayer sc:Surface(name=ImeContainer)/@0x330eb88,  relativeTo:Surface(name=ActivityRecord{f8b5e24 u0 com.hihonor.android.launcher/.unihome.UniHomeLauncher t5 mVisible=false mOccludesParent=true mode=fullscreen boundsRect(0, 0 - 1080, 2400)})/@0x8a2b5aa,  z:1
10-08 03:42:47.437  8488  8488 I ResourcesManager: applyConfigurationToResources: smallestScreenWidthDp = 360mMaxBounds = Rect(0, 0 - 1080, 2400)
10-08 03:42:47.437  1663  3613 I WindowManager: Changing focus from Window{7093f50 u0 com.hihonor.android.launcher/com.hihonor.android.launcher.unihome.UniHomeLauncher} to null mode 0 displayId=0
10-08 03:42:47.437  1663  3613 I HwDisplayContentEx: currentFocus windowstate null
10-08 03:42:47.438  1663  3613 I ZrHung.AppEyeFocusWindow: NFW check null
10-08 03:42:47.438  1663  3613 D ZrHung.AppEyeFocusWindow: FocusWindowErrorScene CheckFreezeScreen
10-08 03:42:47.438  1663  2456 I NotificationService: pag com.hihonor.brain dosen't have notification permission
10-08 03:42:47.438  1693 12575 I FileCollectExecutor: FileCollectExecutor select3 7
10-08 03:42:47.438  1693 12575 I FileCollectExecutor: FileCollectExecutor select1 7
10-08 03:42:47.438  1663  2943 W HwAudioServiceEx: SoundEffectState bundle get reserved is invalid
10-08 03:42:47.438  1663  2943 I HwAudioServiceEx: sendAppKilledIntentForKit, isKitPackageOnPause = false, isKitPackageKill = false, isKitPackageOnResume = false
10-08 03:42:47.438  3355  3373 I Booster_AwareMonitor: [activityLifeNotifier]state:onPause pid:3540 uid:10092 ComponentInfo{com.hihonor.android.launcher/com.hihonor.android.launcher.unihome.UniHomeLauncher}
10-08 03:42:47.438  1663  3613 W HWMW_OrientationPolicy: checkMagicOrientation return, ar: ActivityRecord{7de6390 u0 com.example.videoframeapp/.MainActivity t19181 mVisible=false mOccludesParent=true mode=fullscreen boundsRect(0, 0 - 1080, 2400)}, container: null
10-08 03:42:47.438  1663  2195 I DE J DES: [effect] MEMC do nothing
10-08 03:42:47.438  1663  3613 D ActivityTaskManager: setStartwindowAdvanceLabel = true
10-08 03:42:47.438  1663  3613 I ActivityTaskManager: ActivityRecord set appTransition ready advance
10-08 03:42:47.438  3355  3371 I Hicom_Monitor: mAppSwitchNotifierEx, uid = 10092, packageName = com.hihonor.android.launcher, classNamecom.hihonor.android.launcher.unihome.UniHomeLauncher
10-08 03:42:47.439  3355  4689 I EventManagerService: app switch now pkg: com.hihonor.android.launcher now uid:10092
10-08 03:42:47.439  1663  3613 I HwMultiWindowManager: The SurfaceControl.setColorMgrInfo() interface has been deleted, please refer to SR000G5CKR description for details
10-08 03:42:47.439 10099 11173 E AWARENESS_FenceManager: triggerByMessager bindService action : com.hihonor.brain.action.BIND_AWARENESS_START, packageName : com.hihonor.brain
10-08 03:42:47.439  1663  3613 D HwWindowManagerServiceEx: recompute display mode
10-08 03:42:47.439  1737  1746 D AwareLog: iawared:HotFileRecg Set Hot File Recg Pause mode=1 enable=0
10-08 03:42:47.439  1663  3611 W HWMW_OrientationPolicy: checkMagicOrientation return, ar: ActivityRecord{7de6390 u0 com.example.videoframeapp/.MainActivity t19181 mVisible=false mOccludesParent=true mode=fullscreen boundsRect(0, 0 - 1080, 2400)}, container: null
10-08 03:42:47.439  1663  3613 D HwWindowManagerServiceEx: recompute display mode
10-08 03:42:47.439  3355  3836 I EventManagerService: current video is null
10-08 03:42:47.439  1663  2205 D HwGameAssistantController: UPDATE: mCurFgPkg=com.hihonor.android.launcher, mCurFgPid=3540, mIsCurGame=false
10-08 03:42:47.439  1663  2743 D CompatibilityChangeReporter: Compat change id reported: 170503758; UID 10058; state: ENABLED
10-08 03:42:47.439  1663  2114 I HwAftPolicyService: Focus Change to null in middle state, ignore!
10-08 03:42:47.439  3778  6223 I iconnect:NearbyDeviceDetect: onDevSceneChanged:2
10-08 03:42:47.440  3778 13411 I iconnect:NearbyDeviceDetect: nearbyDetectHandleMessage 2
10-08 03:42:47.440  3778 13411 I iconnect:NearbyDeviceDetect: isSpecialAppDisappear: false
10-08 03:42:47.440  3778 13411 I iconnect:BluetoothApi: adapter status 12
10-08 03:42:47.440  3778 13411 I iconnect:NearbyDeviceDetect: isPropEnable=true, isBluetoothEnabled=true, isScreenOn=true, isNotSpecialAppOnTop=true, scanCondition=0
10-08 03:42:47.440  3355  3371 I Hicom_Monitor: notifyForegroundAppChanged: pkg:com.hihonor.android.launcher
10-08 03:42:47.440  3778 13411 I iconnect:NearbyDeviceDetect: onStateChange, do nothing
10-08 03:42:47.440 10099 22421 E AWARENESS_FenceManager: sendTriggerMsg action : com.hihonor.brain.action.BIND_AWARENESS_START, packageName : com.hihonor.brain, awarenessFence : AwarenessFence{key='FlightTravelBusinessAssembler_FlightLauncherFenceRegTrigger_AppLifeCycleFence_enter_launcherfence', type='AppLifeCycleFence}
10-08 03:42:47.440 10099 22421 I AWARENESS_LocationHelperAbility: addQureyQueue
10-08 03:42:47.441 10099 22427 I AWARENESS_IntelliSwitchUtil: user experience switch is %dtrue
10-08 03:42:47.441  1391  1483 I SurfaceControl: SurfaceControl 0xb4000071e7d064d0 ActivityRecord{f8b5e24 u0 com.hihonor.android.launcher/.unihome.UniHomeLauncher t5 mVisible=false mOccludesParent=true mode=fullscreen boundsRect(0, 0 - 1080, 2400)}#81
10-08 03:42:47.441 10099 22782 I AWARENESS_PageContentIdentifyAbility: newActivity : com.hihonor.android.launcher.unihome.UniHomeLauncher, newPkgName: com.hihonor.android.launcher, label:
10-08 03:42:47.441 10099 22782 I AWARENESS_PageContentIdentifyAbility: needRemovedFeatureIds size: 0
10-08 03:42:47.441  1379  1436 D AudioPolicyService: getUidState(10079) cacheIter->second.first, return cacheIter->second.second(19)
10-08 03:42:47.442  1737 13532 I Pged-CGroup: attach pid ok, pid: 32703, path: Group_4130911958
10-08 03:42:47.442  1679  3517 I AGPService: Iris-info: get config of com.hihonor.android.launcher
10-08 03:42:47.442  1391  1391 I Layer   : [setRelativeLayer] [ImeContainer#12] setRelativeLayer z = 1, relativeZ = 1
10-08 03:42:47.442  1391  1391 I Layer   : [setLayer] [32c9f66 Splash Screen com.example.videoframeapp#3977] setlayer z = 2147483647
10-08 03:42:47.443  1391  1391 I SurfaceControl: ~SurfaceControl 0xb4000071e7d064d0 ActivityRecord{f8b5e24 u0 com.hihonor.android.launcher/.unihome.UniHomeLauncher t5 mVisible=false mOccludesParent=true mode=fullscreen boundsRect(0, 0 - 1080, 2400)}#81
10-08 03:42:47.444  1663  3613 I WMTransition: Start calculating TransitionInfo based on participants: {WallpaperWindowToken{a933e token=android.os.Binder@58b78fd}, Task{7178c8e #19181 type=standard A=10058:com.example.videoframeapp}, ActivityRecord{7de6390 u0 com.example.videoframeapp/.MainActivity t19181 mVisible=true mOccludesParent=true mode=fullscreen boundsRect(0, 0 - 1080, 2400)}, ActivityRecord{f8b5e24 u0 com.hihonor.android.launcher/.unihome.UniHomeLauncher t5 mVisible=true mOccludesParent=true mode=fullscreen boundsRect(0, 0 - 1080, 2400)}}
10-08 03:42:47.444  1663  3613 I WMTransition: Initial targets: {585=Task{7178c8e #19181 type=standard A=10058:com.example.videoframeapp}, 667=ActivityRecord{7de6390 u0 com.example.videoframeapp/.MainActivity t19181 mVisible=true mOccludesParent=true mode=fullscreen boundsRect(0, 0 - 1080, 2400)}, 744=ActivityRecord{f8b5e24 u0 com.hihonor.android.launcher/.unihome.UniHomeLauncher t5 mVisible=true mOccludesParent=true mode=fullscreen boundsRect(0, 0 - 1080, 2400)}}
10-08 03:42:47.444  1663  3613 I WMTransition: Final targets: [Task{7178c8e #19181 type=standard A=10058:com.example.videoframeapp}, Task{6ad3834 #1 type=home}]
10-08 03:42:47.444  1379  1436 D AudioPolicyService: getUidState(10084) cacheIter->second.first, return cacheIter->second.second(5)
10-08 03:42:47.444  1391  1483 I SurfaceFlinger: createLayer layername: Transition Root: Task=19181 type: Layer address = 0xb4000072c7fabe60
10-08 03:42:47.445  3355  3371 D SmartcareProc: onForegroundAppChanged, pkgName:com.hihonor.android.launcher, uid: 10092
10-08 03:42:47.445 10099 20248 W AWARENESS_AmsRegister: state : onPause comp : ComponentInfo{com.hihonor.android.launcher/com.hihonor.android.launcher.unihome.UniHomeLauncher} taskId : 5callingPackage:launchMode:-1processUid_act:0
10-08 03:42:47.445 10099 20248 I AWARENESS_AppLifeCycleAbility: activity exit : ComponentInfo{com.hihonor.android.launcher/com.hihonor.android.launcher.unihome.UniHomeLauncher}
10-08 03:42:47.445 10099 20248 W AWARENESS_AppLifeCycleAbility: BlackMap is empty
10-08 03:42:47.445 10099 20248 W AWARENESS_AmsRegister: state : onResume_begin comp : ComponentInfo{com.example.videoframeapp/com.example.videoframeapp.MainActivity} taskId : 19181callingPackage:com.hihonor.android.launcherlaunchMode:101processUid_act:0
10-08 03:42:47.445  1663  3613 I SurfaceControl: SurfaceControl 0xb400006ff04d1750 Transition Root: Task=19181#3978
10-08 03:42:47.446  3355  3371 D SmartcareProc: handlerAppForeground not match
10-08 03:42:47.446 10099 20248 I AWARENESS_ActivityStatusCollectAbility: activity enter : ComponentInfo{com.example.videoframeapp/com.example.videoframeapp.MainActivity}
