10-08 03:42:47.495 10099 11384 W AWARENESS_AmsRegister: app switch from : com.hihonor.android.launcher to com.example.videoframeapp as ComponentInfo{com.example.videoframeapp/com.example.videoframeapp.MainActivity} taskId : 19181  label:callingPackage:launchMode:-1processUid:0
10-08 03:42:47.495 10099 11384 I AWARENESS_MemoryGCAbility: timeTask is cancel: com.example.videoframeapp
10-08 03:42:47.495 10099 11384 I AWARENESS_AppLifeCycleAbility: app exit : com.hihonor.android.launcher act : ComponentInfo{placeHolder/placeHolder} taskId : 5
10-08 03:42:47.495 10099 11384 I AWARENESS_AppLifeCycleAbility: begin publishAppExitData
10-08 03:42:47.495  1737  1746 I AwareLog: SetThreadToVipGroup:: iawared vipgroup set pid[10851] Success!
10-08 03:42:47.495  1737  1746 I AwareLog: SetThreadToVipGroup:: iawared vipgroup set pid[10850] Success!
10-08 03:42:47.496 10099 11384 I AWARENESS_AppLifeCycleAbility: app enter : com.example.videoframeapp act : ComponentInfo{com.example.videoframeapp/com.example.videoframeapp.MainActivity} taskId : 19181
10-08 03:42:47.496 10099 11384 I AWARENESS_AppLifeCycleAbility: begin publishAppEnterData
10-08 03:42:47.496  3355 12996 D {AssistantService-13.1.1.300}_AssistantApkNotifier: handleMessage app switch fromPackage:com.hihonor.android.launcher, toPackage:com.example.videoframeapp
10-08 03:42:47.496 10099 22421 I AWARENESS_SystemUtil: isSupportNewSubscribeInterfaces labLingType = 1001001
10-08 03:42:47.496 10099 22421 I AWARENESS_SystemUtil: isSupportNewSubscribeInterfaces labLingType = 1001001
10-08 03:42:47.496 10099 11384 W AWARENESS_AppLifeCycleAbility: BlackMap is empty
10-08 03:42:47.496 10099 22421 I AWARENESS_TimedAppFence: enter : com.example.videoframeapp to replace : com.example.videoframeapp
10-08 03:42:47.496 10099 22421 I AWARENESS_TaskScheduler: subscribe {dataId=8005, mode=0,params=[time]} from TimedAppFence,key=AppRecoAssembler_PredictSolutionTrigger_TimedAppFence_APP_STARTUP_NONE
10-08 03:42:47.496 10099 11384 E AWARENESS_AppGeneralCollectAbility: contained in black list : com.hihonor.android.launcher
10-08 03:42:47.496 10099 22782 I AWARENESS_IntelliSwitchUtil: user experience switch is %dtrue
10-08 03:42:47.496 10099 22421 I AWARENESS_TimeAbility: TimeAbility onSubscribe
10-08 03:42:47.496 10099 22421 I AWARENESS_TimeManager: setNext triggerTime: 1728330172496 for AppRecoAssembler_PredictSolutionTrigger_TimedAppFence_APP_STARTUP_NONE
10-08 03:42:47.498  3122  3223 I HwViewRootImpl: removeInvalidNode all the node in jank list is out of time
10-08 03:42:47.497 10099 22785 I AWARENESS_PageContentIdentifyAbility: newActivity : com.example.videoframeapp.MainActivity, newPkgName: com.example.videoframeapp, label:
10-08 03:42:47.498  3540  3540 W HnLauncher: AppLaunchAnimation the number of split window is wrong!
10-08 03:42:47.498  3122  3223 I SurfaceControl: nativeRelease 0xb400006ff04d2470 count: 1 name: Surface(name=fd48eed NavigationBar0)/@0x5f1546 - animation-leash of insets_animation#3979
10-08 03:42:47.498 10099 11384 I AWARENESS_AppGeneralCollectAbility: lastPid:8131 change to pid:8488
10-08 03:42:47.498  3122  3223 I SurfaceControl: ~SurfaceControl 0xb400006ff04d2470 Surface(name=fd48eed NavigationBar0)/@0x5f1546 - animation-leash of insets_animation#3979
10-08 03:42:47.498 10099 22785 I AWARENESS_PageContentIdentifyAbility: needRemovedFeatureIds size: 0
10-08 03:42:47.498  3122  3223 I SurfaceControl: nativeRelease 0xb400006ff04cdcb0 count: 1 name: Surface(name=7603af0 StatusBar)/@0xb94516e - animation-leash of insets_animation#3980
10-08 03:42:47.498  3122  3223 I SurfaceControl: ~SurfaceControl 0xb400006ff04cdcb0 Surface(name=7603af0 StatusBar)/@0xb94516e - animation-leash of insets_animation#3980
10-08 03:42:47.498  3540  4224 W SyncRtSurface: mergeWithNextTransaction
10-08 03:42:47.498  1663  3611 I AlarmManager: remove alarm reason:1 alarms:[Alarm{e2cd284 type 0 origWhen 1728330500377 whenElapsed 107761703 PendingIntent{cbcdc31: PendingIntentRecord{666df16 com.hihonor.awareness broadcastIntent}} com.hihonor.awareness procName com.hihonor.awareness}]
10-08 03:42:47.499  1663  2115 D HnBpfResInfo-JNI: HN stopTrackingPid: 8131
10-08 03:42:47.499  1663  2115 I system_server: hnbpf stop tracking pid = 8131.
10-08 03:42:47.499  1663  2115 D system_server: hnbpf cleared last_update_map, pid = 8131.
10-08 03:42:47.498 10099 11384 I AWARENESS_AppGeneralCollectAbility: publish result: true
10-08 03:42:47.500  1663  2115 D HnBpfTaskInfo: stopTracking current pid =8131, stop result = true
10-08 03:42:47.500  1663  2115 D HnBpfResManager: doStopTask endToken = 107428825532561 stopResult = true, isEnd = true
10-08 03:42:47.500 10099 11384 I AWARENESS_AppGeneralCollectAbility: saveAppDataToDb app enter
10-08 03:42:47.500  1663  2115 D HnBpfResInfo-JNI: HN startTrackingPid: 8488
10-08 03:42:47.500 10099 11384 I AWARENESS_LocationHelperAbility: app exit toApp: com.example.videoframeapp
10-08 03:42:47.500  1663  2115 I system_server: hnbpf start tracking pid = 8488.
10-08 03:42:47.500  1663  2115 D HnBpfTaskInfo: startTracking current pid =8488, start result = true
10-08 03:42:47.500  1663  2115 D HnBpfResManager: mPidTasksMap add pid = 8488, trackedCount = 1
10-08 03:42:47.500  1663  2118 D TaskOrganizerController: onTaskAppeared add task: Task{7178c8e #19181 type=standard A=10058:com.example.videoframeapp} called by :com.android.server.wm.Task.sendTaskAppeared:5681 com.android.server.wm.Task.setDeferTaskAppear:5650 com.android.server.wm.ActivityRecord.onStartingWindowDrawn:8170 com.android.server.wm.WindowState.performShowLocked:5421 com.android.server.wm.WindowStateAnimator.commitFinishDrawingLocked:354 com.android.server.wm.DisplayContent.lambda$new$8:1291 com.android.server.wm.DisplayContent.$r8$lambda$NJwM1ysKPNyOazqyI2QXlp2I4yA:0 com.android.server.wm.DisplayContent$$ExternalSyntheticLambda6.accept:0 
10-08 03:42:47.500  1663  2118 E HwWindowManagerServiceEx: transition is null
10-08 03:42:47.500  1663  2118 V WindowManager: Loading animations: layout params pkg=com.example.videoframeapp resId=0x10302ff
10-08 03:42:47.500  1663  2118 V WindowManager: Loading animations: picked package=android
10-08 03:42:47.501  1663  2118 I WindowManager: when startwindowAdvance enable, go PendingTransaction
10-08 03:42:47.501 10099 30160 I AWARENESS_LocationHelperAbility: addQureyQueue
10-08 03:42:47.502  4195  5451 E HSC_BG_MaliciousDBHelper: list is empty
10-08 03:42:47.502  4195  5451 E HSC_BG_SecurityThreatsService: notifyRiskAppWhenStartUp optional is present.
10-08 03:42:47.502  1663  2117 I HwBrightnessPgSceneDetection: isHealthEyeWhenFlod() sIsContainsFoldPkgfalse
10-08 03:42:47.502  1663  3611 W HWMW_OrientationPolicy: checkMagicOrientation return, ar: ActivityRecord{7de6390 u0 com.example.videoframeapp/.MainActivity t19181 mVisible=true mOccludesParent=true mode=fullscreen boundsRect(0, 0 - 1080, 2400)}, container: null
10-08 03:42:47.503  1663  3613 D HwNetworkManagementService: code == CODE_SET_CHR_REPORT_APP_LIST
10-08 03:42:47.503  3122  3312 I SurfaceControl: SurfaceControl 0xb400006ff04cb8d0 Task=19181#3975
10-08 03:42:47.503  3122  3211 I ShellTaskOrganizer: onTaskAppeared: 19181 listener: FullscreenTaskListener:TASK_LISTENER_TYPE_FULLSCREEN
10-08 03:42:47.503  3355  4369 I Hicom_Monitor: notifyAppStarted: uid = 10058
10-08 03:42:47.503  3122  3211 D FloatBallController: operateFloatBall state:removetaskInfo:TaskInfo{userId=0 taskId=19181 displayId=0 isRunning=true baseIntent=Intent { act=android.intent.action.MAIN cat=[android.intent.category.LAUNCHER] flg=0x10200000 cmp=com.example.videoframeapp/.MainActivity } baseActivity=ComponentInfo{com.example.videoframeapp/com.example.videoframeapp.MainActivity} topActivity=ComponentInfo{com.example.videoframeapp/com.example.videoframeapp.MainActivity} origActivity=null realActivity=ComponentInfo{com.example.videoframeapp/com.example.videoframeapp.MainActivity} numActivities=1 lastActiveTime=107428762 isSupportsHwFreeForm=true appOrientationPolicy=1 affinity=10058:com.example.videoframeapp freeformPaddingType=0 shouldFreeformSetSurfaceCorner=false supportsHnSplitScreenMultiWindow=true supportsHnTopBotSplitScreenfalse supportsMultiWindow=true resizeMode=1 isResizeable=true minWidth=-1 minHeight=-1 defaultMinSize=220 token=WCT{android.window.IWindowContainerToken$Stub$Proxy@a4335e0} topActivityType=1 pictureInPictureParams=null isAutoRemoveRecents=false shouldDockBigOverlays=false launchIntoPipHostTaskId=-1 lastParentTaskIdBeforePip=-1 displayCutoutSafeInsets=Rect(0, 90 - 0, 0) topActivityInfo=ActivityInfo{4486099 com.example.videoframeapp.MainActivity} windowMode=1 launchCookies=[] positionInParent=Point(0, 0) parentTaskId=-1 isFocused=true isVisible=true isFreeformEnterPip=false isVisibleRequested=true isSleeping=false topActivityInSizeCompat=false topActivityEligibleForLetterboxEducation= false topActivityLetterboxed= false isFromDoubleTap= false topActivityLetterboxVerticalPosition= -1 topActivityLetterboxHorizontalPosition= -1 topActivityLetterboxWidth=-1 topActivityLetterboxHeight=-1 locusId=null displayAreaFeatureId=1 cameraCompatControlState=hidden targetScaleForVerticalInwardFold=1.0}
10-08 03:42:47.503  3355  4369 I UctpAppMonitor: handleAppStarted: pkgName is com.example.videoframeapp mIsNeedToOpen is false
10-08 03:42:47.503  3355  4369 I AppStatisticProc: handleAppStarted: pkgName = com.example.videoframeapp is not apk supported in Smartcare
10-08 03:42:47.503 10099 22782 I AWARENESS_PowerInstance: getCurrentBatteryIntent: get cache batteryIntent
10-08 03:42:47.503 10099 22782 I AWARENESS_PreloadUtil: query battery status: 5, data: [1, 100]
10-08 03:42:47.503  3355  4369 D Hicom_PolicyCenterBaseSystem: checkMpInfoValid. multipathPolicy is null for: com.example.videoframeapp
10-08 03:42:47.504  3355  4369 E Hicom_NearMpAptDecisionSystem: isSupportNearMp. mNearMpConfigInfo is null
10-08 03:42:47.504  3355  4369 I Hicom_NearMpAptDecisionSystem: router_accelerate is off
10-08 03:42:47.504  3355  4369 D Hicom_PolicyCenterBaseSystem: checkMpInfoValid. multipathPolicy is null for: com.example.videoframeapp
10-08 03:42:47.504  1663  3140 D HwActivityManagerServiceEx: getPackageNameForPid callingAppId: 1000
10-08 03:42:47.505 10099 22421 I AWARENESS_TimeManager: reset trigger time to: 1728330172496 current time is : 1728330167505
10-08 03:42:47.505  3122  3289 W HwFloatDockBar: FloatBallViewModel callBackRefreshFloatBallIcon recentAppBeans is null or empty!
10-08 03:42:47.506  3540  3540 W HnLauncher: AppLaunchAnimation the number of split window is wrong!
10-08 03:42:47.506  1663  3613 I HwNetworkManagementService: chr appuid set succeeded
10-08 03:42:47.506  3540  4223 W SyncRtSurface: mergeWithNextTransaction
10-08 03:42:47.507 10099 22782 I AWARENESS_PreloadUtil: network is unConnected.
10-08 03:42:47.507 10099 22782 I AWARENESS_PreloadEventReportUtil: report success!
10-08 03:42:47.507  1663  5602 W RMS.ExitCatch: Unable to write /proc/8488/unexpected_die_catch msg=/proc/8488/unexpected_die_catch: open failed: EACCES (Permission denied)
10-08 03:42:47.507  1663  5602 W RMS.ExitCatch: now ExitCatch is enable in pid =8488 ret = false
10-08 03:42:47.507  1663  5602 I AppEyeTopApp: handleTopAppChange, fg, enable pid=8488, uid=10058 time:107428824 com.example.videoframeapp
10-08 03:42:47.508  3122  3122 W ForegroundObserver:  onForegroundProgress change packageName:[com.example.videoframeapp]isForeground:true
10-08 03:42:47.508  1663  2182 D UsageStatsService: User[0] SELECT * FROM 0 WHERE beginTime >= 1728330093311 AND endTime < 1728330167508
10-08 03:42:47.508  1663  2182 D UsageStatsService: Got 0 results from disk
10-08 03:42:47.508  1663  2182 D UsageStatsService: Current stats beginTime=1729267200000 endTime=1729352540470
10-08 03:42:47.508  1663  2182 I UsageStatsService: User[0] Results: 0
10-08 03:42:47.508  1663  3049 I HnAlarmManagerService: SHB_ELAPSED, alarm: 8592a9e, pkg=com.hihonor.awareness, whenElapsed=107433832, shbElapsed= 0
10-08 03:42:47.509  1391  1391 I SurfaceFlinger: [Splash Screen com.example.videoframeapp#3984] apply visible 1
10-08 03:42:47.509  1663  2118 I WindowManager: when startwindowAdvance enable, go PendingTransaction
10-08 03:42:47.509 10099 22421 W AWARENESS_TimeManager:  list : [1728330172496, 1728330500377, 1728330593169, 1728330939703, 1728333137808, 1728333137961, 1728333702000, 1728336876751, 1728336920804, 1728338400000, 1728345600000, 1728345637000, 1728345654000, 1728345706000, 1728345753000, 1728345787000, 1728345808000, 1728345859000, 1728345887768, 1728345896000, 1728345912000, 1728345949000, 1728345957000, 1728346003000, 1728346054000, 1728346060000, 1728346136000, 1728346153000, 1728346203000, 1728346244000, 1728346294000, 1728346329000, 1728346410000, 1728347400000, 1728347988000, 1728348252000, 1728350040000, 1728350152000, 1728350820000, 1728351588000, 1728353000000, 1728353450000, 1728353640000, 1728353676000, 1728355428000, 1728358040261, 1728369590000, 1728373188000, 1728376762000, 1728376788000, 1728377895000, 1728378540000, 1728380388000, 1728380628081, 1728380818000, 1728381440019, 1728381600000, 1728382265000, 1728383988000, 1728387588000, 1728387996000, 1728388800000, 1728389490000, 1728389966000, 1728391188000, 1728393526360, 1728394788000, 1728398003145, 1728398388000, 1728399600000, 1728400200000, 1728401850155, 1728401988000, 1728402756791, 1728403140000, 1728403200000, 1728403260000, 1728403479000, 1728403724000, 1728404400000, 1728405000000, 1728405015000, 1728406445233, 1728407265736, 1728407413662, 1728409164867, 1728410988000, 1728411529000, 1728412381957, 1728414000000, 1728433591504, 1728433800000, 1728482400000, 1728520200000, 1728693647988, 1729605600000, 1730304000000, 1730908800000, 1732896000000, 1761840000000, 1761897491000, 1764432000000, 1769616000000, 1772208000000, 1782748800000, 1795968000000, 1798646400000, 1824825600000, 1827504000000, 1830182400000, 1840636800000, 1854720000000, 1856102400000, 1856534400000, 1864569600000, 1866988800000, 1867507200000, 1886860800000, 1898524800000, 3456629431008]
10-08 03:42:47.509 10099 22421 W AWARENESS_TimeManager:  firstTriggerTime : 1728330172496
10-08 03:42:47.510 10099 22421 W AWARENESS_TimeManager: should not trigger because first trigger time is : 1728330172496
10-08 03:42:47.510  1663  3615 I HwAudioService: now type = 28,reportForegroundAppType = -1,pkg = null,systemload = 28VOIP_OPTIMIZE_IN_GAMEMODEfalse
10-08 03:42:47.510  1663  3049 E WifiEnhanceServiceImpl: WifiP2pExtendService only allow system uid calling
10-08 03:42:47.510  1663  3049 E P2pExtManager: WiFiEnhanceP2pService binder is null
10-08 03:42:47.510  3388  3864 I AppManager: dependence has been existed:10099 -> 17409
10-08 03:42:47.512  1663  4800 D HwActivityManagerServiceEx: getPackageNameForPid callingAppId: 1000
10-08 03:42:47.512 10099 10099 I AWARENESS_FenceManager: BrainConnection onServiceConnected
10-08 03:42:47.513 17409 17479 I Brain_DikernelAsm: Aw feed AppLifeCycleFence#DikernelAsm_CommuteOnDutyTrig_AppLifeCycleFence_onDutyAppLifeId_NONE
10-08 03:42:47.513 17409 17478 I Brain_DikernelAsm: dispatch AppLifeCycleFence#DikernelAsm_CommuteOnDutyTrig_AppLifeCycleFence_onDutyAppLifeId_NONE
10-08 03:42:47.513 17409 17478 I Brain_EventBus: DikernelAsm loaded
10-08 03:42:47.513 17409 17478 I Brain_DikernelAsm: business has 1 listener execute success true
10-08 03:42:47.513 17409 17477 I Brain_DikernelAsm: [ts]start tsk DikernelAsm_CommuteOnDutyTrig_AppLifeCycleFence_onDutyAppLifeId_NONE
10-08 03:42:47.513 17409 17477 I Brain_DICommuteOnDutyTrig: onFenceTriggered, type:AppLifeCycleFence, id:onDutyAppLifeId, isSub:false, event:
10-08 03:42:47.513 17409 17477 I Brain_DICommuteOnDutyTrig: fence trigger : AppLifeCycleFence fence and Id is onDutyAppLifeId 
10-08 03:42:47.514 17409 17479 I Brain_FlightTravelBusinessAssembler: Aw feed AppLifeCycleFence#FlightTravelBusinessAssembler_FlightLauncherFenceRegTrigger_AppLifeCycleFence_enter_launcherfence
10-08 03:42:47.514  1679  3517 D ITouchService: itouch currentPackageName = com.example.videoframeapp
10-08 03:42:47.514  1679  3517 D ITouchService: itouch appType=-1 appState=1 gameMode=1
10-08 03:42:47.514  1679  3517 D ITouchService: itouchReaderMonitor empty
10-08 03:42:47.514  1679  3517 D ITouchService: g_itouch_reader_monitor Monitor::IsReaderMonitorEnable()=0
10-08 03:42:47.514  1679  3517 D ITouchService: itouch getCurrentParmID tempPkg=com.example.xxx
10-08 03:42:47.514  1679  3517 D ITouchService: itouch:app com.example.videoframeapp is  not game app
10-08 03:42:47.514  1391  1535 I Scheduler: touchTimerCallback timer change to TimerState: Expired
10-08 03:42:47.514 17409 17478 I Brain_FlightTravelBusinessAssembler: dispatch AppLifeCycleFence#FlightTravelBusinessAssembler_FlightLauncherFenceRegTrigger_AppLifeCycleFence_enter_launcherfence
10-08 03:42:47.514 17409 17478 I Brain_EventBus: FlightTravelBusinessAssembler loaded
10-08 03:42:47.514 17409 17478 I Brain_FlightTravelBusinessAssembler: business has 1 listener execute success true
10-08 03:42:47.514  3540  3540 W HnLauncher: AppLaunchAnimation the number of split window is wrong!
10-08 03:42:47.514 17409 17480 I Brain_FlightTravelBusinessAssembler: [ts]start tsk FlightTravelBusinessAssembler_FlightLauncherFenceRegTrigger_AppLifeCycleFence_enter_launcherfence
10-08 03:42:47.514 17409 17480 I Brain_FlightLauncherFenceRegTrigger: fence type: AppLifeCycleFence
10-08 03:42:47.514 17409 17477 I Brain_DIFenceRestore: record CommuteOnDutyTrig no fences
10-08 03:42:47.514 17409 17477 I Brain_DikernelAsm: CommuteOnDutyTrig result:KEEP:PAUSE, sink:0
10-08 03:42:47.514 17409 17477 I Brain_DfxHelper: [dfx]DikernelAsm stats exe time:620035.addTs:1
10-08 03:42:47.514 17409 17477 I Brain_DikernelAsm: [ts]end tsk
10-08 03:42:47.514 17409 17477 I Brain_DikernelAsm: join end.
10-08 03:42:47.515  3540  4224 W SyncRtSurface: mergeWithNextTransaction
10-08 03:42:47.515 17409 17480 I Brain_FlightAuthHelper: isTypeExists: true
10-08 03:42:47.515 17409 17480 I Brain_FlightAuthHelper: authStatus:1
10-08 03:42:47.514  1679  3517 D ITouchService: itouch:app com.example.videoframeapp is  not in StylusPenList
10-08 03:42:47.515  1679  3517 D ITouchService: itouch:styluspen_switch is disable
10-08 03:42:47.515  1679  3517 D ITouchService: itouch:currentAppTypeName =|UNKNOWN|
10-08 03:42:47.515 17409 17480 I Brain_FlightCollectUtil: other trigger
10-08 03:42:47.515 17409 17480 I Brain_AiReportUtil: type:10,switch:1,haId:991692001,hiViewId:991692001
10-08 03:42:47.516 17409 17480 I HiView.HiEvent: Flatten done:991692001
10-08 03:42:47.516 17409 17480 I hievent_jni: Write to dev len:291
10-08 03:42:47.516 17409 17480 I hievent_jni: hievent_writer_write finish
10-08 03:42:47.516 17409 17480 I Brain_FlightLauncherFenceRegTrigger: auth is true
10-08 03:42:47.516  1679  3517 W ITouchService: itouch DirectDeliverManager:checkDirectDeliverState game list is empty & not support TouchEnhance.
10-08 03:42:47.516  1679  3517 I IPCThreadState: oneway function results for code 11 on binder at 0xb400006e2cf13c20 will be dropped but finished with status UNKNOWN_TRANSACTION
10-08 03:42:47.516 17409 17480 I Brain_FlightAuthHelper: isTypeExists: true
10-08 03:42:47.517 17409 17480 I Brain_FlightAuthFenceUtil: destroy is FlightTravelBusinessAssembler_FlightTimeFenceRegTrigger_launcherfence_destroy
10-08 03:42:47.517 17409 17480 I Brain_FlightAuthFenceUtil: destroy is FlightTravelBusinessAssembler_FlightCellularOnFenceRegTrigger_launcherfence_destroy
10-08 03:42:47.517 17409 17480 I Brain_FlightAuthFenceUtil: destroy is FlightTravelBusinessAssembler_FlightCellularOutFenceRegTrigger_launcherfence_destroy
10-08 03:42:47.517 17409 17480 I Brain_FlightAuthFenceUtil: destroy is FlightTravelBusinessAssembler_FlightEnterAirFenceRegTrigger_launcherfence_destroy
10-08 03:42:47.517 17409 17480 I Brain_FlightAuthFenceUtil: destroy is FlightTravelBusinessAssembler_FlightExitAirFenceRegTrigger_launcherfence_destroy
10-08 03:42:47.517 17409 17480 I Brain_FlightAuthFenceUtil: destroy is FlightTravelBusinessAssembler_FlightBoardingPageFenceRegTrigger_launcherfence_destroy
10-08 03:42:47.518 17409 17480 I Brain_FlightAuthFenceUtil: destroy is FlightTravelBusinessAssembler_FlightExitUmeTripFenceRegTrigger_launcherfence_destroy
10-08 03:42:47.518 17409 17480 I Brain_FlightTravelBusinessAssembler: FlightLauncherFenceRegTrigger result:KEEP:STOP, sink:8
10-08 03:42:47.518  1391  1391 I CompositionEngine: [isClientCompositionForced] Rounded Corners layer [Splash Screen com.example.videoframeapp#3984] client compose
10-08 03:42:47.518  4195  5837 I HwNetworkPolicyManager: getHwUidPolicy uid = 10058 policy = 0
10-08 03:42:47.518 17409 17480 I Brain_FlightTravelBusinessAssembler: FlightTravelBusinessAssembler feed FlightTravelBusinessAssembler_FlightTimeFenceRegTrigger_launcherfence_destroy
10-08 03:42:47.518 17409 17480 I Brain_FlightTravelBusinessAssembler: FlightTravelBusinessAssembler feed FlightTravelBusinessAssembler_FlightCellularOnFenceRegTrigger_launcherfence_destroy
10-08 03:42:47.518 17409 17480 I Brain_FlightTravelBusinessAssembler: FlightTravelBusinessAssembler feed FlightTravelBusinessAssembler_FlightCellularOutFenceRegTrigger_launcherfence_destroy
10-08 03:42:47.518 17409 17480 I Brain_FlightTravelBusinessAssembler: FlightTravelBusinessAssembler feed FlightTravelBusinessAssembler_FlightEnterAirFenceRegTrigger_launcherfence_destroy
10-08 03:42:47.518 17409 17480 I Brain_FlightTravelBusinessAssembler: FlightTravelBusinessAssembler feed FlightTravelBusinessAssembler_FlightExitAirFenceRegTrigger_launcherfence_destroy
10-08 03:42:47.518 17409 17480 I Brain_FlightTravelBusinessAssembler: FlightTravelBusinessAssembler feed FlightTravelBusinessAssembler_FlightBoardingPageFenceRegTrigger_launcherfence_destroy
10-08 03:42:47.518 17409 17480 I Brain_FlightTravelBusinessAssembler: FlightTravelBusinessAssembler feed FlightTravelBusinessAssembler_FlightExitUmeTripFenceRegTrigger_launcherfence_destroy
10-08 03:42:47.518 17409 17480 I Brain_FlightTravelBusinessAssembler: [ts]end tsk
10-08 03:42:47.519 17409 17480 I Brain_FlightTravelBusinessAssembler: join end.
10-08 03:42:47.519 17409 17490 I Brain_com.hihonor.assistant: [ts]start tsk SinkAbility
10-08 03:42:47.519 17409 17478 I Brain_FlightTravelBusinessAssembler: dispatch FlightTravelBusinessAssembler_FlightTimeFenceRegTrigger_launcherfence_destroy
10-08 03:42:47.519 17409 17490 I Brain_CommonUtil: pkg = com.hihonor.assistant, action:com.hihonor.brain.action.NOTIFY
10-08 03:42:47.519 17409 17478 I Brain_EventBus: FlightTravelBusinessAssembler loaded
10-08 03:42:47.519 17409 17478 I Brain_EventBus: FlightTravelBusinessAssembler loaded
10-08 03:42:47.519 17409 17478 I Brain_FlightTravelBusinessAssembler: cant find listener for this fence FlightTravelBusinessAssembler_FlightTimeFenceRegTrigger_launcherfence_destroy; and load status is false
10-08 03:42:47.519 17409 17478 I Brain_FlightTravelBusinessAssembler: dispatch FlightTravelBusinessAssembler_FlightCellularOnFenceRegTrigger_launcherfence_destroy
10-08 03:42:47.520 17409 17478 I Brain_EventBus: FlightTravelBusinessAssembler loaded
10-08 03:42:47.520 17409 17478 I Brain_EventBus: FlightTravelBusinessAssembler loaded
10-08 03:42:47.520 17409 17478 I Brain_FlightTravelBusinessAssembler: cant find listener for this fence FlightTravelBusinessAssembler_FlightCellularOnFenceRegTrigger_launcherfence_destroy; and load status is false
10-08 03:42:47.520 17409 17478 I Brain_FlightTravelBusinessAssembler: dispatch FlightTravelBusinessAssembler_FlightCellularOutFenceRegTrigger_launcherfence_destroy
10-08 03:42:47.520 17409 17478 I Brain_EventBus: FlightTravelBusinessAssembler loaded
10-08 03:42:47.520 17409 17478 I Brain_EventBus: FlightTravelBusinessAssembler loaded
10-08 03:42:47.520 17409 17478 I Brain_FlightTravelBusinessAssembler: cant find listener for this fence FlightTravelBusinessAssembler_FlightCellularOutFenceRegTrigger_launcherfence_destroy; and load status is false
10-08 03:42:47.520 17409 17478 I Brain_FlightTravelBusinessAssembler: dispatch FlightTravelBusinessAssembler_FlightEnterAirFenceRegTrigger_launcherfence_destroy
10-08 03:42:47.520 17409 17478 I Brain_EventBus: FlightTravelBusinessAssembler loaded
10-08 03:42:47.520 17409 17478 I Brain_EventBus: FlightTravelBusinessAssembler loaded
10-08 03:42:47.520 17409 17478 I Brain_FlightTravelBusinessAssembler: cant find listener for this fence FlightTravelBusinessAssembler_FlightEnterAirFenceRegTrigger_launcherfence_destroy; and load status is false
10-08 03:42:47.520 17409 17478 I Brain_FlightTravelBusinessAssembler: dispatch FlightTravelBusinessAssembler_FlightExitAirFenceRegTrigger_launcherfence_destroy
10-08 03:42:47.520 17409 17478 I Brain_EventBus: FlightTravelBusinessAssembler loaded
10-08 03:42:47.520 17409 17478 I Brain_EventBus: FlightTravelBusinessAssembler loaded
10-08 03:42:47.520 17409 17478 I Brain_FlightTravelBusinessAssembler: cant find listener for this fence FlightTravelBusinessAssembler_FlightExitAirFenceRegTrigger_launcherfence_destroy; and load status is false
10-08 03:42:47.520 17409 17478 I Brain_FlightTravelBusinessAssembler: dispatch FlightTravelBusinessAssembler_FlightBoardingPageFenceRegTrigger_launcherfence_destroy
10-08 03:42:47.520 17409 17478 I Brain_EventBus: FlightTravelBusinessAssembler loaded
10-08 03:42:47.520 17409 17478 I Brain_EventBus: FlightTravelBusinessAssembler loaded
10-08 03:42:47.521 17409 17478 I Brain_FlightTravelBusinessAssembler: cant find listener for this fence FlightTravelBusinessAssembler_FlightBoardingPageFenceRegTrigger_launcherfence_destroy; and load status is false
10-08 03:42:47.521 17409 17478 I Brain_FlightTravelBusinessAssembler: dispatch FlightTravelBusinessAssembler_FlightExitUmeTripFenceRegTrigger_launcherfence_destroy
10-08 03:42:47.521 17409 17478 I Brain_EventBus: FlightTravelBusinessAssembler loaded
10-08 03:42:47.521 17409 17478 I Brain_EventBus: FlightTravelBusinessAssembler loaded
10-08 03:42:47.522  3540  3540 W HnLauncher: AppLaunchAnimation the number of split window is wrong!
10-08 03:42:47.522 17409 17478 I Brain_FlightTravelBusinessAssembler: cant find listener for this fence FlightTravelBusinessAssembler_FlightExitUmeTripFenceRegTrigger_launcherfence_destroy; and load status is false
10-08 03:42:47.523  3540  4223 W SyncRtSurface: mergeWithNextTransaction
10-08 03:42:47.528  1379 26837 D AudioPolicyService: getUidState(10080) !cacheIter->second.first, return PROCESS_STATE_UNKNOWN
10-08 03:42:47.528 11570 11570 I Assistant.8.1.7.18.BrainNotifyService: HwDeviceIdleController addPowerSaveWhitelistApp:com.hihonor.assistant
10-08 03:42:47.528  1379 26837 D AudioPolicyService: getUidState(10080) cacheIter->second.first, return cacheIter->second.second(-1)
10-08 03:42:47.530  1663  2182 I HnChrReportConnImpl: HnChrReportConnImpl getInstance.
10-08 03:42:47.530  1663  2182 I HnChrReportConnImpl: handleChrLogItemFlow, cause = 23000
10-08 03:42:47.531  3540  3540 W HnLauncher: AppLaunchAnimation the number of split window is wrong!
10-08 03:42:47.531  1663  2182 I HnChrReportConnImpl: handleChrLogItemFlow, str = 23000,1728330167530,-1,5,30201,com.hihonor.assistant
10-08 03:42:47.531  3540  4224 W SyncRtSurface: mergeWithNextTransaction
10-08 03:42:47.533  1663  2182 I HnChrReportConnImpl: HnChrReportConnImpl notifyDataToChr.
10-08 03:42:47.535 11570 11570 I BrainClient: BrainReceiverService: onCreate
10-08 03:42:47.535 11570 11570 I BrainClient: BrainReceiverService: onBind
10-08 03:42:47.536  1663  2764 I ApplicationPackageManager: checkGetInstalledAppsPermissionStatus,packageName:android,ret:-2
10-08 03:42:47.536  1277 29635 I uniperf server: uniperf: SetScene: -1
10-08 03:42:47.540  3540  3540 W HnLauncher: AppLaunchAnimation the number of split window is wrong!
10-08 03:42:47.540  3540  4223 W SyncRtSurface: mergeWithNextTransaction
10-08 03:42:47.540  3388  5766 I PGServer: getTopFrontApp. calling pkg: android
10-08 03:42:47.542  1663  2904 I PackageManagerInternalBase: getInstalledApplications cost 4 ms, flags: 0, userId: 128, callingUid: 1000, callingPid: 1663
10-08 03:42:47.542 17409 17409 I Brain_ServiceSinkRepo: service connect.
10-08 03:42:47.543 10099 22429 I AWARENESS_HiAnalyticsReport: et:88*******001
10-08 03:42:47.543 11570 11587 I Assistant.8.1.7.18.BrainNotifyService: onNotify content is empty:false
10-08 03:42:47.543 11570 11587 I Assistant.8.1.7.18.BrainNotifyService: brainDataList size = 1
10-08 03:42:47.544 11570 11587 I Assistant.8.1.7.18.BrainNotifyService: setReceiveTime = 1728330167544
10-08 03:42:47.544 11570 11587 I Assistant.8.1.7.18.BrainNotifyService: onNotify content is:BrainDataEntity{sessionId='null', businessId='', business='flight', type='update', detailType='null', action='null', businessParams='null', endTime=0, receiveTime=1728330167544, isInactive=false, appInfo=null, displayMode='null', extras1='null', extras2='null', extras3='null', data={"byType":"desktop","isAuth":true,"openId":"aca0aa53edc641d244f54cd6cbb757c24835c8e730cb42aa3d5f707cca59e3d7"}}
10-08 03:42:47.544 11570 11587 I Assistant.8.1.7.18.BusinessServiceManager: handleBrainDataList plugin logic
10-08 03:42:47.544 11570 11587 I Assistant.8.1.7.18.PluginRequestProcessor: getYoYoPlugin start: flight
10-08 03:42:47.544 11570 11587 I flight.8.1.7.18.FlightPluginEntry: loadPlugin in:
10-08 03:42:47.544 11570 11587 I Assistant.8.1.7.18.PluginRequestProcessor: getYoYoPlugin end:flight
10-08 03:42:47.544 11570 11587 I flight.8.1.7.18.FlightPlugin: handleBrainData start
10-08 03:42:47.544 11570 11587 I Assistant.8.1.7.18.AbstractBusinessService: handleBrainData action is null
10-08 03:42:47.544 11570 11587 I Assistant.8.1.7.18.FlightService: handleBrainData
10-08 03:42:47.544 11570 11587 I Assistant.UmeTripSdk.FlightBusinessRecorder: recordBrainBusiness
10-08 03:42:47.545 11570 11587 I Assistant.8.1.7.18.FlightService: type: update
10-08 03:42:47.545 11570 11587 I Assistant.8.1.7.18.FlightService: handleUpdateMsg isAuth is true
10-08 03:42:47.545 11570 11587 E Assistant.8.1.7.18.FlightService: updateId is null
10-08 03:42:47.545 11570 11587 I Assistant.UmeTripSdk.TravelSkyApiImp: updateCard
10-08 03:42:47.545 11570 11856 I Assistant.UmeTripSdk.FlightBusinessRecorder: handle add cache :{"business":"flight","businessId":"","data":{"byType":"desktop","isAuth":true,"openId":"aca0aa53edc641d244f54cd6cbb757c24835c8e730cb42aa3d5f707cca59e3d7"},"endTime":0,"isInactive":false,"receiveTime":1728330167544,"type":"update"}
10-08 03:42:47.545 11570 11587 I Assistant.8.1.7.18.BusinessServiceManager: handleBrainDataList plugin logic
10-08 03:42:47.545 17409 17490 I Brain_ServiceSinkRepo: notify com.hihonor.assistant#com.hihonor.brain.action.NOTIFY, end.
10-08 03:42:47.545 17409 17490 I Brain_com.hihonor.assistant: [ts]end tsk
10-08 03:42:47.545 17409 17490 I Brain_com.hihonor.assistant: join end.
10-08 03:42:47.545 11570 11799 I Assistant.UmeTripSdk.MessageHandler: msg type:2
10-08 03:42:47.546 11570 11799 I Assistant.UmeTripSdk.LanguageUtil: checkLanguageChange languageTag:
10-08 03:42:47.548  3540  3540 W HnLauncher: AppLaunchAnimation the number of split window is wrong!
10-08 03:42:47.548  1663  2764 I PackageManager: getInstalledPackages cost 12 ms, flags: 786944, userId: 0, callingUid: 1000, callingPid: 1663
10-08 03:42:47.548  1663  2764 I PackageManager: getInstalledPackages cost 12 ms, flags: 512, userId: 0, callingUid: 1000, callingPid: 1663
10-08 03:42:47.549  3540  4224 W SyncRtSurface: mergeWithNextTransaction
10-08 03:42:47.550  1663  2904 I PackageManagerInternalBase: getInstalledApplications cost 8 ms, flags: 0, userId: 0, callingUid: 1000, callingPid: 1663
10-08 03:42:47.551  1663  2904 I HnChrReportConnImpl: HnChrReportConnImpl getInstance.
10-08 03:42:47.551  1663  2904 I HnChrReportConnImpl: handleChrLogItemFlow, cause = 23000
10-08 03:42:47.551  1663  2904 I HnChrReportConnImpl: handleChrLogItemFlow, str = 23000,1728330167551,-1,5,34001,2,null
10-08 03:42:47.553  1663  2904 I HnChrReportConnImpl: HnChrReportConnImpl notifyDataToChr.
10-08 03:42:47.556  3540  3540 W HnLauncher: AppLaunchAnimation the number of split window is wrong!
10-08 03:42:47.556  3540  4223 W SyncRtSurface: mergeWithNextTransaction
10-08 03:42:47.557 10099  6974 W HianalyticsSDK-1.0.0.320-HiAnalyticsEventServer: [HaSdk-com.hihonor.awareness:10099:929 W] onReportWithNetwork is bad,tag=default_config_tag,type=maint,isNewMode=false,isRefreshKey=true,netWorkType=,isEncrypt=true
10-08 03:42:47.564  3540  3540 W HnLauncher: AppLaunchAnimation the number of split window is wrong!
10-08 03:42:47.564  3540  4224 W SyncRtSurface: mergeWithNextTransaction
10-08 03:42:47.570  1675  1689 I SAL     : [AR][vehToWalk] g_VehToWalkFlag:0, g_qWalkStartDetectFlag:0, g_StopVehicleCnt:0
10-08 03:42:47.570  1675  1689 I SAL     : [AR][main] clk:1601200, status:63, foot:0, transport:-1, vehicle stop:0, vehToWalk:0
10-08 03:42:47.570  1675  1689 I SAL     : [AR][main] relative still:1, elevator:0, moblivious:0, railStatus:0, steps:0
10-08 03:42:47.570  1675  1689 W SAL     : [AR] p[walk:7,run:0,ride:0,veh:1394,unk:9642]
10-08 03:42:47.570  1675  1689 W SAL     : [AR] score[walk:0,run:0,ride:0,veh:0,unk:96,stat:0]
10-08 03:42:47.572  3540  3540 W HnLauncher: AppLaunchAnimation the number of split window is wrong!
10-08 03:42:47.573  3540  4223 W SyncRtSurface: mergeWithNextTransaction
10-08 03:42:47.581  3540  3540 W HnLauncher: AppLaunchAnimation the number of split window is wrong!
10-08 03:42:47.582  3540  4224 W SyncRtSurface: mergeWithNextTransaction
10-08 03:42:47.585 17409 17488 I Brain_Sched: [ts]start tsk dealEventReportwidget_op_exposure
10-08 03:42:47.585 17409 17488 I Brain_AppRecHaReportUtil: onEvent: eventId: 881605116.
10-08 03:42:47.587  3388  3864 I ScenarioService: refresh visibleApp:[com.example.videoframeapp]
10-08 03:42:47.587  3388  3864 I PGServer: report state:14 event type:1 pid:-1 uid:-1 pkg:com.example.videoframeapp to pid: 3388
10-08 03:42:47.587  3388  3864 I PGServer: report state:14 event type:1 pid:-1 uid:-1 pkg:com.example.videoframeapp to pid: 1663
10-08 03:42:47.588 17409 17488 I Brain_Sched: [ts]end tsk
10-08 03:42:47.588  1663  4854 I DE J DES: [effect] Pg pkg:com.example.videoframeapp
10-08 03:42:47.588  3388  5135 I PG_ash  : com.hihonor.android.launcher become invisible
10-08 03:42:47.588  3388  5135 I AppsUsage: BgAPP:com.hihonor.android.launcher
10-08 03:42:47.589  3540  3540 W HnLauncher: AppLaunchAnimation the number of split window is wrong!
10-08 03:42:47.589  3388  5991 I PGServer: checkPkgType. calling pkg: android
10-08 03:42:47.589  1663  4854 I HwBrightnessPgSceneDetection: pkgNamecom.example.videoframeapp
10-08 03:42:47.589  1663  4854 I HwBrightnessPgSceneDetection: same
10-08 03:42:47.590  1663  4854 I HwBrightnessPgSceneDetection: same
10-08 03:42:47.597  3540  3540 W HnLauncher: AppLaunchAnimation the number of split window is wrong!
10-08 03:42:47.598 10099 22425 I AWARENESS_HiAnalyticsReport: et:88****111
10-08 03:42:47.602  1663  2764 D CompatibilityChangeReporter: Compat change id reported: 218533173; UID 10058; state: ENABLED
10-08 03:42:47.603  1663  2764 D CompatibilityChangeReporter: Compat change id reported: 262645982; UID 10058; state: ENABLED
10-08 03:42:47.606  3540  3540 W HnLauncher: AppLaunchAnimation the number of split window is wrong!
10-08 03:42:47.607  8488  8507 E HwActivityThreadImpl: connect Error.
10-08 03:42:47.608  8488  8507 I HwActivityThreadImpl: connectContinuePreload end mPreloadStatus 3
10-08 03:42:47.614  3540  3540 W HnLauncher: AppLaunchAnimation the number of split window is wrong!
10-08 03:42:47.614 10099  6974 W HianalyticsSDK-1.0.0.320-HiAnalyticsEventServer: [HaSdk-com.hihonor.awareness:10099:929 W] autoReport timeoutWithTag=default_config_tag,type=maint,intervalTime=58
10-08 03:42:47.616  1663  2764 I ApplicationPackageManager: checkGetInstalledAppsPermissionStatus,packageName:android,ret:-2
10-08 03:42:47.619  1663  2764 I PackageManager: getInstalledPackages cost 3 ms, flags: 786944, userId: 128, callingUid: 1000, callingPid: 1663
10-08 03:42:47.619  1663  2764 I PackageManager: getInstalledPackages cost 3 ms, flags: 512, userId: 128, callingUid: 1000, callingPid: 1663
10-08 03:42:47.622  3540  3540 W HnLauncher: AppLaunchAnimation the number of split window is wrong!
10-08 03:42:47.622  8488  8507 I e.videoframeapp: SmartGc CheckAndAddTask : enable = 1 periodCheck = 1
10-08 03:42:47.630  3540  3540 W HnLauncher: AppLaunchAnimation the number of split window is wrong!
10-08 03:42:47.638  3540  3540 W HnLauncher: AppLaunchAnimation the number of split window is wrong!
10-08 03:42:47.647  3540  3540 W HnLauncher: AppLaunchAnimation the number of split window is wrong!
10-08 03:42:47.650 17409  6998 W HianalyticsSDK-1.0.0.320-HiAnalyticsEventServer: [HaSdk-com.hihonor.brain:17409:238 W] onReportWithNetwork is bad,tag=appReco_config_tag,type=oper,isNewMode=false,isRefreshKey=true,netWorkType=,isEncrypt=true
10-08 03:42:47.655  3540  3540 W HnLauncher: AppLaunchAnimation the number of split window is wrong!
10-08 03:42:47.663  3540  3540 W HnLauncher: AppLaunchAnimation the number of split window is wrong!
10-08 03:42:47.672  3540  3540 W HnLauncher: AppLaunchAnimation the number of split window is wrong!
10-08 03:42:47.680  3540  3540 W HnLauncher: AppLaunchAnimation the number of split window is wrong!
10-08 03:42:47.682  1686  3011 E dubaid  : [WifiStats.cpp] CheckWifiSleepStatsPath# Failed to get wifi sleep stats path
10-08 03:42:47.682  1686  3011 E dubaid  : [WifiStats.cpp] BalanceWifiSleepTime# Failed to read wifi sleep data
10-08 03:42:47.685  1663  5947 I SWAP_AppModel: finish msg processing!
10-08 03:42:47.685  1663 13047 I HiView.HiEvent: Flatten done:990028996
10-08 03:42:47.685  1663 13047 I hievent_jni: Write to dev len:163
10-08 03:42:47.685  1663 13047 I hievent_jni: hievent_writer_write finish
10-08 03:42:47.686  1663  2819 I CollectDataProc: [activity restore] procUserAction com.example.videoframeapp uid 10058 action coldStart isLastKilled:true
10-08 03:42:47.689  3540  3540 W HnLauncher: AppLaunchAnimation the number of split window is wrong!
10-08 03:42:47.697  3540  3540 W HnLauncher: AppLaunchAnimation the number of split window is wrong!
10-08 03:42:47.705  3540  3540 W HnLauncher: AppLaunchAnimation the number of split window is wrong!
10-08 03:42:47.713  3540  3540 W HnLauncher: AppLaunchAnimation the number of split window is wrong!
10-08 03:42:47.721  3540  3540 W HnLauncher: AppLaunchAnimation the number of split window is wrong!
10-08 03:42:47.730  3540  3540 W HnLauncher: AppLaunchAnimation the number of split window is wrong!
10-08 03:42:47.738  3540  3540 W HnLauncher: AppLaunchAnimation the number of split window is wrong!
10-08 03:42:47.747  3540  3540 W HnLauncher: AppLaunchAnimation the number of split window is wrong!
10-08 03:42:47.755  3540  3540 W HnLauncher: AppLaunchAnimation the number of split window is wrong!
10-08 03:42:47.756  1164 22245 I vendor.qti.bluetooth@1.0-ibs_handler: ProcessIbsCmd: Received IBS_WAKE_IND: 0xFD
10-08 03:42:47.756  1164 22245 D vendor.qti.bluetooth@1.0-ibs_handler: SerialClockVote: vote for UART CLK ON
10-08 03:42:47.756  1164 22245 D vendor.qti.bluetooth@1.0-wake_lock: Acquire wakelock is acquired 
10-08 03:42:47.756  1164 22245 I vendor.qti.bluetooth@1.0-ibs_handler: ProcessIbsCmd: Writing IBS_WAKE_ACK
10-08 03:42:47.757 22081 22126 W hw_bt_utils: IsAdvReportSupportBleFastScan: pktDataLen = 0 or pktData is nullptr
10-08 03:42:47.758 22081 22126 W hw_bt_utils: IsAdvReportSupportBleFastScan: pktDataLen = 0 or pktData is nullptr
10-08 03:42:47.763  3540  3540 W HnLauncher: AppLaunchAnimation the number of split window is wrong!
10-08 03:42:47.771  3540  3540 W HnLauncher: AppLaunchAnimation the number of split window is wrong!
10-08 03:42:47.780  3540  3540 W HnLauncher: AppLaunchAnimation the number of split window is wrong!
10-08 03:42:47.781  8488  8488 D nativeloader: Configuring clns-4 for other apk /data/app/~~t0ACyRf6MthSFrq8mLuneQ==/com.example.videoframeapp-5HTUuy8I_Evp4m3S9queCw==/base.apk. target_sdk_version=36, uses_libraries=, library_path=/data/app/~~t0ACyRf6MthSFrq8mLuneQ==/com.example.videoframeapp-5HTUuy8I_Evp4m3S9queCw==/lib/arm64:/data/app/~~t0ACyRf6MthSFrq8mLuneQ==/com.example.videoframeapp-5HTUuy8I_Evp4m3S9queCw==/base.apk!/lib/arm64-v8a, permitted_path=/data:/mnt/expand:/data/user/0/com.example.videoframeapp
10-08 03:42:47.782  1663  4854 I AppsFilter: interaction: PackageSetting{81d4238 com.example.videoframeapp/10058} -> PackageSetting{a203a12 com.android.cts.priv.ctsshim/10137} BLOCKED
10-08 03:42:47.782  1663  4854 I AppsFilter: interaction: PackageSetting{81d4238 com.example.videoframeapp/10058} -> PackageSetting{d5665e3 com.quark.browser/10205} BLOCKED
10-08 03:42:47.782  1663  4854 I AppsFilter: interaction: PackageSetting{81d4238 com.example.videoframeapp/10058} -> PackageSetting{166bbe0 com.microsoft.appmanager/10115} BLOCKED
10-08 03:42:47.782  1663  4854 I AppsFilter: interaction: PackageSetting{81d4238 com.example.videoframeapp/10058} -> PackageSetting{53c6e99 com.unionpay.tsmservice/10163} BLOCKED
10-08 03:42:47.782  1663  4854 I AppsFilter: interaction: PackageSetting{81d4238 com.example.videoframeapp/10058} -> PackageSetting{7c3e55e com.android.healthconnect.controller/10300} BLOCKED
10-08 03:42:47.782  1663  4854 I AppsFilter: interaction: PackageSetting{81d4238 com.example.videoframeapp/10058} -> PackageSetting{2ff7d3f com.baidu.swan/10121} BLOCKED
10-08 03:42:47.782  1663  4854 I AppsFilter: interaction: PackageSetting{81d4238 com.example.videoframeapp/10058} -> PackageSetting{cabb60c com.huawei.health/10153} BLOCKED
10-08 03:42:47.782  1663  4854 I AppsFilter: interaction: PackageSetting{81d4238 com.example.videoframeapp/10058} -> PackageSetting{fdc5b55 com.huawei.android.thememanager/10052} BLOCKED
10-08 03:42:47.782  1663  4854 I AppsFilter: interaction: PackageSetting{81d4238 com.example.videoframeapp/10058} -> PackageSetting{9706b03 com.android.networkstack.tethering.overlay/10003} BLOCKED
10-08 03:42:47.782  1663  4854 I AppsFilter: interaction: PackageSetting{81d4238 com.example.videoframeapp/10058} -> PackageSetting{d64f96a com.qiyi.video/10221} BLOCKED
10-08 03:42:47.782  1663  4854 I AppsFilter: interaction: PackageSetting{81d4238 com.example.videoframeapp/10058} -> PackageSetting{9f8ae5b com.android.health.connect.backuprestore/10301} BLOCKED
10-08 03:42:47.782  1663  4854 I AppsFilter: interaction: PackageSetting{81d4238 com.example.videoframeapp/10058} -> PackageSetting{96426f8 com.android.virtualmachine.res/10296} BLOCKED
10-08 03:42:47.782  1663  4854 I AppsFilter: interaction: PackageSetting{81d4238 com.example.videoframeapp/10058} -> PackageSetting{f5457d1 com.sohu.inputmethod.sogou/10170} BLOCKED
10-08 03:42:47.782  1663  4854 I AppsFilter: interaction: PackageSetting{81d4238 com.example.videoframeapp/10058} -> PackageSetting{6514236 com.sdo.sdaccountkey/10204} BLOCKED
10-08 03:42:47.782  1663  4854 I AppsFilter: interaction: PackageSetting{81d4238 com.example.videoframeapp/10058} -> PackageSetting{e89d537 com.hihonor.hnoffice/10306} BLOCKED
10-08 03:42:47.782  1663  4854 I AppsFilter: interaction: PackageSetting{81d4238 com.example.videoframeapp/10058} -> PackageSetting{f30baa4 com.sankuai.meituan/10277} BLOCKED
10-08 03:42:47.782  1663  4854 I AppsFilter: interaction: PackageSetting{81d4238 com.example.videoframeapp/10058} -> PackageSetting{f75a00d com.shanbay.sentence/10214} BLOCKED
10-08 03:42:47.782  1663  4854 I AppsFilter: interaction: PackageSetting{81d4238 com.example.videoframeapp/10058} -> PackageSetting{2e74bc2 com.hihonor.smartshot/10150} BLOCKED
10-08 03:42:47.782  1663  4854 I AppsFilter: interaction: PackageSetting{81d4238 com.example.videoframeapp/10058} -> PackageSetting{f9c8dd3 com.douban.frodo/10220} BLOCKED
10-08 03:42:47.782  1663  4854 I AppsFilter: interaction: PackageSetting{81d4238 com.example.videoframeapp/10058} -> PackageSetting{d10dd10 com.tencent.qqmusic/10232} BLOCKED
10-08 03:42:47.782  1663  4854 I AppsFilter: interaction: PackageSetting{81d4238 com.example.videoframeapp/10058} -> PackageSetting{de93009 com.huawei.search/10031} BLOCKED
10-08 03:42:47.782  1663  4854 I AppsFilter: interaction: PackageSetting{81d4238 com.example.videoframeapp/10058} -> PackageSetting{8e2620e com.huawei.multimedia.audioengine/10036} BLOCKED
10-08 03:42:47.782  1663  4854 I AppsFilter: interaction: PackageSetting{81d4238 com.example.videoframeapp/10058} -> PackageSetting{718342f com.sohu.sohuvideo.emplayer/10028} BLOCKED
10-08 03:42:47.782  1663  4854 I AppsFilter: interaction: PackageSetting{81d4238 com.example.videoframeapp/10058} -> PackageSetting{8eba3c com.android.htmlviewer/10076} BLOCKED
10-08 03:42:47.782  1663  4854 I AppsFilter: interaction: PackageSetting{81d4238 com.example.videoframeapp/10058} -> PackageSetting{febc3c5 com.mymoney/10278} BLOCKED
10-08 03:42:47.782  1663  4854 I AppsFilter: interaction: PackageSetting{81d4238 com.example.videoframeapp/10058} -> PackageSetting{c66911a com.mt.mtxx.mtxx/10272} BLOCKED
10-08 03:42:47.783  1663  4854 I AppsFilter: interaction: PackageSetting{81d4238 com.example.videoframeapp/10058} -> PackageSetting{bfde44b com.android.federatedcompute.services/10288} BLOCKED
10-08 03:42:47.783  1663  4854 I AppsFilter: interaction: PackageSetting{81d4238 com.example.videoframeapp/10058} -> PackageSetting{3ab3e28 com.douban.book.reader/10227} BLOCKED
10-08 03:42:47.783  1663  4854 I AppsFilter: interaction: PackageSetting{81d4238 com.example.videoframeapp/10058} -> PackageSetting{7c9d741 com.plan.kot32.tomatotime/10256} BLOCKED
10-08 03:42:47.783  1663  4854 I AppsFilter: interaction: PackageSetting{81d4238 com.example.videoframeapp/10058} -> PackageSetting{dcca4e6 com.huawei.fastapp/10048} BLOCKED
10-08 03:42:47.783  1663  4854 I AppsFilter: interaction: PackageSetting{81d4238 com.example.videoframeapp/10058} -> PackageSetting{a447a27 com.hihonor.devicefinder/10151} BLOCKED
10-08 03:42:47.783  1663  4854 I AppsFilter: interaction: PackageSetting{81d4238 com.example.videoframeapp/10058} -> PackageSetting{d8a14d4 com.dtdream.publictransit/10219} BLOCKED
10-08 03:42:47.783  1663  4854 I AppsFilter: interaction: PackageSetting{81d4238 com.example.videoframeapp/10058} -> PackageSetting{61ba67d com.duolingo/10206} BLOCKED
10-08 03:42:47.783  1663  4854 I AppsFilter: interaction: PackageSetting{81d4238 com.example.videoframeapp/10058} -> PackageSetting{82e2972 cn.xhd.newchannel/10257} BLOCKED
10-08 03:42:47.783  1663  4854 I AppsFilter: interaction: PackageSetting{81d4238 com.example.videoframeapp/10058} -> PackageSetting{5441d61 com.huawei.educenter.overlay/10008} BLOCKED
10-08 03:42:47.783  1663  4854 I AppsFilter: interaction: PackageSetting{81d4238 com.example.videoframeapp/10058} -> PackageSetting{c7491c3 net.cpwxw.cpfiction/10261} BLOCKED
10-08 03:42:47.783  1663  4854 I AppsFilter: interaction: PackageSetting{81d4238 com.example.videoframeapp/10058} -> PackageSetting{1ddaa40 com.hihonor.servicecenter/10065} BLOCKED
10-08 03:42:47.783  1663  4854 I AppsFilter: interaction: PackageSetting{81d4238 com.example.videoframeapp/10058} -> PackageSetting{2c12d79 com.cambly.cambly/10273} BLOCKED
10-08 03:42:47.783  1663  4854 I AppsFilter: interaction: PackageSetting{81d4238 com.example.videoframeapp/10058} -> PackageSetting{cb16abe me.ele/10192} BLOCKED
10-08 03:42:47.783  1663  4854 I AppsFilter: interaction: PackageSetting{81d4238 com.example.videoframeapp/10058} -> PackageSetting{304871f com.android.safetycenter.resources/10290} BLOCKED
10-08 03:42:47.783  1663  4854 I AppsFilter: interaction: PackageSetting{81d4238 com.example.videoframeapp/10058} -> PackageSetting{b132a6c com.android.simappdialog/10117} BLOCKED
10-08 03:42:47.784  1663  4854 I AppsFilter: interaction: PackageSetting{81d4238 com.example.videoframeapp/10058} -> PackageSetting{e9d68e0 com.android.systemui.overlay/10006} BLOCKED
10-08 03:42:47.784  1663  4854 I AppsFilter: interaction: PackageSetting{81d4238 com.example.videoframeapp/10058} -> PackageSetting{99e2835 com.xingin.xhs/10259} BLOCKED
10-08 03:42:47.784  1663  4854 I AppsFilter: interaction: PackageSetting{81d4238 com.example.videoframeapp/10058} -> PackageSetting{69574ca com.hihonor.smartiot/10265} BLOCKED
10-08 03:42:47.784  1663  4854 I AppsFilter: interaction: PackageSetting{81d4238 com.example.videoframeapp/10058} -> PackageSetting{574763b cn.dictcn.android.digitize.oxford_oalecd9_17203/10248} BLOCKED
10-08 03:42:47.784  1663  4854 I AppsFilter: interaction: PackageSetting{81d4238 com.example.videoframeapp/10058} -> PackageSetting{b3e8158 com.android.connectivity.resources/10135} BLOCKED
10-08 03:42:47.784  1663  4854 I AppsFilter: interaction: PackageSetting{81d4238 com.example.videoframeapp/10058} -> PackageSetting{71612b1 com.tencent.mm/10194} BLOCKED
10-08 03:42:47.784  1663  4854 I AppsFilter: interaction: PackageSetting{81d4238 com.example.videoframeapp/10058} -> PackageSetting{85e3e6a com.android.networkstack.overlay/10000} BLOCKED
10-08 03:42:47.784  1663  4854 I AppsFilter: interaction: PackageSetting{81d4238 com.example.videoframeapp/10058} -> PackageSetting{3fe1396 com.anjuke.android.app/10176} BLOCKED
10-08 03:42:47.784  1663  4854 I AppsFilter: interaction: PackageSetting{81d4238 com.example.videoframeapp/10058} -> PackageSetting{92a3b17 com.android.modulemetadata/10109} BLOCKED
10-08 03:42:47.784  1663  4854 I AppsFilter: interaction: PackageSetting{81d4238 com.example.videoframeapp/10058} -> PackageSetting{fc65b04 com.huawei.wallet.sdk.walletsdk/10013} BLOCKED
10-08 03:42:47.784  1663  4854 I AppsFilter: interaction: PackageSetting{81d4238 com.example.videoframeapp/10058} -> PackageSetting{4828ed com.ziroom.ziroomcustomer/10210} BLOCKED
10-08 03:42:47.784  1663  4854 I AppsFilter: interaction: PackageSetting{81d4238 com.example.videoframeapp/10058} -> PackageSetting{f7fd322 com.umetrip.android.msky.app/10002} BLOCKED
