10-08 03:42:45.920  1679  3517 I AGPService: FilterAction mVotePool.size: 1 priority 1000 sceneCode 1000 
10-08 03:42:45.920  1679  3517 I AGPService: ScreenLight default 120
10-08 03:42:45.915  1679  1679 W binder:1679_2: type=1400 audit(0.0:22063): avc:  denied  { search } for  name="backlight" dev="sysfs" ino=77741 scontext=u:r:ITouchservice:s0 tcontext=u:object_r:vendor_sysfs_graphics:s0 tclass=dir permissive=0
10-08 03:42:45.920  1679  3517 I AGPService: PostAction
10-08 03:42:45.920  1679  3517 I AGPService: FilterAction mVotePool.size: 1 priority 1000 sceneCode 1000 
10-08 03:42:45.920  1679  1848 I AGPService: FilterAction mVotePool.size: 1 priority 1000 sceneCode 1000 
10-08 03:42:45.920  1679  1848 I AGPService: NotifyExtraPolicyInfoToSF fps: 60
10-08 03:42:45.920  1679  1848 I AGPService: SendPolicyByAction isGame 0 sceneCode 1000 priority 1000 lightEnabled 0 fpsHold 0 minFps 120 maxFps 120
10-08 03:42:45.920  1391  1924 I SurfaceFlinger: setDesiredDisplayModeSpecs pid: 1679 AGP-pid: 1679
10-08 03:42:45.928  3540  3540 I HWSpringAnimation: updateValueAndVelocity: mStartValue=2598.0, mEndValue=3240.0, mValue=3225.9414, mVelocity=267.3332, deltaT=8
10-08 03:42:45.936  3540  3540 I HWSpringAnimation: updateValueAndVelocity: mStartValue=2598.0, mEndValue=3240.0, mValue=3227.9355, mVelocity=231.96053, deltaT=8
10-08 03:42:45.944  3540  3540 I HWSpringAnimation: updateValueAndVelocity: mStartValue=2598.0, mEndValue=3240.0, mValue=3229.8635, mVelocity=197.36833, deltaT=9
10-08 03:42:45.953  3540  3540 I HWSpringAnimation: updateValueAndVelocity: mStartValue=2598.0, mEndValue=3240.0, mValue=3231.5024, mVelocity=167.60786, deltaT=9
10-08 03:42:45.961  3540  3540 I HWSpringAnimation: updateValueAndVelocity: mStartValue=2598.0, mEndValue=3240.0, mValue=3232.6038, mVelocity=147.39874, deltaT=7
10-08 03:42:45.969  3540  3540 I HWSpringAnimation: updateValueAndVelocity: mStartValue=2598.0, mEndValue=3240.0, mValue=3233.8257, mVelocity=124.73214, deltaT=9
10-08 03:42:45.978  3540  3540 I HWSpringAnimation: updateValueAndVelocity: mStartValue=2598.0, mEndValue=3240.0, mValue=3234.8586, mVelocity=105.33663, deltaT=9
10-08 03:42:45.983  1391  1535 I Scheduler: touchTimerCallback timer change to TimerState: Expired
10-08 03:42:45.986  3540  3540 I HWSpringAnimation: updateValueAndVelocity: mStartValue=2598.0, mEndValue=3240.0, mValue=3235.6406, mVelocity=90.485245, deltaT=8
10-08 03:42:45.994  3540  3540 I HWSpringAnimation: updateValueAndVelocity: mStartValue=2598.0, mEndValue=3240.0, mValue=3236.3118, mVelocity=77.596924, deltaT=8
10-08 03:42:46.002  3540  3540 I HWSpringAnimation: updateValueAndVelocity: mStartValue=2598.0, mEndValue=3240.0, mValue=3236.8867, mVelocity=66.42922, deltaT=8
10-08 03:42:46.011  3540  3540 I HWSpringAnimation: updateValueAndVelocity: mStartValue=2598.0, mEndValue=3240.0, mValue=3237.4348, mVelocity=55.65577, deltaT=9
10-08 03:42:46.019  3540  3540 I HWSpringAnimation: updateValueAndVelocity: mStartValue=2598.0, mEndValue=3240.0, mValue=3237.8464, mVelocity=47.461838, deltaT=8
10-08 03:42:46.027  3540  3540 I HWSpringAnimation: updateValueAndVelocity: mStartValue=2598.0, mEndValue=3240.0, mValue=3238.1973, mVelocity=40.396255, deltaT=8
10-08 03:42:46.033 23427  1065 I HnSearchService:kit-com.hihonor.photos: SearchServiceClient: update start
10-08 03:42:46.034 23427  1065 I HnSearchService:kit-com.hihonor.photos: SearchServiceClient: connect is already open
10-08 03:42:46.035  3540  3540 I HWSpringAnimation: updateValueAndVelocity: mStartValue=2598.0, mEndValue=3240.0, mValue=3238.4954, mVelocity=34.313347, deltaT=8
10-08 03:42:46.043  3540  3540 I HWSpringAnimation: updateValueAndVelocity: mStartValue=2598.0, mEndValue=3240.0, mValue=3238.7485, mVelocity=29.085032, deltaT=8
10-08 03:42:46.052  3540  3540 I HWSpringAnimation: updateValueAndVelocity: mStartValue=2598.0, mEndValue=3240.0, mValue=3238.987, mVelocity=24.085054, deltaT=9
10-08 03:42:46.053  3122  3122 W WppPgAdaptF: handleMessage 133
10-08 03:42:46.056  3122  3122 W WppPgAdaptF: handleMessage 133
10-08 03:42:46.061  3540  3540 I HWSpringAnimation: updateValueAndVelocity: mStartValue=2598.0, mEndValue=3240.0, mValue=3239.1643, mVelocity=20.31613, deltaT=8
10-08 03:42:46.067  4561 18566 I HnSearchService: [safe-binder-7]: Smartsearch: SmartSearch close
10-08 03:42:46.067  4561 18566 I HnSearchService: [safe-binder-7]: SearchServiceCore: index status, domain: com.hihonor.photos
10-08 03:42:46.068  3540  3540 I HWSpringAnimation: updateValueAndVelocity: mStartValue=2598.0, mEndValue=3240.0, mValue=3239.3135, mVelocity=17.094063, deltaT=8
10-08 03:42:46.069  3540  3540 I HWSpringAnimation: updateValueAndVelocity: isAtEquilibrium=true, EquilibriumValue=3240.0
10-08 03:42:46.069  1391  1924 D FluencyDetector: End fluency detect: LAUNCHER_SLIDE_ANIMATION
10-08 03:42:46.070  3540  3540 E OpenGLRenderer: android_view_RenderNode_setLayerBlur ShortcutAndWidgetContainer, 0
10-08 03:42:46.070  3540  3540 E OpenGLRenderer: android_view_RenderNode_setLayerBlur ShortcutAndWidgetContainer, 0
10-08 03:42:46.070  3540  3540 E OpenGLRenderer: android_view_RenderNode_setLayerBlur ShortcutAndWidgetContainer, 0
10-08 03:42:46.070  3540  3540 E OpenGLRenderer: android_view_RenderNode_setLayerBlur ShortcutAndWidgetContainer, 0
10-08 03:42:46.070  3540  3540 E OpenGLRenderer: android_view_RenderNode_setLayerBlur ShortcutAndWidgetContainer, 0
10-08 03:42:46.069  1679  3517 W AGPService: NotifyAnimationState not handle animation, animation tag: LAUNCHER_SLIDE_ANIMATION
10-08 03:42:46.070  3540  3540 D HnAppRec_14.1.0.14 IActionImpl: onPageEndMoving
10-08 03:42:46.095  4561 18566 I HnSearchService: [safe-binder-7]: PublicIndexWriter: open index:com.hihonor.photos version: cost:26
10-08 03:42:46.125  1663  3181 I BatteryService: Processing new values: info={chargerAcOnline=true,chargerUsbOnline=false,chargerWirelessOnline=false,maxChargingCurrent=0,maxChargingVoltage=0,batteryStatus=5=FULL,batteryHealth=2=GOOD,batteryPresent=true,batteryLevel=100,batteryVoltage=4350,batteryTemperature=360,batteryFullCharge=4105000,batteryChargeCounter=3500000,batteryTechnology=Li-ion,batteryCapacityLevel=0=UNKNOWN,chargerDockOnline=false}, mBatteryLevelCritical=false, mPlugType=1, mLastPlugType=1
10-08 03:42:46.125  1663  3181 I BatteryService: check conditions changed
10-08 03:42:46.167  4195 30400 I HSC_SEC_AI_PLUGIN_FreeVirusUtils: isChargingBattery status5
10-08 03:42:46.167  4195 30400 I HSC_SEC_AI_PLUGIN_FreeTimeScanUtils: free time scan event report: {"WIFI_CONNECTED_STATUS":"0","SCREEN_STATUS":"0","TEMPERATURE_STATUS":"1","START_TIME":"1728328726159","LASTING_TIME":"24"}
10-08 03:42:46.169  4195  4195 I HiView.HiEvent: Flatten done:990236009
10-08 03:42:46.169  4195  4195 I hievent_jni: Write to dev len:219
10-08 03:42:46.169  4195  4195 I hievent_jni: hievent_writer_write finish
10-08 03:42:46.181  1324 27829 I SDM     : DRMAtomicReq::Commit: Wait untill the earliest present time
10-08 03:42:46.265  1529  1529 I aptouch_daemon: print_log, touch:1, down:1 (+0)
10-08 03:42:46.265  1663  2843 D fingersense_manager: Calling fingersense_classify_touch()
10-08 03:42:46.266  1182  2594 I sensors-hal: input_event_handler:403, input event type = 4
10-08 03:42:46.266  1182  2594 I sensors-hal: input_event_handler:405, type=4 4 1000
10-08 03:42:46.266  1182  2594 I sensors-hal: input_event_handler:410, Fs_data req data flag
10-08 03:42:46.266  1182  2594 I sensors-hal: input_event_handler:403, input event type = 0
10-08 03:42:46.267  1182  2595 I sensors-hal: data_thread_func:298, Sending request to get fs_data
10-08 03:42:46.268  1182  2595 I sensors-hal: send_finger_enable_req:159, send_finger_enable_req: start, req flag = 1000
10-08 03:42:46.269  1182  2588 E sensors-hal: fs_conn_enevt_cb:373, fs_conn_enevt_cb: start
10-08 03:42:46.269  1182  2588 E sensors-hal: HandleFingerEvent:347, HandleFingerEvent: recv data = 773.000000, dataSize = 128
10-08 03:42:46.269  1182  2588 I sensors-hal: HandleFingerEvent:367, HandleFingerEvent finger data = 3092,3100,3108,3120,3124,3136,3144,3152,3164,3176,3192,3208,3224,3236,3244,3260,3272,3296,3312,3332,3344,3360,3368,3388,3400,3412,3428,3436,3444,3452,3460,3464,3476,3476,3480,3476,3484,3492,3496,3504,3504,3500,3504,3504,3496,3504,3512,3512,3504,3500,3500,3512,3512,3512,3508,3504,3500,3496,3488,3480,3464,3448,3436,3428,3416,3396,3376,3368,3364,3348,3328,3316,3304,3284,3268,3260,3248,3232,3216,3208,3196,3184,3172,3156,3136,3120,3112,3100,3088,3080,3064,3052,3040,3032,3032,3028,3020,3012,3000,2992,2984,2972,2968,2964,2964,2956,2948,2952,2948,2944,2944,2940,2936,2932,2928,2932,2928,2928,2924,2908,2892,2872,2832,2780,2732,2688,2640,2584,
10-08 03:42:46.269  1182  2588 I sensors-hal: HandleFingerEvent:368, HandleFingerEvent finger data2 = 
10-08 03:42:46.269  1182  2595 I sensors-hal: WaitForFingerDataReady:252, WaitForFingerDataReady:pthread_cond_timedwait is break.
10-08 03:42:46.269  1182  2595 I sensors-hal: data_thread_func:321, Sent data to fs module
10-08 03:42:46.269  1663  2843 I osfingersense: Acc read ok
10-08 03:42:46.270  1663  2843 I osfingersense: RawTouch: 0, 7185.000000, 5050.000000, 213.000000, 147.000000, 442.000000, -35.000000, 0.000000, 147.000000, 0
10-08 03:42:46.270  1663  2843 I osfingersense: Acc pack start 3092 3100 3108 3120 3124 3136 3144 3152 3164 3176 3192 3208 3224 3236 3244 3260 3272 3296 3312 3332 3344 3360 3368 3388 3400 3412 3428 3436 3444 3452 3460 3464 3476 3476 3480 3476 3484 3492 3496 3504 3504 3500 3504 3504 3496 3504 3512 3512 3504 3500 3500 3512 3512 3512 3508 3504 3500 3496 3488 3480 3464 3448 3436 3428 3416 3396 3376 3368 3364 3348 3328 3316 3304 3284 3268 3260 3248 3232 3216 3208 3196 3184 3172 3156 3136 3120 3112 3100 3088 3080 3064 3052 3040 3032 3032 3028 3020 3012 3000 2992 2984 2972 2968 2964 2964 2956 2948 2952 2948 2944 2944 2940 2936 2932 2928 2932 2928 2928 2924 2908 2892 2872 2832 2780 2732 2688 2640 2584 Acc pack end
10-08 03:42:46.270  1663  2843 I osfingersense: Cap pack start 15 29 62 28 18 -35 0 33 41 189 125 34 -18 0 18 136 920 831 90 1 0 50 187 1784 2505 494 41 0 33 113 671 1968 710 72 0 16 62 155 331 296 87 0 -3 30 63 111 107 41 0 Cap pack end
10-08 03:42:46.270  1663  2843 I osfingersense: touch down-id: 0
10-08 03:42:46.270  1663  2843 I osfingersense: fingersense_classify_touch: M F: 909.918396
10-08 03:42:46.270  1663  2843 I osfingersense: fingersense_classify_touch: P M F: 489.456421
10-08 03:42:46.270  1663  2843 I osfingersense: fingersense_classify_touch: P: 442.000000
10-08 03:42:46.270  1663  2843 I osfingersense: fingersense_classify_touch: N A: 0.443965
10-08 03:42:46.270  1663  2843 I osfingersense: fingersense_classify_touch: N S: 0.437932
10-08 03:42:46.270  1663  2843 I osfingersense: fingersense_classify_touch: M U: 6730.968750
10-08 03:42:46.270  1663  2843 I osfingersense: fingersense_classify_touch: G: 56.000000
10-08 03:42:46.270  1663  2843 I osfingersense: fingersense_classify_touch: B--G
10-08 03:42:46.270  1663  2843 I osfingersense: fingersense_classify_touch: Part IV
10-08 03:42:46.270  1663  2843 I osfingersense: Part IV B
10-08 03:42:46.270  1663  2843 I osfingersense: fingersense_classify_touch: inference = 0
10-08 03:42:46.270  1663  2843 D fingersense_manager: fingersense_classify_touch() finished
10-08 03:42:46.271  1679  3517 I AGPService: TOUCH RefreshRateActionHandle 1
10-08 03:42:46.271  1663  2843 I HwFingersSnapshooter: handleMotionEvent first finger(0) touch down at (898.125,631.25,0.0 , 0.0 , 0.0)
10-08 03:42:46.273  1663  2842 I InputDispatcher: notifyBoostRefreshRate status: 0
10-08 03:42:46.273  1663  2842 I InputDispatcher: publishMotion chanel = 7093f50 com.hihonor.android.launcher/com.hihonor.android.launcher.unihome.UniHomeLauncher (server)  MotionEntry = MotionEvent
10-08 03:42:46.273  1391  1924 I SurfaceFlinger: notifyVrrBoost VRR 1 --- 0
10-08 03:42:46.273  1391  1924 I Scheduler: onVRRBoostEvent type: TOUCH status: ENTER
10-08 03:42:46.274  1663  2842 I InputDispatcher: publishMotion chanel = e99ac0a com.android.systemui.wallpapers.ImageWallpaper (server)  MotionEntry = MotionEvent
10-08 03:42:46.274  3540  3540 I HiTouch_PressGestureDetector: checkDoublePointerLimit:xPoss,yPoss:898,631
10-08 03:42:46.275  3540  3540 W HnLauncher: HnQuickSwitchTouchController is have drag end or gesture is up, return.
10-08 03:42:46.276  1277 29635 I vendor.honor.hardware.iawareperf@1.0-service: uniperf: PerfLockAcq() perfHandle = 2477
10-08 03:42:46.276  3540  3540 I RMS.HwSysResManager: preloadAppForLauncher packageName com.zhan.ieltstiku preloadType 101
10-08 03:42:46.276  1663  2115 D HnGestureActionListener: not fingersense event
10-08 03:42:46.278  1391  1535 I Scheduler: touchTimerCallback timer change to TimerState: Reset
10-08 03:42:46.278  3388  3864 I PG_ash  : onInputHookEvent
10-08 03:42:46.285  3540  3540 W HnLauncher: BubbleTextView  setTextViewColor mIsThemeSetTextColor return
10-08 03:42:46.285  3540  3540 W HnLauncher: BubbleTextView  setTextViewColor mIsThemeSetTextColor return
10-08 03:42:46.286  3540  3540 W HnLauncher: BubbleTextView  setTextViewColor mIsThemeSetTextColor return
10-08 03:42:46.286  3540  3540 W HnLauncher: BubbleTextView  setTextViewColor mIsThemeSetTextColor return
10-08 03:42:46.286  3540  3540 W HnLauncher: BubbleTextView  setTextViewColor mIsThemeSetTextColor return
10-08 03:42:46.287  3540  3540 W HnLauncher: BubbleTextView  setTextViewColor mIsThemeSetTextColor return
10-08 03:42:46.287  3540  3540 W HnLauncher: BubbleTextView  setTextViewColor mIsThemeSetTextColor return
10-08 03:42:46.287  3540  3540 W HnLauncher: BubbleTextView  setTextViewColor mIsThemeSetTextColor return
10-08 03:42:46.287  3540  3540 W HnLauncher: BubbleTextView  setTextViewColor mIsThemeSetTextColor return
10-08 03:42:46.287  3540  3540 W HnLauncher: BubbleTextView  setTextViewColor mIsThemeSetTextColor return
10-08 03:42:46.287  3540  3540 W HnLauncher: BubbleTextView  setTextViewColor mIsThemeSetTextColor return
10-08 03:42:46.288  3540  3540 W HnLauncher: BubbleTextView  setTextViewColor mIsThemeSetTextColor return
10-08 03:42:46.288  3540  3540 W HnLauncher: BubbleTextView  setTextViewColor mIsThemeSetTextColor return
10-08 03:42:46.288  3540  3540 W HnLauncher: BubbleTextView  setTextViewColor mIsThemeSetTextColor return
10-08 03:42:46.288  3540  3540 W HnLauncher: BubbleTextView  setTextViewColor mIsThemeSetTextColor return
10-08 03:42:46.288  3540  3540 W HnLauncher: BubbleTextView  setTextViewColor mIsThemeSetTextColor return
10-08 03:42:46.288  3540  3540 W HnLauncher: BubbleTextView  setTextViewColor mIsThemeSetTextColor return
10-08 03:42:46.288  3540  3540 W HnLauncher: BubbleTextView  setTextViewColor mIsThemeSetTextColor return
10-08 03:42:46.289  3540  3540 W HnLauncher: BubbleTextView  setTextViewColor mIsThemeSetTextColor return
10-08 03:42:46.289  3540  3540 W HnLauncher: BubbleTextView  setTextViewColor mIsThemeSetTextColor return
10-08 03:42:46.289  3540  3540 W HnLauncher: BubbleTextView  setTextViewColor mIsThemeSetTextColor return
10-08 03:42:46.289  3540  3540 W HnLauncher: BubbleTextView  setTextViewColor mIsThemeSetTextColor return
10-08 03:42:46.289  3540  3540 W HnLauncher: BubbleTextView  setTextViewColor mIsThemeSetTextColor return
10-08 03:42:46.289  3540  3540 W HnLauncher: BubbleTextView  setTextViewColor mIsThemeSetTextColor return
10-08 03:42:46.290  3540  3540 W HnLauncher: BubbleTextView  setTextViewColor mIsThemeSetTextColor return
10-08 03:42:46.291  1391  1551 E SurfaceFlinger: Failed to open wakeup node, error = No such file or directory
10-08 03:42:46.301  3540  3540 W HiTouch_PressGestureDetector: [HiTouch Stop]checkDoublePointerMove:pointerId:0,pointerIndex:0 is move:xDiff,yDiff:25,5
10-08 03:42:46.301  3540  3540 E OpenGLRenderer: android_view_RenderNode_setLayerBlur ShortcutAndWidgetContainer, 1
10-08 03:42:46.301  3540  3540 E OpenGLRenderer: android_view_RenderNode_setLayerBlur ShortcutAndWidgetContainer, 1
10-08 03:42:46.301  3540  3540 E OpenGLRenderer: android_view_RenderNode_setLayerBlur ShortcutAndWidgetContainer, 1
10-08 03:42:46.301  3540  3540 E OpenGLRenderer: android_view_RenderNode_setLayerBlur ShortcutAndWidgetContainer, 1
10-08 03:42:46.301  3540  3540 E OpenGLRenderer: android_view_RenderNode_setLayerBlur ShortcutAndWidgetContainer, 1
10-08 03:42:46.302  3540  3540 D HnAppRec_14.1.0.14 IActionImpl: onPageBeginMoving
10-08 03:42:46.303  3540  3540 W HnLauncher: BubbleTextView  setTextViewColor mIsThemeSetTextColor return
10-08 03:42:46.308  1277 29635 I vendor.honor.hardware.iawareperf@1.0-service: uniperf: GetEventHandle new cmdHandle!!! cmdId = 4402.
10-08 03:42:46.308  1277 29635 I vendor.honor.hardware.iawareperf@1.0-service: uniperf: DoEventCacheHandle cache new cmdHandle!!! cmdId = 4402.
10-08 03:42:46.308  1277 29635 I vendor.honor.hardware.iawareperf@1.0-service: uniperf: PerfLockAcq() perfHandle = 2479
10-08 03:42:46.310  3540  3540 W HnLauncher: BubbleTextView  setTextViewColor mIsThemeSetTextColor return
10-08 03:42:46.314  1324 27829 I SDM     : DRMAtomicReq::Commit: Wait untill the earliest present time
10-08 03:42:46.329  1163  2173 I activity_recognition_service: (reportData:57):reportData: AR_REPORT_EVENT: upload_num 1, list_size 1
10-08 03:42:46.329  1163  2173 I activity_recognition_service: (reportData:86):AR_REPORT_EVENT: [0] a: 4, e: 2, t: 107426959624646, c: 0
10-08 03:42:46.329  1163  2173 I AR_impl : ActChangedCb start count[1]
10-08 03:42:46.330  1163  2173 I AR_impl : able to onActivityChangedV1_1
10-08 03:42:46.330  1163  2173 I AR_impl : ActChangedCb end, pid[1163]
10-08 03:42:46.330  1663  4043 I ScanSceneMonitor: onMovementStatusChanged
10-08 03:42:46.330  1163  2173 E activity_recognition_service: (EventCb:162):EventCb: unsupport msg: 1424
10-08 03:42:46.330  1663  2906 D ScanSceneMonitor: receive message 2
10-08 03:42:46.330  1663  2906 I ScanSceneMonitor: onMovementStatusChanged MSDP_MOVEMENT_STILL EVENT_TYPE_EXIT, isPlugged true mIsMsdpAbsStationary false
10-08 03:42:46.331  3778  6223 I MovementMonitor: onMovementStatusChanged
10-08 03:42:46.331  3778  6223 I MovementMonitor: movementEvents do nothing
10-08 03:42:46.331  3355  4689 I Hicom_Monitor: HnMSDPMovementChangeEvent happened
10-08 03:42:46.331  3355  4689 I Hicom_Monitor: movementType:3; eventType:2
10-08 03:42:46.332  3355  4689 I MovementMonitor: onMovementStatusChanged
10-08 03:42:46.332  3355  4369 I Hicom_PathDecision: in still state.
10-08 03:42:46.332  3355  4689 I MovementMonitor: movement is android.activity_recognition.still
10-08 03:42:46.332  3355  4689 I MovementMonitor: registrantsList.contains android.activity_recognition.still
10-08 03:42:46.332 10099 20248 I AWARENESS_MovementAbility: mov2,status:out,confi:0
10-08 03:42:46.333 10099 30128 I AWARENESS_WifiElevatorQualityMoni: movementData: still, out, 1728330165633, isWifiConnected: false
10-08 03:42:46.333 10099 22427 I AWARENESS_ReporterUtil: startScanDataToUpload : execute
10-08 03:42:46.333 10099 30128 I AWARENESS_StoreService: start insert
10-08 03:42:46.333 10099 22427 I AWARENESS_ReporterUtil: startScanDataToUpload : execute
10-08 03:42:46.333  3332  3417 I HnLBSService.HnMsdpMovementAdapter: receive msdp movement status changed.
10-08 03:42:46.333 10099 22427 I AWARENESS_UploadHelper: start upload collectType:RawMSDPMovement
10-08 03:42:46.333 10099 22427 I Intelli_Analytics_TrainingReport: appendRawData of moduleName: collect
10-08 03:42:46.333  3332  3392 I HnLBSService.HnMsdpMovementAdapter: distribute MSDP callback
10-08 03:42:46.333  3332  3392 I HnLBSService.HnMsdpMovementAdapter: distribute MSDP callback,do call back on tagcom.hihonor.lbs.HnNLPService.Support.HnNLPMSDPFunction$1@700705a
10-08 03:42:46.333 10099 30160 I AWARENESS_D_P_ContextContainer: update id: 1010200003
10-08 03:42:46.333  3332  3392 I HnLBSService.HnMsdpMovementAdapter: distribute MSDP callback,do call back on tagcom.hihonor.locatorservice.ability.nlpservice.Support.HnNLPMSDPFunction$1@ae9462c
10-08 03:42:46.371  1675  6970 I isf_honor: SensorHub::ProcessFusionData[883] sensorhub beta mode: 0, mode arg: 0, latency 0.4 ms
10-08 03:42:46.382  1529  1529 I aptouch_daemon: print_log, touch:0, down:0 
10-08 03:42:46.382  1663  2843 I HwFingersSnapshooter: handleMotionEvent last finger(0) up.
10-08 03:42:46.382  1663  2843 I HwFingersSnapshooter[GestureCollectionMotion]: reset mIsCollectionFinished:true, mIsMoreCollectionsFinished:true, isNeedUpdate:false, mCollectionService:null, mMoreCollectionsService:null
10-08 03:42:46.383  3540  3540 W HiTouch_PressGestureDetector: action:Up,touchSlop:24,interrupted:true
10-08 03:42:46.383  1663  2115 I Android : fling speed velocityY: 4181
10-08 03:42:46.384  1679  3517 I AGPService: TOUCH RefreshRateActionHandle 0
10-08 03:42:46.384  1391  1479 E Parcel  : Reading a NULL string not supported here.
10-08 03:42:46.384  1391  1479 D FluencyDetector: Begin fluency detect: LAUNCHER_SLIDE_ANIMATION
10-08 03:42:46.385  1679  3517 W AGPService: NotifyAnimationState not handle animation, animation tag: LAUNCHER_SLIDE_ANIMATION
10-08 03:42:46.385  3540  3540 D HnAppRec_14.1.0.14 ICardOperateImpl: getJsCardsInPage
10-08 03:42:46.385  3540  3540 I HWSpringAnimation: updateValueAndVelocity: mStartValue=3615.0, mEndValue=4320.0, mValue=3697.4585, mVelocity=5400.007, deltaT=16
10-08 03:42:46.392  3540  3540 I HWSpringAnimation: updateValueAndVelocity: mStartValue=3615.0, mEndValue=4320.0, mValue=3735.534, mVelocity=5461.541, deltaT=7
10-08 03:42:46.400  3540  3540 I HWSpringAnimation: updateValueAndVelocity: mStartValue=3615.0, mEndValue=4320.0, mValue=3779.1328, mVelocity=5420.9424, deltaT=8
10-08 03:42:46.409  3540  3540 I HWSpringAnimation: updateValueAndVelocity: mStartValue=3615.0, mEndValue=4320.0, mValue=3827.31, mVelocity=5269.2344, deltaT=9
10-08 03:42:46.417  3540  3540 I HWSpringAnimation: updateValueAndVelocity: mStartValue=3615.0, mEndValue=4320.0, mValue=3868.6887, mVelocity=5066.7036, deltaT=8
10-08 03:42:46.425  3540  3540 I HWSpringAnimation: updateValueAndVelocity: mStartValue=3615.0, mEndValue=4320.0, mValue=3908.261, mVelocity=4820.466, deltaT=8
10-08 03:42:46.433  1693 12576 I FileCollectExecutor: FileCollectExecutor select3 8
10-08 03:42:46.434  1693 12576 I FileCollectExecutor: FileCollectExecutor select1 8
10-08 03:42:46.434  3540  3540 I HWSpringAnimation: updateValueAndVelocity: mStartValue=3615.0, mEndValue=4320.0, mValue=3945.7405, mVelocity=4545.7197, deltaT=8
10-08 03:42:46.436  1693 12575 I FileCollectExecutor: FileCollectExecutor select3 7
10-08 03:42:46.436  1693 12575 I FileCollectExecutor: FileCollectExecutor select1 7
10-08 03:42:46.442  3540  3540 I HWSpringAnimation: updateValueAndVelocity: mStartValue=3615.0, mEndValue=4320.0, mValue=3985.1848, mVelocity=4217.412, deltaT=9
10-08 03:42:46.450  3540  3540 I HWSpringAnimation: updateValueAndVelocity: mStartValue=3615.0, mEndValue=4320.0, mValue=4017.731, mVelocity=3918.7256, deltaT=8
10-08 03:42:46.459  3540  3540 I HWSpringAnimation: updateValueAndVelocity: mStartValue=3615.0, mEndValue=4320.0, mValue=4047.887, mVelocity=3620.9233, deltaT=8
10-08 03:42:46.467  3540  3540 I HWSpringAnimation: updateValueAndVelocity: mStartValue=3615.0, mEndValue=4320.0, mValue=4078.9937, mVelocity=3293.4465, deltaT=9
10-08 03:42:46.475  3540  3540 I HWSpringAnimation: updateValueAndVelocity: mStartValue=3615.0, mEndValue=4320.0, mValue=4104.2124, mVelocity=3013.26, deltaT=8
10-08 03:42:46.483  3540  3540 I HWSpringAnimation: updateValueAndVelocity: mStartValue=3615.0, mEndValue=4320.0, mValue=4127.24, mVelocity=2746.0903, deltaT=8
10-08 03:42:46.492  3540  3540 I HWSpringAnimation: updateValueAndVelocity: mStartValue=3615.0, mEndValue=4320.0, mValue=4150.668, mVelocity=2463.2134, deltaT=9
10-08 03:42:46.500  3540  3540 I HWSpringAnimation: updateValueAndVelocity: mStartValue=3615.0, mEndValue=4320.0, mValue=4169.4243, mVelocity=2228.603, deltaT=8
10-08 03:42:46.508  3540  3540 I HWSpringAnimation: updateValueAndVelocity: mStartValue=3615.0, mEndValue=4320.0, mValue=4186.369, mVelocity=2010.3074, deltaT=8
10-08 03:42:46.517  3540  3540 I HWSpringAnimation: updateValueAndVelocity: mStartValue=3615.0, mEndValue=4320.0, mValue=4201.633, mVelocity=1808.3557, deltaT=8
10-08 03:42:46.525  3540  3540 I HWSpringAnimation: updateValueAndVelocity: mStartValue=3615.0, mEndValue=4320.0, mValue=4216.957, mVelocity=1600.3427, deltaT=9
10-08 03:42:46.532  1722  1722 E Thermal-daemon:hn_thermal: [shell_frame] tempNew :35  tempOld :36
10-08 03:42:46.533  3540  3540 I HWSpringAnimation: updateValueAndVelocity: mStartValue=3615.0, mEndValue=4320.0, mValue=4229.0757, mVelocity=1431.92, deltaT=8
10-08 03:42:46.542  3540  3540 I HWSpringAnimation: updateValueAndVelocity: mStartValue=3615.0, mEndValue=4320.0, mValue=4239.907, mVelocity=1278.2986, deltaT=8
10-08 03:42:46.550  3540  3540 I HWSpringAnimation: updateValueAndVelocity: mStartValue=3615.0, mEndValue=4320.0, mValue=4250.6963, mVelocity=1122.1793, deltaT=9
10-08 03:42:46.558  3540  3540 I HWSpringAnimation: updateValueAndVelocity: mStartValue=3615.0, mEndValue=4320.0, mValue=4259.166, mVelocity=997.3075, deltaT=8
10-08 03:42:46.567  3540  3540 I HWSpringAnimation: updateValueAndVelocity: mStartValue=3615.0, mEndValue=4320.0, mValue=4266.6855, mVelocity=884.5922, deltaT=8
10-08 03:42:46.571  1675  1689 I SAL     : [AR][vehToWalk] g_VehToWalkFlag:0, g_qWalkStartDetectFlag:0, g_StopVehicleCnt:0
10-08 03:42:46.571  1675  1689 I SAL     : [AR][main] clk:1601100, status:63, foot:0, transport:-1, vehicle stop:0, vehToWalk:0
10-08 03:42:46.571  1675  1689 I SAL     : [AR][main] relative still:1, elevator:0, moblivious:0, railStatus:0, steps:0
10-08 03:42:46.571  1675  1689 W SAL     : [AR] p[walk:7,run:0,ride:0,veh:1394,unk:9642]
10-08 03:42:46.571  1675  1689 W SAL     : [AR] score[walk:0,run:0,ride:0,veh:0,unk:96,stat:0]
10-08 03:42:46.574  4561 18566 I HnSearchService: [safe-binder-7]: PublicIndexWriter: close and commit index com.hihonor.photos cost ms:147
10-08 03:42:46.574  4561 18566 I HnSearchService: [safe-binder-7]: PublicIndexManager: bulk apply index com.hihonor.photos size: 50 cost ms:507
10-08 03:42:46.574  4561 18566 I HnSearchService: [safe-binder-7]: PublicIndexManager: bulk operate index com.hihonor.photos cost ms:507
10-08 03:42:46.574  4561 18566 I HnSearchService: [safe-binder-7]: PublicIndexManager: index 50 index in 0/com.hihonor.photos , failed 0
10-08 03:42:46.574  4561 18566 I HnSearchService: [safe-binder-7]: Smartsearch: SmartSearch close
10-08 03:42:46.575  3540  3540 I HWSpringAnimation: updateValueAndVelocity: mStartValue=3615.0, mEndValue=4320.0, mValue=4274.1265, mVelocity=771.20325, deltaT=9
10-08 03:42:46.575  4561 18566 I HnSearchService: [safe-binder-7]: SearchServiceStub: com.hihonor.photos call updateVersion cost ms:525
10-08 03:42:46.578 23427  1065 I HnSearchService:kit-com.hihonor.photos: SearchServiceClient: update cost ms:545
10-08 03:42:46.583  3540  3540 I HWSpringAnimation: updateValueAndVelocity: mStartValue=3615.0, mEndValue=4320.0, mValue=4279.93, mVelocity=681.3606, deltaT=8
10-08 03:42:46.584  1391  1535 I Scheduler: touchTimerCallback timer change to TimerState: Expired
10-08 03:42:46.587  1164 22245 I vendor.qti.bluetooth@1.0-ibs_handler: ProcessIbsCmd: Received IBS_WAKE_IND: 0xFD
10-08 03:42:46.587  1164 22245 D vendor.qti.bluetooth@1.0-ibs_handler: SerialClockVote: vote for UART CLK ON
10-08 03:42:46.588  1164 22245 D vendor.qti.bluetooth@1.0-wake_lock: Acquire wakelock is acquired 
10-08 03:42:46.588  1164 22245 I vendor.qti.bluetooth@1.0-ibs_handler: ProcessIbsCmd: Writing IBS_WAKE_ACK
10-08 03:42:46.589 22081 22126 W hw_bt_utils: IsAdvReportSupportBleFastScan: pktDataLen = 0 or pktData is nullptr
10-08 03:42:46.592  3540  3540 I HWSpringAnimation: updateValueAndVelocity: mStartValue=3615.0, mEndValue=4320.0, mValue=4285.053, mVelocity=600.93, deltaT=8
10-08 03:42:46.600  3540  3540 I HWSpringAnimation: updateValueAndVelocity: mStartValue=3615.0, mEndValue=4320.0, mValue=4290.093, mVelocity=520.6766, deltaT=9
10-08 03:42:46.608  3540  3540 I HWSpringAnimation: updateValueAndVelocity: mStartValue=3615.0, mEndValue=4320.0, mValue=4294.001, mVelocity=457.57758, deltaT=8
10-08 03:42:46.616  3540  3540 I HWSpringAnimation: updateValueAndVelocity: mStartValue=3615.0, mEndValue=4320.0, mValue=4297.4326, mVelocity=401.4742, deltaT=8
10-08 03:42:46.625  3540  3540 I HWSpringAnimation: updateValueAndVelocity: mStartValue=3615.0, mEndValue=4320.0, mValue=4300.79, mVelocity=345.8789, deltaT=9
10-08 03:42:46.625  1663  2578 D LightSensorEventListener: lux278
10-08 03:42:46.626  1679  3517 I AGPService: ExternalEventCode 80015 value 278
10-08 03:42:46.626  1679  3517 I AGPService: lux 278
10-08 03:42:46.626  1679  3517 W ServiceManagerCppClient: Failed to get isDeclared for vendor.honor.hardware.hwdisplay.IDisplay/default: Status(-1, EX_SECURITY): 'SELinux denied.'
10-08 03:42:46.626  1679  3517 E AGPService: Display Service AIDL nullptr
10-08 03:42:46.626  1679  3517 E AGPService: DisplayFreqClient: [GetCurrentLightValueByAidl]: GetDisplayService failed
10-08 03:42:46.627  1679  3517 E AGPService: fopen failed: Permission denied
10-08 03:42:46.627  1679  3517 I AGPService: current light value : -1
10-08 03:42:46.627  1679  3517 I AGPService: FilterAction mVotePool.size: 1 priority 1000 sceneCode 1000 
10-08 03:42:46.627  1679  3517 I AGPService: ScreenLight default 120
10-08 03:42:46.627  1679  3517 I AGPService: PostAction
10-08 03:42:46.627  1679  3517 I AGPService: FilterAction mVotePool.size: 1 priority 1000 sceneCode 1000 
10-08 03:42:46.627  1679  1848 I AGPService: FilterAction mVotePool.size: 1 priority 1000 sceneCode 1000 
10-08 03:42:46.627  1679  1848 I AGPService: NotifyExtraPolicyInfoToSF fps: 60
10-08 03:42:46.627  1679  1848 I AGPService: SendPolicyByAction isGame 0 sceneCode 1000 priority 1000 lightEnabled 0 fpsHold 0 minFps 120 maxFps 120
10-08 03:42:46.627  1391  1479 I SurfaceFlinger: setDesiredDisplayModeSpecs pid: 1679 AGP-pid: 1679
10-08 03:42:46.628  1164 22245 I vendor.qti.bluetooth@1.0-ibs_handler: ProcessIbsCmd: Received IBS_SLEEP_IND: 0xFE
10-08 03:42:46.628  1164 22245 D vendor.qti.bluetooth@1.0-ibs_handler: SerialClockVote: vote for UART CLK OFF
10-08 03:42:46.792  1391  1479 D FluencyDetector: End fluency detect: LAUNCHER_SLIDE_ANIMATION
10-08 03:42:46.793  3540  3540 E OpenGLRenderer: android_view_RenderNode_setLayerBlur ShortcutAndWidgetContainer, 0
10-08 03:42:46.793  3540  3540 E OpenGLRenderer: android_view_RenderNode_setLayerBlur ShortcutAndWidgetContainer, 0
10-08 03:42:46.793  3540  3540 E OpenGLRenderer: android_view_RenderNode_setLayerBlur ShortcutAndWidgetContainer, 0
10-08 03:42:46.793  3540  3540 E OpenGLRenderer: android_view_RenderNode_setLayerBlur ShortcutAndWidgetContainer, 0
10-08 03:42:46.793  3540  3540 E OpenGLRenderer: android_view_RenderNode_setLayerBlur ShortcutAndWidgetContainer, 0
10-08 03:42:46.793  3540  3540 D HnAppRec_14.1.0.14 IActionImpl: onPageEndMoving
10-08 03:42:46.889  1324 27829 I SDM     : DRMAtomicReq::Commit: Wait untill the earliest present time
10-08 03:42:46.971  1529  1529 I aptouch_daemon: change_to_idlemode, enter idle, ret=0x0000
10-08 03:42:46.993  1529  1529 I aptouch_daemon: check_idle_status, idle in. 100
10-08 03:42:47.004  1391  1535 I Scheduler: idleTimerCallback timer change to TimerState: Expired
10-08 03:42:47.004  1391  1535 I Scheduler: idleTimerCallback call boostTimerCallback Expired
10-08 03:42:47.004  1391  1535 I Scheduler: boostTimerCallback timer change to TimerState: Expiring
10-08 03:42:47.017  1663  2123 I AppEyeFwkBlock: do monitor
10-08 03:42:47.305  1529  1529 I aptouch_daemon: check_idle_status, idle out.
10-08 03:42:47.307  1529  1529 I aptouch_daemon: print_log, touch:1, down:1 (+0)
10-08 03:42:47.307  1663  2843 D fingersense_manager: Calling fingersense_classify_touch()
10-08 03:42:47.308  1182  2594 I sensors-hal: input_event_handler:403, input event type = 4
10-08 03:42:47.308  1182  2594 I sensors-hal: input_event_handler:405, type=4 4 1000
10-08 03:42:47.308  1182  2594 I sensors-hal: input_event_handler:410, Fs_data req data flag
10-08 03:42:47.308  1182  2594 I sensors-hal: input_event_handler:403, input event type = 0
10-08 03:42:47.308  1182  2595 I sensors-hal: data_thread_func:298, Sending request to get fs_data
10-08 03:42:47.308  1182  2595 I sensors-hal: send_finger_enable_req:159, send_finger_enable_req: start, req flag = 1000
10-08 03:42:47.310  1182  2588 E sensors-hal: fs_conn_enevt_cb:373, fs_conn_enevt_cb: start
10-08 03:42:47.310  1182  2588 E sensors-hal: HandleFingerEvent:347, HandleFingerEvent: recv data = 788.000000, dataSize = 128
10-08 03:42:47.310  1182  2588 I sensors-hal: HandleFingerEvent:367, HandleFingerEvent finger data = 3152,3136,3128,3136,3132,3140,3148,3152,3152,3156,3164,3168,3172,3168,3180,3196,3208,3208,3212,3212,3212,3216,3216,3220,3228,3240,3240,3244,3252,3260,3260,3260,3264,3272,3272,3276,3284,3284,3284,3280,3276,3276,3280,3288,3288,3296,3296,3296,3292,3292,3300,3320,3320,3320,3328,3336,3344,3352,3360,3360,3364,3376,3376,3376,3372,3376,3384,3384,3392,3404,3392,3396,3396,3396,3384,3388,3388,3388,3388,3384,3380,3376,3364,3364,3360,3360,3348,3344,3336,3332,3324,3320,3312,3304,3288,3272,3272,3264,3252,3244,3240,3232,3220,3204,3204,3200,3184,3172,3164,3148,3136,3132,3128,3124,3116,3104,3096,3100,3096,3096,3088,3076,3068,3060,3060,3056,3056,3060,
10-08 03:42:47.310  1182  2588 I sensors-hal: HandleFingerEvent:368, HandleFingerEvent finger data2 = 
10-08 03:42:47.311  1182  2595 I sensors-hal: WaitForFingerDataReady:252, WaitForFingerDataReady:pthread_cond_timedwait is break.
10-08 03:42:47.311  1663  2843 I osfingersense: Acc read ok
10-08 03:42:47.311  1182  2595 I sensors-hal: data_thread_func:321, Sent data to fs module
10-08 03:42:47.311  1663  2843 I osfingersense: RawTouch: 0, 5424.000000, 9598.000000, 196.000000, 147.000000, 335.000000, -70.000000, 0.000000, 147.000000, 0
10-08 03:42:47.311  1663  2843 I osfingersense: Acc pack start 3152 3136 3128 3136 3132 3140 3148 3152 3152 3156 3164 3168 3172 3168 3180 3196 3208 3208 3212 3212 3212 3216 3216 3220 3228 3240 3240 3244 3252 3260 3260 3260 3264 3272 3272 3276 3284 3284 3284 3280 3276 3276 3280 3288 3288 3296 3296 3296 3292 3292 3300 3320 3320 3320 3328 3336 3344 3352 3360 3360 3364 3376 3376 3376 3372 3376 3384 3384 3392 3404 3392 3396 3396 3396 3384 3388 3388 3388 3388 3384 3380 3376 3364 3364 3360 3360 3348 3344 3336 3332 3324 3320 3312 3304 3288 3272 3272 3264 3252 3244 3240 3232 3220 3204 3204 3200 3184 3172 3164 3148 3136 3132 3128 3124 3116 3104 3096 3100 3096 3096 3088 3076 3068 3060 3060 3056 3056 3060 Acc pack end
10-08 03:42:47.311  1663  2843 I osfingersense: Cap pack start 23 18 17 11 16 4 -13 30 48 93 116 54 22 2 38 54 273 782 449 130 20 3 55 387 2122 2060 386 70 8 41 136 565 825 368 89 8 18 53 123 161 126 80 13 -5 9 40 43 44 31 Cap pack end
10-08 03:42:47.311  1663  2843 I osfingersense: touch down-id: 0
10-08 03:42:47.311  1663  2843 I osfingersense: fingersense_classify_touch: M F: 279.581146
10-08 03:42:47.311  1663  2843 I osfingersense: fingersense_classify_touch: P M F: 93.750061
10-08 03:42:47.311  1663  2843 I osfingersense: fingersense_classify_touch: P: 335.000000
10-08 03:42:47.311  1663  2843 I osfingersense: fingersense_classify_touch: N A: 0.482759
10-08 03:42:47.311  1663  2843 I osfingersense: fingersense_classify_touch: N S: 0.379023
10-08 03:42:47.311  1663  2843 I osfingersense: fingersense_classify_touch: M U: 6656.687500
10-08 03:42:47.311  1663  2843 I osfingersense: fingersense_classify_touch: G: 20.000000
10-08 03:42:47.311  1663  2843 I osfingersense: fingersense_classify_touch: B--G
10-08 03:42:47.311  1663  2843 I osfingersense: fingersense_classify_touch: Part IV
10-08 03:42:47.311  1663  2843 I osfingersense: Part IV B
10-08 03:42:47.311  1663  2843 I osfingersense: fingersense_classify_touch: inference = 0
10-08 03:42:47.311  1663  2843 D fingersense_manager: fingersense_classify_touch() finished
10-08 03:42:47.312  1663  2843 I HwFingersSnapshooter: handleMotionEvent first finger(0) touch down at (678.0,1199.75,0.0 , 0.0 , 0.0)
10-08 03:42:47.312  1679  3517 I AGPService: TOUCH RefreshRateActionHandle 1
10-08 03:42:47.312  1663  2842 I InputDispatcher: notifyBoostRefreshRate status: 0
10-08 03:42:47.312  1663  2842 I InputDispatcher: publishMotion chanel = 7093f50 com.hihonor.android.launcher/com.hihonor.android.launcher.unihome.UniHomeLauncher (server)  MotionEntry = MotionEvent
10-08 03:42:47.312  1391  1479 I SurfaceFlinger: notifyVrrBoost VRR 1 --- 0
10-08 03:42:47.312  1391  1479 I Scheduler: onVRRBoostEvent type: TOUCH status: ENTER
10-08 03:42:47.313  3540  3540 I HiTouch_PressGestureDetector: checkDoublePointerLimit:xPoss,yPoss:678,1199
10-08 03:42:47.313  1663  2842 I InputDispatcher: publishMotion chanel = e99ac0a com.android.systemui.wallpapers.ImageWallpaper (server)  MotionEntry = MotionEvent
10-08 03:42:47.313  1391  1535 I Scheduler: boostTimerCallback timer change to TimerState: Reset
10-08 03:42:47.313  1391  1535 I Scheduler: idleTimerCallback timer change to TimerState: Reset
10-08 03:42:47.313  3540  3540 W HnLauncher: HnQuickSwitchTouchController is have drag end or gesture is up, return.
10-08 03:42:47.313  1391  1535 I Scheduler: touchTimerCallback timer change to TimerState: Reset
10-08 03:42:47.314  1391  1479 I VSyncReactor: startPeriodTransitionInternal newPeriod:8333333
10-08 03:42:47.315  3540  3540 I RMS.HwSysResManager: preloadAppForLauncher packageName com.example.videoframeapp preloadType 101
10-08 03:42:47.316  1277 29635 I vendor.honor.hardware.iawareperf@1.0-service: uniperf: PerfLockAcq() perfHandle = 2481
10-08 03:42:47.317  3540  3540 W HnLauncher: BubbleTextView  setTextViewColor mIsThemeSetTextColor return
10-08 03:42:47.317  3540  3540 W HnLauncher: BubbleTextView  setTextViewColor mIsThemeSetTextColor return
10-08 03:42:47.317  3540  3540 W HnLauncher: BubbleTextView  setTextViewColor mIsThemeSetTextColor return
10-08 03:42:47.318  3540  3540 W HnLauncher: RightTopMarkUpdaterManager checkNotificationState: currentState is false PackageName ComponentInfo{com.hihonor.health/com.hihonor.health.splash.SplashActivity} userId 0
10-08 03:42:47.318  3540  3540 W HnLauncher: Icon.Badge drawUnReadMark: isDisplayBadge is false cmp ComponentInfo{com.hihonor.health/com.hihonor.health.splash.SplashActivity} userId = 0
10-08 03:42:47.318  3540  3540 W HnLauncher: BubbleTextView  setTextViewColor mIsThemeSetTextColor return
10-08 03:42:47.318  3540  3540 W HnLauncher: BubbleTextView  setTextViewColor mIsThemeSetTextColor return
10-08 03:42:47.318  3540  3540 W HnLauncher: BubbleTextView  setTextViewColor mIsThemeSetTextColor return
10-08 03:42:47.318  1663  2115 D HnGestureActionListener: not fingersense event
10-08 03:42:47.318  3540  3540 W HnLauncher: BubbleTextView  setTextViewColor mIsThemeSetTextColor return
10-08 03:42:47.318  3540  3540 W HnLauncher: BubbleTextView  setTextViewColor mIsThemeSetTextColor return
10-08 03:42:47.319  1663  2819 W ProcessStats: Tracking association SourceState{b623143 com.hihonor.android.totemweather/10047 BTop #24753} whose proc state 2 is better than process ProcessState{3cd84f1 com.hihonor.msdp/1000 pkg=com.hihonor.msdp} proc state 4 (5 skipped)
10-08 03:42:47.319  3540  3540 W HnLauncher: BubbleTextView  setTextViewColor mIsThemeSetTextColor return
10-08 03:42:47.319  3540  3540 W HnLauncher: BubbleTextView  setTextViewColor mIsThemeSetTextColor return
10-08 03:42:47.319  3540  3540 W HnLauncher: BubbleTextView  setTextViewColor mIsThemeSetTextColor return
10-08 03:42:47.319  3540  3540 W HnLauncher: BubbleTextView  setTextViewColor mIsThemeSetTextColor return
10-08 03:42:47.319  3540  3540 W HnLauncher: BubbleTextView  setTextViewColor mIsThemeSetTextColor return
10-08 03:42:47.319  3540  3540 W HnLauncher: BubbleTextView  setTextViewColor mIsThemeSetTextColor return
10-08 03:42:47.320  3540  3540 W HnLauncher: BubbleTextView  setTextViewColor mIsThemeSetTextColor return
10-08 03:42:47.320  3540  3540 W HnLauncher: BubbleTextView  setTextViewColor mIsThemeSetTextColor return
10-08 03:42:47.320  3540  3540 W HnLauncher: BubbleTextView  setTextViewColor mIsThemeSetTextColor return
10-08 03:42:47.320  1663  2457 I HWMW_HwMagicWinAmsPolicy: ### Execute -> overrideArgsForHwMagicWin, info: ApplicationInfo{f915d78 com.example.videoframeapp}
10-08 03:42:47.320  1663  2457 W HWMW_HwMagicWinAmsPolicy: getFocusedTopStack return, container is null
10-08 03:42:47.320  3540  3540 W HnLauncher: BubbleTextView  setTextViewColor mIsThemeSetTextColor return
10-08 03:42:47.320  3540  3540 W HnLauncher: BubbleTextView  setTextViewColor mIsThemeSetTextColor return
10-08 03:42:47.320  3540  3540 W HnLauncher: BubbleTextView  setTextViewColor mIsThemeSetTextColor return
10-08 03:42:47.320  3540  3540 W HnLauncher: BubbleTextView  setTextViewColor mIsThemeSetTextColor return
10-08 03:42:47.320  3540  3540 W HnLauncher: BubbleTextView  setTextViewColor mIsThemeSetTextColor return
10-08 03:42:47.321  3540  3540 W HnLauncher: BubbleTextView  setTextViewColor mIsThemeSetTextColor return
10-08 03:42:47.321  3540  3540 W HnLauncher: BubbleTextView  setTextViewColor mIsThemeSetTextColor return
10-08 03:42:47.321  3540  3540 W HnLauncher: BubbleTextView  setTextViewColor mIsThemeSetTextColor return
10-08 03:42:47.322  1391  1528 I VSyncReactor: addHwVsyncTimestamp periodConfirmed. hwcVsyncPeriod:8333333
10-08 03:42:47.322  3388  3864 I PG_ash  : onInputHookEvent
10-08 03:42:47.322  1379 26837 D AudioPolicyService: getUidState(10058) !cacheIter->second.first, return PROCESS_STATE_UNKNOWN
10-08 03:42:47.322  1379 26837 D AudioPolicyService: getUidState(10058) !cacheIter->second.first, return PROCESS_STATE_UNKNOWN
10-08 03:42:47.328  1324 27829 I SDM     : DRMAtomicReq::Commit: Wait untill the earliest present time
10-08 03:42:47.331   992   992 D Zygote  : Forked child process 8488
10-08 03:42:47.332  1663  2457 I ActivityManager: Start proc 8488:com.example.videoframeapp/u0a58 for TouchDown-start-application com.example.videoframeapp
10-08 03:42:47.332  1663  2457 I SWAP_SCENE: Entering notifySceneData notifySceneData. EventType:PROCESS_CREATE para:com.example.videoframeapp
10-08 03:42:47.332  1663  2457 I HwActivityManagerServiceEx: notifyProcessStatusChange::pkg:com.example.videoframeapp pid:8488 uid:10058
10-08 03:42:47.333  1663  3334 E ProcessInfoCollector: getProcessInfo: failed to find this proc.
10-08 03:42:47.333  1737  1746 D AwareLog: get pte args: startType=0, uid=10058, pid=0, packageName=com.example.videoframeapp, fileName=com.example.videoframeapp
10-08 03:42:47.333  1737  1746 D AwareLog: DoMemMsgPteCacheFeatures handle pte record preread
10-08 03:42:47.333  1737  1853 D AwareLog: do pte preread content 0 10058 0 com.example.videoframeapp /data/system/iaware/fmps/com.example.videoframeapp/com.example.videoframeapp
10-08 03:42:47.344  8488  8488 I e.videoframeapp: Late-enabling -Xcheck:jni
10-08 03:42:47.363  8488  8488 I e.videoframeapp: Using CollectorTypeCC GC.
10-08 03:42:47.364  8488  8488 I e.videoframeapp: Reinit property: dalvik.vm.checkjni= false
10-08 03:42:47.364  8488  8488 I e.videoframeapp: ReInitProperties: persist.vm.debug.dumpapi= false
10-08 03:42:47.367 30759 30768 I adbd    : jdwp connection from 8488
10-08 03:42:47.370  1675  6970 I isf_honor: SensorHub::ProcessFusionData[883] sensorhub beta mode: 0, mode arg: 0, latency 0.6 ms
10-08 03:42:47.371  1391  1551 E SurfaceFlinger: Failed to open wakeup node, error = No such file or directory
10-08 03:42:47.375  8488  8488 I ActivityThread: preloadStatus:1
10-08 03:42:47.378  8488  8488 D ActivityThread: Attach thread to application
10-08 03:42:47.378  1529  1529 I aptouch_daemon: print_log, touch:0, down:0 
10-08 03:42:47.380  1679  3517 I AGPService: TOUCH RefreshRateActionHandle 0
10-08 03:42:47.380  1663  2843 I HwFingersSnapshooter: handleMotionEvent last finger(0) up.
10-08 03:42:47.380  1663  2843 I HwFingersSnapshooter[GestureCollectionMotion]: reset mIsCollectionFinished:true, mIsMoreCollectionsFinished:true, isNeedUpdate:false, mCollectionService:null, mMoreCollectionsService:null
10-08 03:42:47.380  3540  3540 W HiTouch_PressGestureDetector: action:Up,touchSlop:24,interrupted:false
10-08 03:42:47.382  1663  4043 I WindowManager: getRotationAfterTransitionFinish from share lib
10-08 03:42:47.382  3540  3540 E HnLauncher: Launcher  onClick  intent=Intent { act=android.intent.action.MAIN cat=[android.intent.category.LAUNCHER] flg=0x10200000 cmp=com.example.videoframeapp/.MainActivity bnds=[540,1079][794,1380] (has extras) }  Extras=Bundle[{startfrom=101}]
10-08 03:42:47.384  1663  4854 D HwWindowManagerServiceEx: recompute display mode
10-08 03:42:47.384  8488  8502 V HnExtFrameworkFactory: successes to get AllImpl object and return....
10-08 03:42:47.387  1737  1746 I AwareLog: IsSplashThread threadName[3223][ll.splashscreen]
10-08 03:42:47.388  1737  1746 I AwareLog: SetThreadToVipGroup:: iawared vipgroup set pid[3223] Success!
10-08 03:42:47.388  1737  1746 I AwareLog: IsSplashThread threadName[3224][ll.splashworker]
10-08 03:42:47.388  1737  1746 I AwareLog: SetThreadToVipGroup:: iawared vipgroup set pid[3224] Success!
10-08 03:42:47.389  1737  1746 I AwareLog: IsSplashThread threadName[3211][wmshell.main]
10-08 03:42:47.389  1737  1746 I AwareLog: SetThreadToVipGroup:: iawared vipgroup set pid[3211] Success!
10-08 03:42:47.389  1663  2742 D CompatibilityChangeReporter: Compat change id reported: 161252188; UID 10058; state: DISABLED
10-08 03:42:47.390  1663  2742 I HwStartWindowRecord: windowModeChange is ing pkg: com.hihonor.android.launcherintentIntent { act=android.intent.action.MAIN cat=[android.intent.category.LAUNCHER] flg=0x10200000 cmp=com.example.videoframeapp/.MainActivity bnds=[540,1079][794,1380] (has extras) }
10-08 03:42:47.390  1663  2742 I SWAP_SCENE: Entering notifySceneData notifySceneData. EventType:SWITCH_TO_FOREGROUND para:com.example.videoframeapp
10-08 03:42:47.390  1663  2742 I ActivityTaskManager: START u0 {act=android.intent.action.MAIN cat=[android.intent.category.LAUNCHER] flg=0x10200000 cmp=com.example.videoframeapp/.MainActivity bnds=[540,1079][794,1380] (has extras)} with LAUNCH_MULTIPLE from uid 10092
10-08 03:42:47.390  1663  2742 E ResMng NATIVE_MSG_FILTER: Fail to get hwrme service
10-08 03:42:47.391  1663  2742 D HwGameAssistantController: isGameForeground? false
10-08 03:42:47.391  1663  2742 I ActivityTaskManager: ActivityRecord info: ActivityInfo{d3ad924 com.example.videoframeapp.MainActivity}
10-08 03:42:47.392  1663  2819 D HwActivityManagerServiceEx: getPackageNameForPid callingAppId: 1000
10-08 03:42:47.392  1663  2742 D CompatibilityChangeReporter: Compat change id reported: 265464455; UID 10058; state: DISABLED
10-08 03:42:47.392  1663  2742 D CompatibilityChangeReporter: Compat change id reported: 265452344; UID 10058; state: DISABLED
10-08 03:42:47.392  1663  2742 D CompatibilityChangeReporter: Compat change id reported: 266124927; UID 10058; state: DISABLED
10-08 03:42:47.392  1663  2742 D CompatibilityChangeReporter: Compat change id reported: 265451093; UID 10058; state: DISABLED
10-08 03:42:47.392  1663  2742 D CompatibilityChangeReporter: Compat change id reported: 265456536; UID 10058; state: DISABLED
10-08 03:42:47.392  1663  2742 D CompatibilityChangeReporter: Compat change id reported: 255940284; UID 10058; state: DISABLED
10-08 03:42:47.392  1663  2742 D CompatibilityChangeReporter: Compat change id reported: 236283604; UID 10058; state: DISABLED
10-08 03:42:47.393  1663  2742 D CompatibilityChangeReporter: Compat change id reported: 263959004; UID 10058; state: DISABLED
10-08 03:42:47.393  1663  2742 D CompatibilityChangeReporter: Compat change id reported: 264304459; UID 10058; state: DISABLED
10-08 03:42:47.393  1663  2742 D CompatibilityChangeReporter: Compat change id reported: 264301586; UID 10058; state: DISABLED
10-08 03:42:47.393  1663  2742 D CompatibilityChangeReporter: Compat change id reported: 254631730; UID 10058; state: DISABLED
10-08 03:42:47.393  1663  2742 D CompatibilityChangeReporter: Compat change id reported: 273509367; UID 10058; state: DISABLED
10-08 03:42:47.393  1663  2742 D CompatibilityChangeReporter: Compat change id reported: 263259275; UID 10058; state: DISABLED
10-08 03:42:47.393  1663  2742 D CompatibilityChangeReporter: Compat change id reported: 174042980; UID 10058; state: DISABLED
10-08 03:42:47.393  1663  2742 D CompatibilityChangeReporter: Compat change id reported: 174042936; UID 10058; state: DISABLED
10-08 03:42:47.393  1737  1746 I AwareLog: IsSplashThread threadName[3223][ll.splashscreen]
10-08 03:42:47.393  8488  8505 D IoPerfPtePrereadJni: do pte preread content 0 10058 8488 com.example.videoframeapp /data/system/iaware/fmps/com.example.videoframeapp/com.example.videoframeapp
10-08 03:42:47.393  1663  2742 D CompatibilityChangeReporter: Compat change id reported: 181136395; UID 10058; state: DISABLED
10-08 03:42:47.393  1737  1746 I AwareLog: SetThreadToVipGroup:: iawared vipgroup set pid[3223] Success!
10-08 03:42:47.394  1737  1746 I AwareLog: IsSplashThread threadName[3224][ll.splashworker]
10-08 03:42:47.394  1737  1746 I AwareLog: SetThreadToVipGroup:: iawared vipgroup set pid[3224] Success!
10-08 03:42:47.394  1737  1746 I AwareLog: IsSplashThread threadName[3211][wmshell.main]
10-08 03:42:47.394  1737  1746 I AwareLog: SetThreadToVipGroup:: iawared vipgroup set pid[3211] Success!
10-08 03:42:47.394  1663  2742 D CompatibilityChangeReporter: Compat change id reported: 194480991; UID 10058; state: ENABLED
