--------- beginning of main
11-01 15:21:48.023  1681  1691 E Diag-Router: diag: glinkpkt_open: failed to create control node for slate_adsp
11-01 15:21:48.023  1681  1690 E Diag-Router: diag: glinkpkt_open: failed to create control node for slate_apps
--------- beginning of kernel
11-01 15:21:48.263     1     1 I init    : starting service 'vendor.qsap.mpamsvc'...
11-01 15:21:48.273     1     1 I init    : ... started service 'vendor.qsap.mpamsvc' has pid 14538
11-01 15:21:48.313 14538 14538 F qsap_mpamsvc: Could not read base policy file '/vendor/etc/seccomp_policy/qsap_mpamsvc.policy'
--------- beginning of crash
11-01 15:21:48.313 14538 14538 F libc    : Fatal signal 6 (SIGABRT), code -1 (SI_QUEUE) in tid 14538 (qsap_mpamsvc), pid 14538 (qsap_mpamsvc)
11-01 15:21:48.319 14542 14542 I crash_dump64: obtaining output fd from tombstoned, type: kDebuggerdTombstoneProto
11-01 15:21:48.319  1286  1286 I tombstoned: received crash request for pid 14538
11-01 15:21:48.319 14542 14542 I crash_dump64: performing dump of process 14538 (target tid = 14538)
11-01 15:21:48.329 14542 14542 F DEBUG   : *** *** *** *** *** *** *** *** *** *** *** *** *** *** *** ***
11-01 15:21:48.329 14542 14542 F DEBUG   : Build fingerprint: 'qti/canoe/canoe:16/BQ2A.250525.001-BP2A.250605.031.A3/eng.lz3786:userdebug/test-keys'
11-01 15:21:48.329 14542 14542 F DEBUG   : Revision: '0'
11-01 15:21:48.329 14542 14542 F DEBUG   : ABI: 'arm64'
11-01 15:21:48.329 14542 14542 F DEBUG   : Timestamp: 2025-11-01 15:21:48.320188486+0000
11-01 15:21:48.329 14542 14542 F DEBUG   : Process uptime: 1s
11-01 15:21:48.329 14542 14542 F DEBUG   : Cmdline: /vendor/bin/qsap_mpamsvc
11-01 15:21:48.329 14542 14542 F DEBUG   : pid: 14538, tid: 14538, name: qsap_mpamsvc  >>> /vendor/bin/qsap_mpamsvc <<<
11-01 15:21:48.329 14542 14542 F DEBUG   : uid: 1000
11-01 15:21:48.329 14542 14542 F DEBUG   : tagged_addr_ctrl: 0000000000000001 (PR_TAGGED_ADDR_ENABLE)
11-01 15:21:48.329 14542 14542 F DEBUG   : pac_enabled_keys: 000000000000000f (PR_PAC_APIAKEY, PR_PAC_APIBKEY, PR_PAC_APDAKEY, PR_PAC_APDBKEY)
11-01 15:21:48.329 14542 14542 F DEBUG   : signal 6 (SIGABRT), code -1 (SI_QUEUE), fault addr --------
11-01 15:21:48.329 14542 14542 F DEBUG   : Abort message: 'Could not read base policy file '/vendor/etc/seccomp_policy/qsap_mpamsvc.policy''
11-01 15:21:48.329 14542 14542 F DEBUG   :     x0  0000000000000000  x1  00000000000038ca  x2  0000000000000006  x3  0000007ff89f41d0
11-01 15:21:48.329 14542 14542 F DEBUG   :     x4  1f646b68651f7862  x5  1f646b68651f7862  x6  1f646b68651f7862  x7  0000000000000000
11-01 15:21:48.329 14542 14542 F DEBUG   :     x8  00000000000000f0  x9  a346855cb85e43e2  x10 000000ff00000020  x11 0000007ff89f4170
11-01 15:21:48.329 14542 14542 F DEBUG   :     x12 fffffffffffffffe  x13 b40000764a6093c0  x14 000004b1c2598815  x15 0000000034155555
11-01 15:21:48.329 14542 14542 F DEBUG   :     x16 00000077fab9d0f8  x17 00000077fab83dc0  x18 0000007801030000  x19 00000000000038ca
11-01 15:21:48.329 14542 14542 F DEBUG   :     x20 00000000000038ca  x21 00000000ffffffff  x22 b40000764a6093c0  x23 0000000000000058
11-01 15:21:48.329 14542 14542 F DEBUG   :     x24 0000007801e7af80  x25 0000000000000000  x26 0000000000000000  x27 0000000000000000
11-01 15:21:48.329 14542 14542 F DEBUG   :     x28 0000000000000000  x29 0000007ff89f4250
11-01 15:21:48.329 14542 14542 F DEBUG   :     lr  00000077fab1f268  sp  0000007ff89f41d0  pc  00000077fab1f28c  pst 0000000000001000
11-01 15:21:48.329 14542 14542 F DEBUG   : 7 total frames
11-01 15:21:48.329 14542 14542 F DEBUG   : backtrace:
11-01 15:21:48.329 14542 14542 F DEBUG   :       #00 pc 000000000007128c  /apex/com.android.runtime/lib64/bionic/libc.so (abort+160) (BuildId: 85a1677149dd58c9bc79f641cb77adea)
11-01 15:21:48.329 14542 14542 F DEBUG   :       #01 pc 0000000000009744  /system/lib64/liblog.so (__android_log_default_aborter+16) (BuildId: 2c18db3b241c43dd6eeea76c3aef9f0d)
11-01 15:21:48.329 14542 14542 F DEBUG   :       #02 pc 000000000009b6e8  /vendor/lib64/libbinder.so (android::base::LogMessage::~LogMessage()+548) (BuildId: c254d5bd9b9fed80250c5ca9fc4dfc3e)
11-01 15:21:48.329 14542 14542 F DEBUG   :       #03 pc 0000000000004d90  /vendor/lib64/libavservices_minijail.so (android::SetUpMinijailList(std::__1::basic_string<char, std::__1::char_traits<char>, std::__1::allocator<char>> const&, std::__1::vector<std::__1::basic_string<char, std::__1::char_traits<char>, std::__1::allocator<char>>, std::__1::allocator<std::__1::basic_string<char, std::__1::char_traits<char>, std::__1::allocator<char>>>> const&) (.cfi)+1048) (BuildId: e25036a4f698e884d1c075f0842ace7a)
11-01 15:21:48.329 14542 14542 F DEBUG   :       #04 pc 000000000000490c  /vendor/lib64/libavservices_minijail.so (android::SetUpMinijail(std::__1::basic_string<char, std::__1::char_traits<char>, std::__1::allocator<char>> const&, std::__1::basic_string<char, std::__1::char_traits<char>, std::__1::allocator<char>> const&) (.cfi)+160) (BuildId: e25036a4f698e884d1c075f0842ace7a)
11-01 15:21:48.329 14542 14542 F DEBUG   :       #05 pc 000000000002bb10  /vendor/bin/qsap_mpamsvc (main.cfi+96) (BuildId: 3dd503e413b9033ec12e5b23bf618315)
11-01 15:21:48.329 14542 14542 F DEBUG   :       #06 pc 000000000006a6f8  /apex/com.android.runtime/lib64/bionic/libc.so (__libc_init+124) (BuildId: 85a1677149dd58c9bc79f641cb77adea)
11-01 15:21:48.299   928   928 I logd    : logdr: UID=1000 GID=1000 PID=14542 n tail=500 logMask=8 pid=14538 start=0ns deadline=0ns
11-01 15:21:48.299   928   928 I logd    : logdr: UID=1000 GID=1000 PID=14542 n tail=500 logMask=1 pid=14538 start=0ns deadline=0ns
--------- beginning of system
11-01 15:21:48.331  2770  3586 W NativeCrashListener: Couldn't find ProcessRecord for pid 14538
11-01 15:21:48.331  1286  1286 E tombstoned: Tombstone written to: tombstone_33
11-01 15:21:48.332  2770  3390 E NativeTombstoneManager: Tombstone's UID (1000) not an app, ignoring
11-01 15:21:48.332  2770  3390 E NativeTombstoneManager: Tombstone's UID (1000) not an app, ignoring
11-01 15:21:48.302     1     1 I init    : Service 'vendor.qsap.mpamsvc' (pid 14538) received signal 6
11-01 15:21:48.302     1     1 I init    : Sending signal 9 to service 'vendor.qsap.mpamsvc' (pid 14538) process group...
11-01 15:21:48.303     1     1 I libprocessgroup: Removed cgroup /sys/fs/cgroup/system/uid_1000/pid_14538
11-01 15:21:48.303     1     1 E init    : process with updatable components 'vendor.qsap.mpamsvc' exited 4 times in 4 minutes
11-01 15:21:48.303     1     1 I init    : Untracked pid 14545 exited with status 0
11-01 15:21:48.303     1     1 I init    : Untracked pid 14545 did not have an associated service entry and will not be reaped
11-01 15:21:48.303     1     1 I init    : Untracked pid 14542 exited with status 0
11-01 15:21:48.303     1     1 I init    : Untracked pid 14542 did not have an associated service entry and will not be reaped
11-01 15:21:48.339 14548 14548 I flags_health_check: ServerConfigurableFlagsReset reset_mode value: 1
11-01 15:21:48.339 14548 14548 I flags_health_check: ServerConfigurableFlagsReset updatable crashing detected, resetting flags.
11-01 15:21:48.335 14548 14548 I flags_health_ch: type=1400 audit(0.0:7827519): avc:  denied  { getattr } for  path="/dev/__properties__/u:object_r:aac_drc_prop:s0" dev="tmpfs" ino=90 scontext=u:r:flags_health_check:s0 tcontext=u:object_r:aac_drc_prop:s0 tclass=file permissive=1
11-01 15:21:48.335 14548 14548 I flags_health_ch: type=1400 audit(0.0:7827520): avc:  denied  { map } for  path="/dev/__properties__/u:object_r:aac_drc_prop:s0" dev="tmpfs" ino=90 scontext=u:r:flags_health_check:s0 tcontext=u:object_r:aac_drc_prop:s0 tclass=file permissive=1
11-01 15:21:48.335 14548 14548 I flags_health_ch: type=1400 audit(0.0:7827521): avc:  denied  { open } for  path="/dev/__properties__/u:object_r:ab_update_gki_prop:s0" dev="tmpfs" ino=92 scontext=u:r:flags_health_check:s0 tcontext=u:object_r:ab_update_gki_prop:s0 tclass=file permissive=1
11-01 15:21:48.335 14548 14548 I flags_health_ch: type=1400 audit(0.0:7827522): avc:  denied  { getattr } for  path="/dev/__properties__/u:object_r:ab_update_gki_prop:s0" dev="tmpfs" ino=92 scontext=u:r:flags_health_check:s0 tcontext=u:object_r:ab_update_gki_prop:s0 tclass=file permissive=1
11-01 15:21:48.310 14548 14548 W audit   : audit_lost=7777886 audit_rate_limit=5 audit_backlog_limit=64
11-01 15:21:48.310 14548 14548 E audit   : rate limit exceeded
11-01 15:21:48.798   977   977 E         : failed to write the device
11-01 15:21:48.798   977   977 E         : page write error, pg_num: 0x0
11-01 15:21:53.026  1681  1691 E Diag-Router: diag: glinkpkt_open: failed to create control node for slate_adsp
11-01 15:21:53.026  1681  1690 E Diag-Router: diag: glinkpkt_open: failed to create control node for slate_apps
11-01 15:21:53.274     1     1 I init    : starting service 'vendor.qsap.mpamsvc'...
11-01 15:21:53.281     1     1 I init    : ... started service 'vendor.qsap.mpamsvc' has pid 14549
11-01 15:21:53.322 14549 14549 F qsap_mpamsvc: Could not read base policy file '/vendor/etc/seccomp_policy/qsap_mpamsvc.policy'
11-01 15:21:53.322 14549 14549 F libc    : Fatal signal 6 (SIGABRT), code -1 (SI_QUEUE) in tid 14549 (qsap_mpamsvc), pid 14549 (qsap_mpamsvc)
11-01 15:21:53.328 14552 14552 I crash_dump64: obtaining output fd from tombstoned, type: kDebuggerdTombstoneProto
11-01 15:21:53.328  1286  1286 I tombstoned: received crash request for pid 14549
11-01 15:21:53.328 14552 14552 I crash_dump64: performing dump of process 14549 (target tid = 14549)
11-01 15:21:53.308   928   928 I logd    : logdr: UID=1000 GID=1000 PID=14552 n tail=500 logMask=8 pid=14549 start=0ns deadline=0ns
11-01 15:21:53.308   928   928 I logd    : logdr: UID=1000 GID=1000 PID=14552 n tail=500 logMask=1 pid=14549 start=0ns deadline=0ns
11-01 15:21:53.338 14552 14552 F DEBUG   : *** *** *** *** *** *** *** *** *** *** *** *** *** *** *** ***
11-01 15:21:53.338 14552 14552 F DEBUG   : Build fingerprint: 'qti/canoe/canoe:16/BQ2A.250525.001-BP2A.250605.031.A3/eng.lz3786:userdebug/test-keys'
11-01 15:21:53.338 14552 14552 F DEBUG   : Revision: '0'
11-01 15:21:53.338 14552 14552 F DEBUG   : ABI: 'arm64'
11-01 15:21:53.338 14552 14552 F DEBUG   : Timestamp: 2025-11-01 15:21:53.329239369+0000
11-01 15:21:53.338 14552 14552 F DEBUG   : Process uptime: 1s
11-01 15:21:53.338 14552 14552 F DEBUG   : Cmdline: /vendor/bin/qsap_mpamsvc
11-01 15:21:53.338 14552 14552 F DEBUG   : pid: 14549, tid: 14549, name: qsap_mpamsvc  >>> /vendor/bin/qsap_mpamsvc <<<
11-01 15:21:53.338 14552 14552 F DEBUG   : uid: 1000
11-01 15:21:53.338 14552 14552 F DEBUG   : tagged_addr_ctrl: 0000000000000001 (PR_TAGGED_ADDR_ENABLE)
11-01 15:21:53.338 14552 14552 F DEBUG   : pac_enabled_keys: 000000000000000f (PR_PAC_APIAKEY, PR_PAC_APIBKEY, PR_PAC_APDAKEY, PR_PAC_APDBKEY)
11-01 15:21:53.338 14552 14552 F DEBUG   : signal 6 (SIGABRT), code -1 (SI_QUEUE), fault addr --------
11-01 15:21:53.338 14552 14552 F DEBUG   : Abort message: 'Could not read base policy file '/vendor/etc/seccomp_policy/qsap_mpamsvc.policy''
11-01 15:21:53.338 14552 14552 F DEBUG   :     x0  0000000000000000  x1  00000000000038d5  x2  0000000000000006  x3  0000007fcecc34d0
11-01 15:21:53.338 14552 14552 F DEBUG   :     x4  1f646b68651f7862  x5  1f646b68651f7862  x6  1f646b68651f7862  x7  0000000000000000
11-01 15:21:53.338 14552 14552 F DEBUG   :     x8  00000000000000f0  x9  6e89f712a3185e94  x10 000000ff00000020  x11 0000007fcecc3470
11-01 15:21:53.338 14552 14552 F DEBUG   :     x12 fffffffffffffffe  x13 b400006ece80b580  x14 000004b1c814fe0b  x15 0000000034155555
11-01 15:21:53.338 14552 14552 F DEBUG   :     x16 0000007081da90f8  x17 0000007081d8fdc0  x18 0000007084070000  x19 00000000000038d5
11-01 15:21:53.338 14552 14552 F DEBUG   :     x20 00000000000038d5  x21 00000000ffffffff  x22 b400006ece80b580  x23 0000000000000058
11-01 15:21:53.338 14552 14552 F DEBUG   :     x24 0000007083456f80  x25 0000000000000000  x26 0000000000000000  x27 0000000000000000
11-01 15:21:53.338 14552 14552 F DEBUG   :     x28 0000000000000000  x29 0000007fcecc3550
11-01 15:21:53.338 14552 14552 F DEBUG   :     lr  0000007081d2b268  sp  0000007fcecc34d0  pc  0000007081d2b28c  pst 0000000000001000
11-01 15:21:53.338 14552 14552 F DEBUG   : 7 total frames
11-01 15:21:53.338 14552 14552 F DEBUG   : backtrace:
11-01 15:21:53.338 14552 14552 F DEBUG   :       #00 pc 000000000007128c  /apex/com.android.runtime/lib64/bionic/libc.so (abort+160) (BuildId: 85a1677149dd58c9bc79f641cb77adea)
11-01 15:21:53.338 14552 14552 F DEBUG   :       #01 pc 0000000000009744  /system/lib64/liblog.so (__android_log_default_aborter+16) (BuildId: 2c18db3b241c43dd6eeea76c3aef9f0d)
11-01 15:21:53.338 14552 14552 F DEBUG   :       #02 pc 000000000009b6e8  /vendor/lib64/libbinder.so (android::base::LogMessage::~LogMessage()+548) (BuildId: c254d5bd9b9fed80250c5ca9fc4dfc3e)
11-01 15:21:53.338 14552 14552 F DEBUG   :       #03 pc 0000000000004d90  /vendor/lib64/libavservices_minijail.so (android::SetUpMinijailList(std::__1::basic_string<char, std::__1::char_traits<char>, std::__1::allocator<char>> const&, std::__1::vector<std::__1::basic_string<char, std::__1::char_traits<char>, std::__1::allocator<char>>, std::__1::allocator<std::__1::basic_string<char, std::__1::char_traits<char>, std::__1::allocator<char>>>> const&) (.cfi)+1048) (BuildId: e25036a4f698e884d1c075f0842ace7a)
11-01 15:21:53.338 14552 14552 F DEBUG   :       #04 pc 000000000000490c  /vendor/lib64/libavservices_minijail.so (android::SetUpMinijail(std::__1::basic_string<char, std::__1::char_traits<char>, std::__1::allocator<char>> const&, std::__1::basic_string<char, std::__1::char_traits<char>, std::__1::allocator<char>> const&) (.cfi)+160) (BuildId: e25036a4f698e884d1c075f0842ace7a)
11-01 15:21:53.338 14552 14552 F DEBUG   :       #05 pc 000000000002bb10  /vendor/bin/qsap_mpamsvc (main.cfi+96) (BuildId: 3dd503e413b9033ec12e5b23bf618315)
11-01 15:21:53.338 14552 14552 F DEBUG   :       #06 pc 000000000006a6f8  /apex/com.android.runtime/lib64/bionic/libc.so (__libc_init+124) (BuildId: 85a1677149dd58c9bc79f641cb77adea)
11-01 15:21:53.339  2770  3586 W NativeCrashListener: Couldn't find ProcessRecord for pid 14549
11-01 15:21:53.340  1286  1286 E tombstoned: Tombstone written to: tombstone_34
11-01 15:21:53.341  2770  3390 E NativeTombstoneManager: Tombstone's UID (1000) not an app, ignoring
11-01 15:21:53.341  2770  3390 E NativeTombstoneManager: Tombstone's UID (1000) not an app, ignoring
11-01 15:21:53.311     1     1 I init    : Service 'vendor.qsap.mpamsvc' (pid 14549) received signal 6
11-01 15:21:53.311     1     1 I init    : Sending signal 9 to service 'vendor.qsap.mpamsvc' (pid 14549) process group...
11-01 15:21:53.312     1     1 I libprocessgroup: Removed cgroup /sys/fs/cgroup/system/uid_1000/pid_14549
11-01 15:21:53.312     1     1 E init    : process with updatable components 'vendor.qsap.mpamsvc' exited 4 times in 4 minutes
11-01 15:21:53.312     1     1 I init    : Untracked pid 14554 received signal 9
11-01 15:21:53.312     1     1 I init    : Untracked pid 14554 did not have an associated service entry and will not be reaped
11-01 15:21:53.312     1     1 I init    : Untracked pid 14552 exited with status 0
11-01 15:21:53.312     1     1 I init    : Untracked pid 14552 did not have an associated service entry and will not be reaped
11-01 15:21:53.343 14557 14557 I flags_health_ch: type=1400 audit(0.0:7828521): avc:  denied  { open } for  path="/dev/__properties__/u:object_r:aac_drc_prop:s0" dev="tmpfs" ino=90 scontext=u:r:flags_health_check:s0 tcontext=u:object_r:aac_drc_prop:s0 tclass=file permissive=1
11-01 15:21:53.349 14557 14557 I flags_health_check: ServerConfigurableFlagsReset updatable crashing detected, resetting flags.
11-01 15:21:53.343 14557 14557 I flags_health_ch: type=1400 audit(0.0:7828522): avc:  denied  { getattr } for  path="/dev/__properties__/u:object_r:aac_drc_prop:s0" dev="tmpfs" ino=90 scontext=u:r:flags_health_check:s0 tcontext=u:object_r:aac_drc_prop:s0 tclass=file permissive=1
11-01 15:21:53.320 14557 14557 W audit   : audit_lost=7778884 audit_rate_limit=5 audit_backlog_limit=64
11-01 15:21:53.343 14557 14557 I flags_health_ch: type=1400 audit(0.0:7828523): avc:  denied  { map } for  path="/dev/__properties__/u:object_r:aac_drc_prop:s0" dev="tmpfs" ino=90 scontext=u:r:flags_health_check:s0 tcontext=u:object_r:aac_drc_prop:s0 tclass=file permissive=1
11-01 15:21:53.320 14557 14557 E audit   : rate limit exceeded
11-01 15:21:53.343 14557 14557 I flags_health_ch: type=1400 audit(0.0:7828524): avc:  denied  { open } for  path="/dev/__properties__/u:object_r:ab_update_gki_prop:s0" dev="tmpfs" ino=92 scontext=u:r:flags_health_check:s0 tcontext=u:object_r:ab_update_gki_prop:s0 tclass=file permissive=1
11-01 15:21:53.343 14557 14557 I flags_health_ch: type=1400 audit(0.0:7828525): avc:  denied  { getattr } for  path="/dev/__properties__/u:object_r:ab_update_gki_prop:s0" dev="tmpfs" ino=92 scontext=u:r:flags_health_check:s0 tcontext=u:object_r:ab_update_gki_prop:s0 tclass=file permissive=1
11-01 15:21:53.504   928   928 I logd    : logdr: UID=0 GID=0 PID=14558 b tail=0 logMask=99 pid=0 start=0ns deadline=0ns
11-01 15:21:58.029  1681  1690 E Diag-Router: diag: glinkpkt_open: failed to create control node for slate_apps
11-01 15:21:58.030  1681  1691 E Diag-Router: diag: glinkpkt_open: failed to create control node for slate_adsp
11-01 15:21:58.284     1     1 I init    : starting service 'vendor.qsap.mpamsvc'...
11-01 15:21:58.291     1     1 I init    : ... started service 'vendor.qsap.mpamsvc' has pid 14561
11-01 15:21:58.332 14561 14561 F qsap_mpamsvc: Could not read base policy file '/vendor/etc/seccomp_policy/qsap_mpamsvc.policy'
11-01 15:21:58.332 14561 14561 F libc    : Fatal signal 6 (SIGABRT), code -1 (SI_QUEUE) in tid 14561 (qsap_mpamsvc), pid 14561 (qsap_mpamsvc)
11-01 15:21:58.338 14564 14564 I crash_dump64: obtaining output fd from tombstoned, type: kDebuggerdTombstoneProto
11-01 15:21:58.338  1286  1286 I tombstoned: received crash request for pid 14561
11-01 15:21:58.339 14564 14564 I crash_dump64: performing dump of process 14561 (target tid = 14561)
11-01 15:21:58.346 14564 14564 F DEBUG   : *** *** *** *** *** *** *** *** *** *** *** *** *** *** *** ***
11-01 15:21:58.346 14564 14564 F DEBUG   : Build fingerprint: 'qti/canoe/canoe:16/BQ2A.250525.001-BP2A.250605.031.A3/eng.lz3786:userdebug/test-keys'
11-01 15:21:58.346 14564 14564 F DEBUG   : Revision: '0'
11-01 15:21:58.346 14564 14564 F DEBUG   : ABI: 'arm64'
11-01 15:21:58.346 14564 14564 F DEBUG   : Timestamp: 2025-11-01 15:21:58.339485461+0000
11-01 15:21:58.346 14564 14564 F DEBUG   : Process uptime: 1s
11-01 15:21:58.346 14564 14564 F DEBUG   : Cmdline: /vendor/bin/qsap_mpamsvc
11-01 15:21:58.346 14564 14564 F DEBUG   : pid: 14561, tid: 14561, name: qsap_mpamsvc  >>> /vendor/bin/qsap_mpamsvc <<<
11-01 15:21:58.346 14564 14564 F DEBUG   : uid: 1000
11-01 15:21:58.346 14564 14564 F DEBUG   : tagged_addr_ctrl: 0000000000000001 (PR_TAGGED_ADDR_ENABLE)
11-01 15:21:58.346 14564 14564 F DEBUG   : pac_enabled_keys: 000000000000000f (PR_PAC_APIAKEY, PR_PAC_APIBKEY, PR_PAC_APDAKEY, PR_PAC_APDBKEY)
11-01 15:21:58.346 14564 14564 F DEBUG   : signal 6 (SIGABRT), code -1 (SI_QUEUE), fault addr --------
11-01 15:21:58.346 14564 14564 F DEBUG   : Abort message: 'Could not read base policy file '/vendor/etc/seccomp_policy/qsap_mpamsvc.policy''
11-01 15:21:58.346 14564 14564 F DEBUG   :     x0  0000000000000000  x1  00000000000038e1  x2  0000000000000006  x3  0000007ff5c0e760
11-01 15:21:58.346 14564 14564 F DEBUG   :     x4  1f646b68651f7862  x5  1f646b68651f7862  x6  1f646b68651f7862  x7  0000000000000000
11-01 15:21:58.346 14564 14564 F DEBUG   :     x8  00000000000000f0  x9  e5d397e5087edd2d  x10 000000ff00000020  x11 0000007ff5c0e700
11-01 15:21:58.346 14564 14564 F DEBUG   :     x12 fffffffffffffffe  x13 b400006fcf8055f0  x14 000004b1cdd0ba52  x15 0000000034155555
11-01 15:21:58.346 14564 14564 F DEBUG   :     x16 00000071c43030f8  x17 00000071c42e9dc0  x18 00000071c4ab0000  x19 00000000000038e1
11-01 15:21:58.346 14564 14564 F DEBUG   :     x20 00000000000038e1  x21 00000000ffffffff  x22 b400006fcf8055f0  x23 0000000000000058
11-01 15:21:58.346 14564 14564 F DEBUG   :     x24 00000071c45d4f80  x25 0000000000000000  x26 0000000000000000  x27 0000000000000000
11-01 15:21:58.346 14564 14564 F DEBUG   :     x28 0000000000000000  x29 0000007ff5c0e7e0
11-01 15:21:58.346 14564 14564 F DEBUG   :     lr  00000071c4285268  sp  0000007ff5c0e760  pc  00000071c428528c  pst 0000000000001000
11-01 15:21:58.346 14564 14564 F DEBUG   : 7 total frames
11-01 15:21:58.346 14564 14564 F DEBUG   : backtrace:
11-01 15:21:58.346 14564 14564 F DEBUG   :       #00 pc 000000000007128c  /apex/com.android.runtime/lib64/bionic/libc.so (abort+160) (BuildId: 85a1677149dd58c9bc79f641cb77adea)
11-01 15:21:58.346 14564 14564 F DEBUG   :       #01 pc 0000000000009744  /system/lib64/liblog.so (__android_log_default_aborter+16) (BuildId: 2c18db3b241c43dd6eeea76c3aef9f0d)
11-01 15:21:58.346 14564 14564 F DEBUG   :       #02 pc 000000000009b6e8  /vendor/lib64/libbinder.so (android::base::LogMessage::~LogMessage()+548) (BuildId: c254d5bd9b9fed80250c5ca9fc4dfc3e)
11-01 15:21:58.346 14564 14564 F DEBUG   :       #03 pc 0000000000004d90  /vendor/lib64/libavservices_minijail.so (android::SetUpMinijailList(std::__1::basic_string<char, std::__1::char_traits<char>, std::__1::allocator<char>> const&, std::__1::vector<std::__1::basic_string<char, std::__1::char_traits<char>, std::__1::allocator<char>>, std::__1::allocator<std::__1::basic_string<char, std::__1::char_traits<char>, std::__1::allocator<char>>>> const&) (.cfi)+1048) (BuildId: e25036a4f698e884d1c075f0842ace7a)
11-01 15:21:58.346 14564 14564 F DEBUG   :       #04 pc 000000000000490c  /vendor/lib64/libavservices_minijail.so (android::SetUpMinijail(std::__1::basic_string<char, std::__1::char_traits<char>, std::__1::allocator<char>> const&, std::__1::basic_string<char, std::__1::char_traits<char>, std::__1::allocator<char>> const&) (.cfi)+160) (BuildId: e25036a4f698e884d1c075f0842ace7a)
11-01 15:21:58.346 14564 14564 F DEBUG   :       #05 pc 000000000002bb10  /vendor/bin/qsap_mpamsvc (main.cfi+96) (BuildId: 3dd503e413b9033ec12e5b23bf618315)
11-01 15:21:58.346 14564 14564 F DEBUG   :       #06 pc 000000000006a6f8  /apex/com.android.runtime/lib64/bionic/libc.so (__libc_init+124) (BuildId: 85a1677149dd58c9bc79f641cb77adea)
11-01 15:21:58.347  2770  3586 W NativeCrashListener: Couldn't find ProcessRecord for pid 14561
11-01 15:21:58.348  1286  1286 E tombstoned: Tombstone written to: tombstone_35
11-01 15:21:58.349  2770  3390 E NativeTombstoneManager: Tombstone's UID (1000) not an app, ignoring
11-01 15:21:58.349  2770  3390 E NativeTombstoneManager: Tombstone's UID (1000) not an app, ignoring
11-01 15:21:58.316   928   928 I logd    : logdr: UID=1000 GID=1000 PID=14564 n tail=500 logMask=8 pid=14561 start=0ns deadline=0ns
11-01 15:21:58.317   928   928 I logd    : logdr: UID=1000 GID=1000 PID=14564 n tail=500 logMask=1 pid=14561 start=0ns deadline=0ns
11-01 15:21:58.319     1     1 I init    : Service 'vendor.qsap.mpamsvc' (pid 14561) received signal 6
11-01 15:21:58.319     1     1 I init    : Sending signal 9 to service 'vendor.qsap.mpamsvc' (pid 14561) process group...
11-01 15:21:58.320     1     1 I libprocessgroup: Removed cgroup /sys/fs/cgroup/system/uid_1000/pid_14561
11-01 15:21:58.320     1     1 I init    : Untracked pid 14566 received signal 9
11-01 15:21:58.320     1     1 I init    : Untracked pid 14566 did not have an associated service entry and will not be reaped
11-01 15:21:58.320     1     1 I init    : Untracked pid 14564 exited with status 0
11-01 15:21:58.320     1     1 I init    : Untracked pid 14564 did not have an associated service entry and will not be reaped
11-01 15:22:00.109  1785  2039 I SDM     : DisplayBase::CommitThread: Received Idle Timeout, panel: cmd, timeout: 70000 us
11-01 15:22:01.201   928   928 I logd    : logdr: UID=0 GID=0 PID=14570 b tail=0 logMask=99 pid=0 start=0ns deadline=0ns
11-01 15:22:03.033  1681  1691 E Diag-Router: diag: glinkpkt_open: failed to create control node for slate_adsp
11-01 15:22:03.033  1681  1690 E Diag-Router: diag: glinkpkt_open: failed to create control node for slate_apps
11-01 15:22:03.294     1     1 I init    : starting service 'vendor.qsap.mpamsvc'...
11-01 15:22:03.301     1     1 I init    : ... started service 'vendor.qsap.mpamsvc' has pid 14573
11-01 15:22:03.342 14573 14573 F qsap_mpamsvc: Could not read base policy file '/vendor/etc/seccomp_policy/qsap_mpamsvc.policy'
11-01 15:22:03.342 14573 14573 F libc    : Fatal signal 6 (SIGABRT), code -1 (SI_QUEUE) in tid 14573 (qsap_mpamsvc), pid 14573 (qsap_mpamsvc)
11-01 15:22:03.348 14576 14576 I crash_dump64: obtaining output fd from tombstoned, type: kDebuggerdTombstoneProto
11-01 15:22:03.348  1286  1286 I tombstoned: received crash request for pid 14573
11-01 15:22:03.348 14576 14576 I crash_dump64: performing dump of process 14573 (target tid = 14573)
11-01 15:22:03.328   928   928 I logd    : logdr: UID=1000 GID=1000 PID=14576 n tail=500 logMask=8 pid=14573 start=0ns deadline=0ns
11-01 15:22:03.328   928   928 I logd    : logdr: UID=1000 GID=1000 PID=14576 n tail=500 logMask=1 pid=14573 start=0ns deadline=0ns
11-01 15:22:03.358 14576 14576 F DEBUG   : *** *** *** *** *** *** *** *** *** *** *** *** *** *** *** ***
11-01 15:22:03.358 14576 14576 F DEBUG   : Build fingerprint: 'qti/canoe/canoe:16/BQ2A.250525.001-BP2A.250605.031.A3/eng.lz3786:userdebug/test-keys'
11-01 15:22:03.358 14576 14576 F DEBUG   : Revision: '0'
11-01 15:22:03.358 14576 14576 F DEBUG   : ABI: 'arm64'
11-01 15:22:03.358 14576 14576 F DEBUG   : Timestamp: 2025-11-01 15:22:03.349168063+0000
11-01 15:22:03.358 14576 14576 F DEBUG   : Process uptime: 1s
11-01 15:22:03.358 14576 14576 F DEBUG   : Cmdline: /vendor/bin/qsap_mpamsvc
11-01 15:22:03.358 14576 14576 F DEBUG   : pid: 14573, tid: 14573, name: qsap_mpamsvc  >>> /vendor/bin/qsap_mpamsvc <<<
11-01 15:22:03.358 14576 14576 F DEBUG   : uid: 1000
11-01 15:22:03.358 14576 14576 F DEBUG   : tagged_addr_ctrl: 0000000000000001 (PR_TAGGED_ADDR_ENABLE)
11-01 15:22:03.358 14576 14576 F DEBUG   : pac_enabled_keys: 000000000000000f (PR_PAC_APIAKEY, PR_PAC_APIBKEY, PR_PAC_APDAKEY, PR_PAC_APDBKEY)
11-01 15:22:03.358 14576 14576 F DEBUG   : signal 6 (SIGABRT), code -1 (SI_QUEUE), fault addr --------
11-01 15:22:03.358 14576 14576 F DEBUG   : Abort message: 'Could not read base policy file '/vendor/etc/seccomp_policy/qsap_mpamsvc.policy''
11-01 15:22:03.358 14576 14576 F DEBUG   :     x0  0000000000000000  x1  00000000000038ed  x2  0000000000000006  x3  0000007ff4c79110
11-01 15:22:03.358 14576 14576 F DEBUG   :     x4  1f646b68651f7862  x5  1f646b68651f7862  x6  1f646b68651f7862  x7  0000000000000000
11-01 15:22:03.358 14576 14576 F DEBUG   :     x8  00000000000000f0  x9  69fe5d444a8dcea6  x10 000000ff00000020  x11 0000007ff4c790b0
11-01 15:22:03.358 14576 14576 F DEBUG   :     x12 fffffffffffffffe  x13 b400007b0c20f0f0  x14 000004b1d38c8c61  x15 0000000034155555
11-01 15:22:03.358 14576 14576 F DEBUG   :     x16 0000007ccc7c10f8  x17 0000007ccc7a7dc0  x18 0000007ccd7a0000  x19 00000000000038ed
11-01 15:22:03.358 14576 14576 F DEBUG   :     x20 00000000000038ed  x21 00000000ffffffff  x22 b400007b0c20f0f0  x23 0000000000000058
11-01 15:22:03.358 14576 14576 F DEBUG   :     x24 0000007cce042f80  x25 0000000000000000  x26 0000000000000000  x27 0000000000000000
11-01 15:22:03.358 14576 14576 F DEBUG   :     x28 0000000000000000  x29 0000007ff4c79190
11-01 15:22:03.358 14576 14576 F DEBUG   :     lr  0000007ccc743268  sp  0000007ff4c79110  pc  0000007ccc74328c  pst 0000000000001000
11-01 15:22:03.358 14576 14576 F DEBUG   : 7 total frames
11-01 15:22:03.358 14576 14576 F DEBUG   : backtrace:
11-01 15:22:03.358 14576 14576 F DEBUG   :       #00 pc 000000000007128c  /apex/com.android.runtime/lib64/bionic/libc.so (abort+160) (BuildId: 85a1677149dd58c9bc79f641cb77adea)
11-01 15:22:03.358 14576 14576 F DEBUG   :       #01 pc 0000000000009744  /system/lib64/liblog.so (__android_log_default_aborter+16) (BuildId: 2c18db3b241c43dd6eeea76c3aef9f0d)
11-01 15:22:03.358 14576 14576 F DEBUG   :       #02 pc 000000000009b6e8  /vendor/lib64/libbinder.so (android::base::LogMessage::~LogMessage()+548) (BuildId: c254d5bd9b9fed80250c5ca9fc4dfc3e)
11-01 15:22:03.358 14576 14576 F DEBUG   :       #03 pc 0000000000004d90  /vendor/lib64/libavservices_minijail.so (android::SetUpMinijailList(std::__1::basic_string<char, std::__1::char_traits<char>, std::__1::allocator<char>> const&, std::__1::vector<std::__1::basic_string<char, std::__1::char_traits<char>, std::__1::allocator<char>>, std::__1::allocator<std::__1::basic_string<char, std::__1::char_traits<char>, std::__1::allocator<char>>>> const&) (.cfi)+1048) (BuildId: e25036a4f698e884d1c075f0842ace7a)
11-01 15:22:03.358 14576 14576 F DEBUG   :       #04 pc 000000000000490c  /vendor/lib64/libavservices_minijail.so (android::SetUpMinijail(std::__1::basic_string<char, std::__1::char_traits<char>, std::__1::allocator<char>> const&, std::__1::basic_string<char, std::__1::char_traits<char>, std::__1::allocator<char>> const&) (.cfi)+160) (BuildId: e25036a4f698e884d1c075f0842ace7a)
11-01 15:22:03.358 14576 14576 F DEBUG   :       #05 pc 000000000002bb10  /vendor/bin/qsap_mpamsvc (main.cfi+96) (BuildId: 3dd503e413b9033ec12e5b23bf618315)
11-01 15:22:03.358 14576 14576 F DEBUG   :       #06 pc 000000000006a6f8  /apex/com.android.runtime/lib64/bionic/libc.so (__libc_init+124) (BuildId: 85a1677149dd58c9bc79f641cb77adea)
11-01 15:22:03.359  2770  3586 W NativeCrashListener: Couldn't find ProcessRecord for pid 14573
11-01 15:22:03.360  1286  1286 E tombstoned: Tombstone written to: tombstone_36
11-01 15:22:03.360  2770  3390 E NativeTombstoneManager: Tombstone's UID (1000) not an app, ignoring
11-01 15:22:03.361  2770  3390 E NativeTombstoneManager: Tombstone's UID (1000) not an app, ignoring
11-01 15:22:03.331     1     1 I init    : Service 'vendor.qsap.mpamsvc' (pid 14573) received signal 6
11-01 15:22:03.331     1     1 I init    : Sending signal 9 to service 'vendor.qsap.mpamsvc' (pid 14573) process group...
11-01 15:22:03.332     1     1 I libprocessgroup: Removed cgroup /sys/fs/cgroup/system/uid_1000/pid_14573
11-01 15:22:03.332     1     1 I init    : Untracked pid 14578 received signal 9
11-01 15:22:03.332     1     1 I init    : Untracked pid 14578 did not have an associated service entry and will not be reaped
11-01 15:22:03.332     1     1 I init    : Untracked pid 14576 exited with status 0
11-01 15:22:03.332     1     1 I init    : Untracked pid 14576 did not have an associated service entry and will not be reaped
11-01 15:22:03.661  4009  4009 D TaskbarManager: dispatchTouchEvent:  displayId=0 isDefaultDisplay=true
11-01 15:22:03.692  1788  1788 E PERF_APPCLASSIFIER: PERF_APPCLASSIFIER: getData() 195: DBQuery failed for appName:com.android.launcher3
11-01 15:22:03.692  1788  1788 E PERF_APPCLASSIFIER: PERF_APPCLASSIFIER: getData() 195: DBQuery failed for appName:com.android.launcher3
11-01 15:22:03.692  1788  1974 E PERF_APPCLASSIFIER: PERF_APPCLASSIFIER: getData() 195: DBQuery failed for appName:com.android.launcher3
11-01 15:22:03.692  1788  1974 E PERF_APPCLASSIFIER: PERF_APPCLASSIFIER: getData() 195: DBQuery failed for appName:com.android.launcher3
11-01 15:22:03.697  4009  4009 D StatsLog: LAUNCHER_ALLAPPS_ENTRY_WITH_DEVICE_SEARCH
11-01 15:22:03.697  4009  4009 D StateManager: onStateTransitionStart - state: AllApps
11-01 15:22:03.698  3566  3633 D WindowManagerShell: setLauncherKeepClearAreaHeight: visible=false, height=392
11-01 15:22:03.698  2770  3525 D BackgroundInstallControlService: Package event received: 0
11-01 15:22:03.700  1792  1792 D vendor.qti.vibratorOL: Vibrator perform effect 0
11-01 15:22:03.702  1792 14586 D vendor.qti.vibratorOL: Starting perform on another thread
11-01 15:22:03.709  1846  1846 E SurfaceFlinger: Out of order buffers detected for RequestedLayerState{com.android.launcher3/com.android.launcher3.uioverrides.QuickstepLauncher#3136 parentId=89} producedId=54 frameNumber=46 -> producedId=54 frameNumber=45
11-01 15:22:03.712  1788  1963 E PERFHAL-UTIL: PERFHAL-UTIL: save_node_val() 266: Failed to read /sys/class/kgsl/kgsl-3d0/devfreq/min_freq
11-01 15:22:03.712  1788  1963 E PERFHAL-OPTSHANDLER: PERFHAL-OPTSHANDLER: modify_sysfsnode() 1204: Failed to read /sys/class/kgsl/kgsl-3d0/devfreq/min_freq
11-01 15:22:03.712  1788  1963 E PERFHAL-RESOURCEQS: PERFHAL-RESOURCEQS: AddAndApply() 159: Failed to apply optimization [10, 3]
11-01 15:22:03.732  1792 14586 D vendor.qti.vibratorOL: Notifying perform complete
11-01 15:22:03.732  1792  1792 D vendor.qti.vibratorOL: QTI Vibrator off
11-01 15:22:03.745  4009  4009 D BaseDepthController: mSurface is null and mCurrentBlur is: 0
11-01 15:22:03.755  4009  4009 D BaseAllAppsAdapter: onBindViewHolder: isPrivateSpaceItem: false isStateTransitioning: false isScrolling: false readyToAnimate: false currentState: 0 currentAlpha: 1.0
11-01 15:22:03.755  4009  4009 D BaseAllAppsAdapter: onBindViewHolder: isPrivateSpaceItem: false isStateTransitioning: false isScrolling: false readyToAnimate: false currentState: 0 currentAlpha: 1.0
11-01 15:22:03.755  4009  4009 D BaseAllAppsAdapter: onBindViewHolder: isPrivateSpaceItem: false isStateTransitioning: false isScrolling: false readyToAnimate: false currentState: 0 currentAlpha: 1.0
11-01 15:22:03.755  4009  4009 D BaseAllAppsAdapter: onBindViewHolder: isPrivateSpaceItem: false isStateTransitioning: false isScrolling: false readyToAnimate: false currentState: 0 currentAlpha: 1.0
11-01 15:22:03.755  4009  4009 D BaseAllAppsAdapter: onBindViewHolder: isPrivateSpaceItem: false isStateTransitioning: false isScrolling: false readyToAnimate: false currentState: 0 currentAlpha: 1.0
11-01 15:22:03.756  4009  4009 D BaseAllAppsAdapter: onBindViewHolder: isPrivateSpaceItem: false isStateTransitioning: false isScrolling: false readyToAnimate: false currentState: 0 currentAlpha: 1.0
11-01 15:22:03.756  4009  4009 D BaseAllAppsAdapter: onBindViewHolder: isPrivateSpaceItem: false isStateTransitioning: false isScrolling: false readyToAnimate: false currentState: 0 currentAlpha: 1.0
11-01 15:22:03.756  4009  4009 D BaseAllAppsAdapter: onBindViewHolder: isPrivateSpaceItem: false isStateTransitioning: false isScrolling: false readyToAnimate: false currentState: 0 currentAlpha: 1.0
11-01 15:22:03.756  4009  4009 D BaseAllAppsAdapter: onBindViewHolder: isPrivateSpaceItem: false isStateTransitioning: false isScrolling: false readyToAnimate: false currentState: 0 currentAlpha: 1.0
11-01 15:22:03.756  4009  4009 D BaseAllAppsAdapter: onBindViewHolder: isPrivateSpaceItem: false isStateTransitioning: false isScrolling: false readyToAnimate: false currentState: 0 currentAlpha: 1.0
11-01 15:22:03.756  4009  4009 D BaseAllAppsAdapter: onBindViewHolder: isPrivateSpaceItem: false isStateTransitioning: false isScrolling: false readyToAnimate: false currentState: 0 currentAlpha: 1.0
11-01 15:22:03.757  4009  4009 D BaseAllAppsAdapter: onBindViewHolder: isPrivateSpaceItem: false isStateTransitioning: false isScrolling: false readyToAnimate: false currentState: 0 currentAlpha: 1.0
11-01 15:22:03.757  4009  4009 D BaseAllAppsAdapter: onBindViewHolder: isPrivateSpaceItem: false isStateTransitioning: false isScrolling: false readyToAnimate: false currentState: 0 currentAlpha: 1.0
11-01 15:22:03.757  4009  4009 D BaseAllAppsAdapter: onBindViewHolder: isPrivateSpaceItem: false isStateTransitioning: false isScrolling: false readyToAnimate: false currentState: 0 currentAlpha: 1.0
11-01 15:22:03.757  4009  4009 D BaseAllAppsAdapter: onBindViewHolder: isPrivateSpaceItem: false isStateTransitioning: false isScrolling: false readyToAnimate: false currentState: 0 currentAlpha: 1.0
11-01 15:22:03.757  4009  4009 D BaseAllAppsAdapter: onBindViewHolder: isPrivateSpaceItem: false isStateTransitioning: false isScrolling: false readyToAnimate: false currentState: 0 currentAlpha: 1.0
11-01 15:22:03.757  4009  4009 D BaseAllAppsAdapter: onBindViewHolder: isPrivateSpaceItem: false isStateTransitioning: false isScrolling: false readyToAnimate: false currentState: 0 currentAlpha: 1.0
11-01 15:22:03.757  4009  4009 D BaseAllAppsAdapter: onBindViewHolder: isPrivateSpaceItem: false isStateTransitioning: false isScrolling: false readyToAnimate: false currentState: 0 currentAlpha: 1.0
11-01 15:22:03.757  4009  4009 D BaseAllAppsAdapter: onBindViewHolder: isPrivateSpaceItem: false isStateTransitioning: false isScrolling: false readyToAnimate: false currentState: 0 currentAlpha: 1.0
11-01 15:22:03.757  4009  4009 D BaseAllAppsAdapter: onBindViewHolder: isPrivateSpaceItem: false isStateTransitioning: false isScrolling: false readyToAnimate: false currentState: 0 currentAlpha: 1.0
11-01 15:22:03.757  4009  4009 D BaseAllAppsAdapter: onBindViewHolder: isPrivateSpaceItem: false isStateTransitioning: false isScrolling: false readyToAnimate: false currentState: 0 currentAlpha: 1.0
11-01 15:22:03.758  4009  4009 D BaseAllAppsAdapter: onBindViewHolder: isPrivateSpaceItem: false isStateTransitioning: false isScrolling: false readyToAnimate: false currentState: 0 currentAlpha: 1.0
11-01 15:22:03.758  4009  4009 D BaseAllAppsAdapter: onBindViewHolder: isPrivateSpaceItem: false isStateTransitioning: false isScrolling: false readyToAnimate: false currentState: 0 currentAlpha: 1.0
11-01 15:22:03.758  4009  4009 D BaseAllAppsAdapter: onBindViewHolder: isPrivateSpaceItem: false isStateTransitioning: false isScrolling: false readyToAnimate: false currentState: 0 currentAlpha: 1.0
11-01 15:22:03.758  4009  4009 D BaseAllAppsAdapter: onBindViewHolder: isPrivateSpaceItem: false isStateTransitioning: false isScrolling: false readyToAnimate: false currentState: 0 currentAlpha: 1.0
11-01 15:22:03.758  4009  4009 D BaseAllAppsAdapter: onBindViewHolder: isPrivateSpaceItem: false isStateTransitioning: false isScrolling: false readyToAnimate: false currentState: 0 currentAlpha: 1.0
11-01 15:22:03.758  4009  4009 D BaseAllAppsAdapter: onBindViewHolder: isPrivateSpaceItem: false isStateTransitioning: false isScrolling: false readyToAnimate: false currentState: 0 currentAlpha: 1.0
11-01 15:22:03.759  4009  4009 D BaseAllAppsAdapter: onBindViewHolder: isPrivateSpaceItem: false isStateTransitioning: false isScrolling: false readyToAnimate: false currentState: 0 currentAlpha: 1.0
11-01 15:22:03.759  4009  4009 D BaseAllAppsAdapter: onBindViewHolder: isPrivateSpaceItem: false isStateTransitioning: false isScrolling: false readyToAnimate: false currentState: 0 currentAlpha: 1.0
11-01 15:22:03.759  4009  4009 D BaseAllAppsAdapter: onBindViewHolder: isPrivateSpaceItem: false isStateTransitioning: false isScrolling: false readyToAnimate: false currentState: 0 currentAlpha: 1.0
11-01 15:22:03.759  4009  4009 D BaseAllAppsAdapter: onBindViewHolder: isPrivateSpaceItem: false isStateTransitioning: false isScrolling: false readyToAnimate: false currentState: 0 currentAlpha: 1.0
11-01 15:22:03.759  4009  4009 D BaseAllAppsAdapter: onBindViewHolder: isPrivateSpaceItem: false isStateTransitioning: false isScrolling: false readyToAnimate: false currentState: 0 currentAlpha: 1.0
11-01 15:22:03.759  4009  4009 D BaseAllAppsAdapter: onBindViewHolder: isPrivateSpaceItem: false isStateTransitioning: false isScrolling: false readyToAnimate: false currentState: 0 currentAlpha: 1.0
11-01 15:22:03.759  4009  4009 D BaseAllAppsAdapter: onBindViewHolder: isPrivateSpaceItem: false isStateTransitioning: false isScrolling: false readyToAnimate: false currentState: 0 currentAlpha: 1.0
11-01 15:22:03.759  4009  4009 D BaseAllAppsAdapter: onBindViewHolder: isPrivateSpaceItem: false isStateTransitioning: false isScrolling: false readyToAnimate: false currentState: 0 currentAlpha: 1.0
11-01 15:22:03.760  4009  4009 D BaseAllAppsAdapter: onBindViewHolder: isPrivateSpaceItem: false isStateTransitioning: false isScrolling: false readyToAnimate: false currentState: 0 currentAlpha: 1.0
11-01 15:22:03.760  4009  4009 D BaseAllAppsAdapter: onBindViewHolder: isPrivateSpaceItem: false isStateTransitioning: false isScrolling: false readyToAnimate: false currentState: 0 currentAlpha: 1.0
11-01 15:22:03.760  4009  4009 D BaseAllAppsAdapter: onBindViewHolder: isPrivateSpaceItem: false isStateTransitioning: false isScrolling: false readyToAnimate: false currentState: 0 currentAlpha: 1.0
11-01 15:22:03.766  4009  4009 D StateManager: onStateTransitionStart - state: AllApps
11-01 15:22:03.766  1788  1992 E PERF_APPCLASSIFIER: PERF_APPCLASSIFIER: getData() 195: DBQuery failed for appName:com.android.launcher3
11-01 15:22:03.766  2770  3525 D BackgroundInstallControlService: Package event received: 0
11-01 15:22:03.767  1788  1974 E PERF_APPCLASSIFIER: PERF_APPCLASSIFIER: getData() 195: DBQuery failed for appName:com.android.launcher3
11-01 15:22:03.767  1788  1788 E PERF_APPCLASSIFIER: PERF_APPCLASSIFIER: getData() 195: DBQuery failed for appName:com.android.launcher3
11-01 15:22:03.879  4009  4009 D StateManager: onStateTransitionEnd - state: AllApps
11-01 15:22:03.879  4009  4009 D RecentsView: reset - mEnableDrawingLiveTile: false, mRecentsAnimationController: null
11-01 15:22:03.879  4009  4009 D StatsLog: LAUNCHER_ALLAPPS_OPEN_UP
11-01 15:22:03.881  4009  4009 D OverviewActionsView: updateForGroupedTask() called with: isGroupedTask = [false], canSaveAppPair = [false]
11-01 15:22:03.881  4009  4009 D OverviewActionsView: updateActionButtonsVisibility() called: showSingleTaskActions = [true], showGroupActions = [false]
11-01 15:22:03.899   977   977 E         : failed to write the device
11-01 15:22:03.899   977   977 E         : page write error, pg_num: 0x0
11-01 15:22:03.940  4009  4009 W FrameTracker: Missed SF frame:JANK_COMPOSER, 859133, 13468451, CUJ=J<LAUNCHER_OPEN_ALL_APPS::swipe>
11-01 15:22:04.140  1846  1846 I BpBinder: onLastStrongRef automatically unlinking death recipients: 
11-01 15:22:04.213  1785  2039 I SDM     : DisplayBase::CommitThread: Received Idle Timeout, panel: cmd, timeout: 69999 us
11-01 15:22:04.309  1788  1963 E PERFHAL-RESOURCEQS: PERFHAL-RESOURCEQS: RemoveAndApply() 385: Failed to reset optimization [15, 32]
11-01 15:22:04.309  1788  1963 E PERFHAL-RESOURCEQS: PERFHAL-RESOURCEQS: RemoveAndApply() 385: Failed to reset optimization [15, 31]
11-01 15:22:04.309  1788  1963 E PERFHAL-RESOURCEQS: PERFHAL-RESOURCEQS: RemoveAndApply() 385: Failed to reset optimization [15, 30]
11-01 15:22:04.309  1788  1963 E PERFHAL-RESOURCEQS: PERFHAL-RESOURCEQS: RemoveAndApply() 385: Failed to reset optimization [15, 29]
11-01 15:22:04.356  4009  4009 D TaskbarManager: dispatchTouchEvent:  displayId=0 isDefaultDisplay=true
11-01 15:22:04.438  1788  1788 E PERF_APPCLASSIFIER: PERF_APPCLASSIFIER: getData() 195: DBQuery failed for appName:com.android.launcher3
11-01 15:22:04.439  1788  1974 E PERF_APPCLASSIFIER: PERF_APPCLASSIFIER: getData() 195: DBQuery failed for appName:com.android.launcher3
11-01 15:22:04.439  1788  1788 E PERF_APPCLASSIFIER: PERF_APPCLASSIFIER: getData() 195: DBQuery failed for appName:com.android.launcher3
11-01 15:22:04.439  1788  1974 E PERF_APPCLASSIFIER: PERF_APPCLASSIFIER: getData() 195: DBQuery failed for appName:com.android.launcher3
11-01 15:22:04.493  1788  1992 E PERF_APPCLASSIFIER: PERF_APPCLASSIFIER: getData() 195: DBQuery failed for appName:com.android.launcher3
11-01 15:22:04.493  1788  1974 E PERF_APPCLASSIFIER: PERF_APPCLASSIFIER: getData() 195: DBQuery failed for appName:com.android.launcher3
11-01 15:22:04.493  1788  1992 E PERF_APPCLASSIFIER: PERF_APPCLASSIFIER: getData() 195: DBQuery failed for appName:com.android.launcher3
11-01 15:22:04.534  4009  4009 D StatsLog: LAUNCHER_ALLAPPS_PERSONAL_SCROLLED_DOWN
11-01 15:22:05.009  1785  2039 I SDM     : DisplayBase::CommitThread: Received Idle Timeout, panel: cmd, timeout: 70000 us
11-01 15:22:05.099  1788  1963 E PERFHAL-RESOURCEQS: PERFHAL-RESOURCEQS: RemoveAndApply() 385: Failed to reset optimization [15, 32]
11-01 15:22:05.099  1788  1963 E PERFHAL-RESOURCEQS: PERFHAL-RESOURCEQS: RemoveAndApply() 385: Failed to reset optimization [15, 31]
11-01 15:22:05.099  1788  1963 E PERFHAL-RESOURCEQS: PERFHAL-RESOURCEQS: RemoveAndApply() 385: Failed to reset optimization [15, 30]
11-01 15:22:05.099  1788  1963 E PERFHAL-RESOURCEQS: PERFHAL-RESOURCEQS: RemoveAndApply() 385: Failed to reset optimization [15, 29]
11-01 15:22:05.671  4009  4009 D TaskbarManager: dispatchTouchEvent:  displayId=0 isDefaultDisplay=true
11-01 15:22:05.760  4009  4059 I droid.launcher3: AssetManager2(0xb400006ee3226f98) locale list changing from [] to [en-US]
11-01 15:22:05.761  2770  2788 I HidlServiceManagement: Trying to get transport of vendor.qti.hardware.servicetracker@1.2::IServicetracker/default without hwservicemanager
11-01 15:22:05.762  2770  2788 W ActivityTaskManager: servicetracker HIDL not available
11-01 15:22:05.762  2770  2788 E ActivityTaskManager: Unable to get servicetracker HAL instance
11-01 15:22:05.762  2770  2788 I HidlServiceManagement: Trying to get transport of vendor.qti.hardware.servicetracker@1.2::IServicetracker/default without hwservicemanager
11-01 15:22:05.762  2770  2788 W ActivityTaskManager: servicetracker HIDL not available
11-01 15:22:05.762  2770  2788 E ActivityTaskManager: Unable to get servicetracker HAL instance
11-01 15:22:05.762  2770  2788 V GrammaticalInflectionUtils: AttributionSource: AttributionSource { uid = 10187, packageName = null, attributionTag = null, token = android.os.Binder@100e795, deviceId = 0, next = null } does not have READ_SYSTEM_GRAMMATICAL_GENDER permission.
11-01 15:22:05.762  2770  2787 W AS.PlaybackActivityMon: No piid assigned for invalid/internal port id 73
11-01 15:22:05.763  2770  2788 W OptProp : Cannot read opt property android.window.PROPERTY_COMPAT_ALLOW_RESIZEABLE_ACTIVITY_OVERRIDES
11-01 15:22:05.763  2770  2788 W OptProp : Cannot read opt property android.window.PROPERTY_COMPAT_ALLOW_MIN_ASPECT_RATIO_OVERRIDE
11-01 15:22:05.765  1755  2998 D AHAL_StreamOut_QTI: start : usecase: LOW_LATENCY_PLAYBACK, mix port config id:57, IoHandle:13 
11-01 15:22:05.765  1755  2998 E PERFHAL-CLIENT: PERFHAL-CLIENT: perf_lock_acq() 164: opcode=1077936128 isMvOpcode=0
11-01 15:22:05.766  1755  2998 E PERFHAL-CLIENT: PERFHAL-CLIENT: perf_lock_acq() 164: opcode=1082130432 isMvOpcode=0
11-01 15:22:05.766  1755  2998 I PAL: API: pal_stream_open: 259: Enter, stream type:1
11-01 15:22:05.767  1755  2998 I PAL: SessionAR: SessionAR: 58: usecase manager xml parsing successful
11-01 15:22:05.767  1755  2998 I PAL: Device: setDeviceAttributes: 283: DeviceAttributes for Device Id 3 updated
11-01 15:22:05.767  1755  2998 I PAL: Device: open: 363: Enter. deviceCount 0 for device id 3 (PAL_DEVICE_OUT_SPEAKER)
11-01 15:22:05.767  1755  2998 I PAL: Device: setMediaConfig: 1094: CODEC_DMA-LPAIF_WSA-RX-0 rate ch fmt data_fmt 48000 2 2 1
11-01 15:22:05.767  1755  2998 D audio_route: Apply path: speaker-vbat
11-01 15:22:05.768  2770  2788 W OptProp : Cannot read opt property android.window.PROPERTY_COMPAT_ALLOW_ORIENTATION_OVERRIDE
11-01 15:22:05.768  2770  2788 D ActivityTrigger: ActivityTrigger activityPauseTrigger 
11-01 15:22:05.768  2770  2788 I HidlServiceManagement: Trying to get transport of vendor.qti.hardware.servicetracker@1.2::IServicetracker/default without hwservicemanager
11-01 15:22:05.768  1788  1974 E PERF_APPCLASSIFIER: PERF_APPCLASSIFIER: getData() 195: DBQuery failed for appName:com.android.launcher3
11-01 15:22:05.768  2770  2788 W ActivityTaskManager: servicetracker HIDL not available
11-01 15:22:05.768  1788  1974 E PERF_APPCLASSIFIER: PERF_APPCLASSIFIER: getData() 195: DBQuery failed for appName:com.android.launcher3
11-01 15:22:05.768  2770  2788 E ActivityTaskManager: Unable to get servicetracker HAL instance
11-01 15:22:05.768  1788  1974 E PERFHAL-CONFIG: PERFHAL-CONFIG: GetConfig() 508: Config TFPS undefined for this target
11-01 15:22:05.769  1788  1974 E PERFHAL-CONFIG: PERFHAL-CONFIG: GetConfig() 508: Config S3TF undefined for this target
11-01 15:22:05.769  1846  4021 D Dolphin.FeatureManager: mTargetFps = 0.000000
11-01 15:22:05.769  1788  1974 E PERFHAL-CONFIG: PERFHAL-CONFIG: GetConfig() 508: Config TFPS undefined for this target
11-01 15:22:05.769  1770  1851 I ANDR-PWR-OPT: GAMEPOWEROPT: sendEvents() 291: Start hint for app com.example.videoframeapp/com.example.videoframeapp.MainActivity/1, hintID : 4099, hintID hex : 1003 value: -1
11-01 15:22:05.769  1755  2998 I PAL: Device: open: 405: Exit. deviceCount 1 for device id 3 (PAL_DEVICE_OUT_SPEAKER), exit status: 0
11-01 15:22:05.769  1755  2998 I PAL: ResourceManager: allocateFrontEndIds: 5235: allocateFrontEndIds: front end 126
11-01 15:22:05.769  2770  2788 I ActivityTaskManager: START u0 {act=android.intent.action.MAIN cat=[android.intent.category.LAUNCHER] flg=0x10200000 xflg=0x4 cmp=com.example.videoframeapp/.MainActivity bnds=[288,2192][576,2612]} with LAUNCH_MULTIPLE from uid 10139 (sr=233078226) (BAL_ALLOW_VISIBLE_WINDOW) result code=0
11-01 15:22:05.769  1755  2998 I PAL: PayloadBuilder: populateStreamKV: 3051: stream type 1
11-01 15:22:05.769  1755  2998 I PAL: PayloadBuilder: getSelectorValues: 2867: Direction: 1
11-01 15:22:05.769  1755  2998 I PAL: PayloadBuilder: getSelectorValues: 2883: Instance: 1
11-01 15:22:05.769  1755  2998 I PAL: PayloadBuilder: findKVs: 2757: key: 0xa1000000 value: 0xa100000e
11-01 15:22:05.769  1755  2998 I PAL: PayloadBuilder: findKVs: 2757: key: 0xab000000 value: 0x1
11-01 15:22:05.769  1755  2998 I PAL: PayloadBuilder: populateDeviceKV: 3183: Enter device id:3
11-01 15:22:05.769  1755  2998 I PAL: PayloadBuilder: findKVs: 2770: key: 0xa2000000 value: 0xa2000001
11-01 15:22:05.769  1755  2998 I PAL: PayloadBuilder: populateDeviceKV: 3210: Exit device id:3, status 0
