11-01 15:22:05.769  1755  2998 I PAL: PayloadBuilder: populateDevicePPKV: 3323: Rx device id:3
11-01 15:22:05.769  1755  2998 I PAL: PayloadBuilder: getSelectorValues: 2949: stream type: 1
11-01 15:22:05.769  1755  2998 I PAL: PayloadBuilder: findKVs: 2757: key: 0xa2000000 value: 0xa2000001
11-01 15:22:05.769  1755  2998 I PAL: PayloadBuilder: findKVs: 2757: key: 0xac000000 value: 0xac000002
11-01 15:22:05.769  1755  2998 I PAL: PayloadBuilder: populateDevicePPCkv: 3491: SpeakerProt Status[0], RAS Status[0]
11-01 15:22:05.769  1755  2998 I AGM: device: device_set_metadata: 708 Setting device metadata for CODEC_DMA-LPAIF_WSA-RX-0
11-01 15:22:05.769  1755  2998 D AGM: metadata: metadata_print: 79 *************************Metadata*************************
11-01 15:22:05.769  1755  2998 D AGM: metadata: metadata_print: 80 GKV size:1
11-01 15:22:05.769  1755  2998 D AGM: metadata: metadata_print: 83 key:0xa2000000, value:0xa2000001 
11-01 15:22:05.769  1755  2998 D AGM: metadata: metadata_print: 87 
11-01 15:22:05.769  1755  2998 D AGM: metadata: CKV count:0
11-01 15:22:05.769  1755  2998 D AGM: metadata: metadata_print: 92 
11-01 15:22:05.769  1755  2998 D AGM: metadata: metadata_print: 94 Property ID:134217744
11-01 15:22:05.769  1755  2998 D AGM: metadata: metadata_print: 95 property count:2
11-01 15:22:05.769  1755  2998 D AGM: metadata: metadata_print: 98 Property Values: 
11-01 15:22:05.769  1755  2998 D AGM: metadata: metadata_print: 100 0x2 
11-01 15:22:05.769  1755  2998 D AGM: metadata: metadata_print: 100 0x5 
11-01 15:22:05.769  1755  2998 D AGM: metadata: metadata_print: 102 
11-01 15:22:05.769  1755  2998 D AGM: metadata: metadata_print: 103 ****************Metadata Done***************************
11-01 15:22:05.769  1755  2998 D AGM: metadata: 
11-01 15:22:05.769  1755  2998 I AGM: session: session_obj_set_sess_aif_metadata: 1833 Setting metadata for sess_id 126, aif id 5
11-01 15:22:05.769  1755  2998 D AGM: metadata: metadata_print: 79 *************************Metadata*************************
11-01 15:22:05.769  1755  2998 D AGM: metadata: metadata_print: 80 GKV size:2
11-01 15:22:05.769  1755  2998 D AGM: metadata: metadata_print: 83 key:0xa2000000, value:0xa2000001 
11-01 15:22:05.769  1755  2998 D AGM: metadata: metadata_print: 83 key:0xac000000, value:0xac000002 
11-01 15:22:05.769  1755  2998 D AGM: metadata: metadata_print: 87 
11-01 15:22:05.769  1755  2998 D AGM: metadata: CKV count:1
11-01 15:22:05.769  1755  2998 D AGM: metadata: metadata_print: 90 key:0xd2000000, value:0x0 
11-01 15:22:05.769  1755  2998 D AGM: metadata: metadata_print: 92 
11-01 15:22:05.769  1755  2998 D AGM: metadata: metadata_print: 94 Property ID:134217744
11-01 15:22:05.769  1755  2998 D AGM: metadata: metadata_print: 95 property count:1
11-01 15:22:05.769  1755  2998 D AGM: metadata: metadata_print: 98 Property Values: 
11-01 15:22:05.769  1755  2998 D AGM: metadata: metadata_print: 100 0x3 
11-01 15:22:05.769  1755  2998 D AGM: metadata: metadata_print: 102 
11-01 15:22:05.769  1755  2998 D AGM: metadata: metadata_print: 103 ****************Metadata Done***************************
11-01 15:22:05.769  1755  2998 D AGM: metadata: 
11-01 15:22:05.769  1755  2998 I AGM: session: session_obj_set_sess_aif_metadata: 1838 Exit
11-01 15:22:05.769  1755  2998 I AgmIpc::Server: SessionInfo created for session 126
11-01 15:22:05.769  1755  2998 I AGM: API: agm_session_aif_connect: 629 connecting aifid:5 with session id=126
11-01 15:22:05.769  3566  3633 V WindowManagerShell: Transition requested (#293): android.os.BinderProxy@ffde5be TransitionRequestInfo { type = OPEN, triggerTask = TaskInfo{userId=0 taskId=93 effectiveUid=10187 displayId=0 isRunning=true baseIntent=Intent { act=android.intent.action.MAIN cat=[android.intent.category.LAUNCHER] flg=0x10200000 cmp=com.example.videoframeapp/.MainActivity } baseActivity=ComponentInfo{com.example.videoframeapp/com.example.videoframeapp.MainActivity} topActivity=ComponentInfo{com.example.videoframeapp/com.example.videoframeapp.MainActivity} origActivity=null realActivity=ComponentInfo{com.example.videoframeapp/com.example.videoframeapp.MainActivity} numActivities=1 lastActiveTime=268835660 supportsMultiWindow=true resizeMode=1 isResizeable=true minWidth=-1 minHeight=-1 defaultMinSize=220 token=WCT{android.window.IWindowContainerToken$Stub$Proxy@a0ee61f} topActivityType=1 pictureInPictureParams=null shouldDockBigOverlays=false launchIntoPipHostTaskId=-1 lastParentTaskIdBeforePip=-1 displayCutoutSafeInsets=Rect(0, 0 - 0, 0) topActivityInfo=ActivityInfo{d6f9d6c com.example.videoframeapp.MainActivity} launchCookies=[android.os.BinderProxy@8051f35] positionInParent=Point(0, 0) parentTaskId=-1 isFocused=false isVisible=false isVisibleRequested=false isTopActivityNoDisplay=false isSleeping=false locusId=null displayAreaFeatureId=1 isTopActivityTransparent=false isActivityStackTransparent=false lastNonFullscreenBounds=Rect(369, 838 - 1072, 2278) capturedLink=null capturedLinkTimestamp=0 requestedVisibleTypes=-9 topActivityRequestOpenInBrowserEducationTimestamp=0 appCompatTaskInfo=AppCompatTaskInfo { topActivityInSizeCompat=false eligibleForLetterboxEducation= false isLetterboxEducationEnabled= false isLetterboxDoubleTapEnabled= false eligibleForUserAspectRatioButton= false topActivityBoundsLetterboxed= false isFromLetterboxDoubleTap= false topActivityLetterboxVerticalPosition= -1 topActivityLetterboxHorizontalPosition= -1 topActivityLetterboxWidth=-1 topActivityLetterboxHeight=-1 topActivityAppBounds=Rect(0, 0 - 1440, 3200) isUserFullscreenOverrideEnabled=false isSystemFullscreenOverrideEnabled=false hasMinAspectRatioOverride=false topActivityLetterboxBounds=null cameraCompatTaskInfo=CameraCompatTaskInfo { freeformCameraCompatMode=inactive}} topActivityMainWindowFrame=null}, pipChange = null, remoteTransition = RemoteTransition { remoteTransition = android.window.IRemoteTransition$Stub$Proxy@1ae9fca, appThread = android.app.IApplicationThread$Stub$Proxy@c45c53b, debugName = QuickstepLaunch }, displayChange = null, flags = 0, debugId = 293 }
11-01 15:22:05.769  1755  2998 I PAL: STUtils: GetConcurrencyInfo: 920: stream type 1 Tx conc 0, Rx conc 0, concurrency allowed
11-01 15:22:05.769  1755  2998 I PAL: API: pal_stream_open: 307: Exit. Value of stream_handle 0xb400006f3d20fa50K, status 0
11-01 15:22:05.769  3566  3633 D ShellSplitScreen: logExit: no-op, mLoggerSessionId is null
11-01 15:22:05.769  1755  2998 D AHAL_StreamOut_QTI: configure : usecase: LOW_LATENCY_PLAYBACK, mix port config id:57, IoHandle:13 set pal_stream_set_buffer_size to 768 with count 2
11-01 15:22:05.769  1755  2998 E PERFHAL-CLIENT: PERFHAL-CLIENT: perf_lock_acq() 164: opcode=1077936128 isMvOpcode=0
11-01 15:22:05.769  1755  2998 E PERFHAL-CLIENT: PERFHAL-CLIENT: perf_lock_acq() 164: opcode=1082130432 isMvOpcode=0
11-01 15:22:05.769  3566  3633 V WindowManagerShell: RemoteTransition directly requested for (#293) android.os.BinderProxy@ffde5be: RemoteTransition { remoteTransition = android.window.IRemoteTransition$Stub$Proxy@1ae9fca, appThread = android.app.IApplicationThread$Stub$Proxy@c45c53b, debugName = QuickstepLaunch }
11-01 15:22:05.769  3566  3633 V WindowManagerShell: Transition (#293): request handled by DefaultMixedHandler
11-01 15:22:05.769  1755  2998 I PAL: API: pal_stream_start: 384: Enter. Stream handle 0xb400006f3d20fa50K
11-01 15:22:05.769  4009  4009 D StatsLog: LAUNCHER_APP_LAUNCH_TAP
11-01 15:22:05.769  1755  2998 I PAL: Device: setMediaConfig: 1094: CODEC_DMA-LPAIF_WSA-RX-0 rate ch fmt data_fmt 48000 2 2 1
11-01 15:22:05.769  1755  2998 I PAL: ResourceManager: voteSleepMonitor: 1951: Voting done for nlpi use case, lpi votes 0, nlpi votes : 1
11-01 15:22:05.769  4009  4009 W SplitSelectStateCtor: Missing session instanceIds
11-01 15:22:05.769  4009  4009 D StatsLog: LAUNCHER_SPLIT_SELECTION_EXIT_INTERRUPTED
11-01 15:22:05.769  2770  2801 V GrammaticalInflectionUtils: AttributionSource: AttributionSource { uid = 10187, packageName = null, attributionTag = null, token = android.os.Binder@100e795, deviceId = 0, next = null } does not have READ_SYSTEM_GRAMMATICAL_GENDER permission.
11-01 15:22:05.740  2998  2998 I adsp_sleepmon: Audio: num_sessions=1,num_lpi_sessions=0,timer_pending=0
11-01 15:22:05.770  2770  3506 I HidlServiceManagement: Trying to get transport of vendor.qti.hardware.servicetracker@1.2::IServicetracker/default without hwservicemanager
11-01 15:22:05.770  2770  3506 W ActivityTaskManager: servicetracker HIDL not available
11-01 15:22:05.770  2770  3506 E ActivityTaskManager: Unable to get servicetracker HAL instance
11-01 15:22:05.770  1755  2998 D AGM: graph: graph_open: 551 entry
11-01 15:22:05.770  1755  2998 D AGM: metadata: metadata_print: 79 *************************Metadata*************************
11-01 15:22:05.770  1755  2998 D AGM: metadata: metadata_print: 80 GKV size:4
11-01 15:22:05.770  1755  2998 D AGM: metadata: metadata_print: 83 key:0xa1000000, value:0xa100000e 
11-01 15:22:05.770  1755  2998 D AGM: metadata: metadata_print: 83 key:0xab000000, value:0x1 
11-01 15:22:05.770  1755  2998 D AGM: metadata: metadata_print: 83 key:0xa2000000, value:0xa2000001 
11-01 15:22:05.770  1755  2998 D AGM: metadata: metadata_print: 83 key:0xac000000, value:0xac000002 
11-01 15:22:05.770  1755  2998 D AGM: metadata: metadata_print: 87 
11-01 15:22:05.770  1755  2998 D AGM: metadata: CKV count:2
11-01 15:22:05.770  1755  2998 D AGM: metadata: metadata_print: 90 key:0xa4000000, value:0xf 
11-01 15:22:05.770  1755  2998 D AGM: metadata: metadata_print: 90 key:0xd2000000, value:0x0 
11-01 15:22:05.770  1755  2998 D AGM: metadata: metadata_print: 92 
11-01 15:22:05.770  1755  2998 D AGM: metadata: metadata_print: 94 Property ID:134217744
11-01 15:22:05.770  1755  2998 D AGM: metadata: metadata_print: 95 property count:4
11-01 15:22:05.770  1755  2998 D AGM: metadata: metadata_print: 98 Property Values: 
11-01 15:22:05.770  1755  2998 D AGM: metadata: metadata_print: 100 0x1 
11-01 15:22:05.770  1755  2998 D AGM: metadata: metadata_print: 100 0x3 
11-01 15:22:05.770  1755  2998 D AGM: metadata: metadata_print: 100 0x2 
11-01 15:22:05.770  1755  2998 D AGM: metadata: metadata_print: 100 0x5 
11-01 15:22:05.770  1755  2998 D AGM: metadata: metadata_print: 102 
11-01 15:22:05.770  1755  2998 D AGM: metadata: metadata_print: 103 ****************Metadata Done***************************
11-01 15:22:05.770  1755  2998 D AGM: metadata: 
11-01 15:22:05.770  1755  2998 D AGM: graph: print_graph_alias: 2346 GKV Alias 569 | StreamRX_PCM_LL_Playback_DeviceRX_Speaker_Instance_Instance_1_DevicePP_Rx_Audio_MBDRC
11-01 15:22:05.770  1755  2998 D AGM: graph: graph_open: 631 miid 40bd mid 7001000 tag c0000002
11-01 15:22:05.770  1755  2998 D AGM: graph: graph_open: 679 miid 4023 mid 7001023 tag c0000004
11-01 15:22:05.770  1755  2998 D AGM: graph: graph_open: 631 miid 40c4 mid 7001019 tag c0000006
11-01 15:22:05.770  1755  2998 D AGM: graph: graph_open: 631 miid 40bf mid 7001005 tag c000000e
11-01 15:22:05.770  1755  2998 D AGM: graph: graph_open: 631 miid 40c0 mid 7001003 tag c0000010
11-01 15:22:05.770  1755  2998 D AGM: graph: graph_open: 631 miid 4165 mid 7001032 tag c0000013
11-01 15:22:05.770  1755  2998 I GPR:    : vendor/qcom/opensource/args/gpr/core/src/gpr_drv.c:__gpr_cmd_register_v2:931 GPR Register: Source Port is 8209 heap_index: 0
11-01 15:22:05.770  1770  1851 I ANDR-PWR-OPT: PowerAppClassifier: getAppType() 59: checking app [com.example.videoframeapp] is type 1
11-01 15:22:05.770  1770  1851 I ANDR-PWR-OPT: GAMEPOWEROPT: isGame() 558: com.example.videoframeapp is Game = 1
11-01 15:22:05.770  1770  1851 I ANDR-PWR-OPT: GAMEPOWEROPT: sendEvents() 291: Start hint for app com.android.launcher3/com.android.launcher3.uioverrides.QuickstepLauncher/36, hintID : 4100, hintID hex : 1004 value: -1
11-01 15:22:05.770  1788  1788 E PERF_APPCLASSIFIER: PERF_APPCLASSIFIER: getData() 195: DBQuery failed for appName:com.android.launcher3
11-01 15:22:05.770  1770  1851 I ANDR-PWR-OPT: PowerAppClassifier: getAppType() 59: checking app [com.android.launcher3] is type 0
11-01 15:22:05.770  1770  1851 I ANDR-PWR-OPT: GAMEPOWEROPT: isGame() 558: com.android.launcher3 is Game = 0
11-01 15:22:05.770  2770  2801 I ActivityManager: PendingStartActivityUids startActivity to updateOomAdj delay:24035ms, uid:10139
11-01 15:22:05.770  1770  1851 I ANDR-PWR-OPT: GAMEPOWEROPT: sendEvents() 291: Start hint for app com.example.videoframeapp/com.example.videoframeapp.MainActivity/1, hintID : 4099, hintID hex : 1003 value: -1
11-01 15:22:05.770  1770  1851 I ANDR-PWR-OPT: PowerAppClassifier: getAppType() 59: checking app [com.example.videoframeapp] is type 1
11-01 15:22:05.770  1770  1851 I ANDR-PWR-OPT: GAMEPOWEROPT: isGame() 558: com.example.videoframeapp is Game = 1
11-01 15:22:05.770  2770  3525 D BackgroundInstallControlService: Package event received: 0
11-01 15:22:05.768  3687  3811 I DynamicDDSService: handleMessage(ACTIVITY_INVOKE{appInfo=com.example.videoframeapp isFullScreen=}true)
11-01 15:22:05.770  2770  3506 I AppsFilter: interaction: PackageSetting{2b374a0 com.android.microdroid.empty_payload/10174} -> PackageSetting{78c431 com.example.videoframeapp/10187} BLOCKED
11-01 15:22:05.770  3687  5371 W DynamicDDSService: appName is running in background.com.android.launcher3
11-01 15:22:05.770  1605  1651 I netd    : tetherGetStats() -> {[]} <0.51ms>
11-01 15:22:05.771  2770  2801 W IPCThreadState: Sending oneway calls to frozen process.
11-01 15:22:05.771  1788  1963 E PERFHAL-RESOURCEQS: PERFHAL-RESOURCEQS: AddAndApply() 136: Resource value ffffffff is not supported
11-01 15:22:05.771  2770  2801 W IPCThreadState: Sending oneway calls to frozen process.
11-01 15:22:05.771  2770  2801 W IPCThreadState: Sending oneway calls to frozen process.
11-01 15:22:05.771  2770  2801 W IPCThreadState: Sending oneway calls to frozen process.
11-01 15:22:05.771  2770  2801 W IPCThreadState: Sending oneway calls to frozen process.
11-01 15:22:05.771  2770  2801 W IPCThreadState: Sending oneway calls to frozen process.
11-01 15:22:05.771  2770  2801 W IPCThreadState: Sending oneway calls to frozen process.
11-01 15:22:05.771  2770  2801 W IPCThreadState: Sending oneway calls to frozen process.
11-01 15:22:05.771  2770  2801 W IPCThreadState: Sending oneway calls to frozen process.
11-01 15:22:05.772  2770  2801 W IPCThreadState: Sending oneway calls to frozen process.
11-01 15:22:05.772  2770  2801 W IPCThreadState: Sending oneway calls to frozen process.
11-01 15:22:05.772   531  1939 D audioadsprpcd: vendor/qcom/proprietary/adsprpc/src/apps_std_imp.c:386: apps_std_fopen_fd done for ./spv5_module.so.1 with       fopen:7us, fstat:0us, read:0us,       rpc_alloc:0us, mmap:0us fd 0x0 error_code 0x2
11-01 15:22:05.772  2770  2801 W IPCThreadState: Sending oneway calls to frozen process.
11-01 15:22:05.772   531  1939 D audioadsprpcd: vendor/qcom/proprietary/adsprpc/src/apps_std_imp.c:386: apps_std_fopen_fd done for ./spv5_module.so.1 with       fopen:2us, fstat:0us, read:0us,       rpc_alloc:0us, mmap:0us fd 0x0 error_code 0x2
11-01 15:22:05.772   531  1939 D audioadsprpcd: vendor/qcom/proprietary/adsprpc/src/apps_std_imp.c:386: apps_std_fopen_fd done for /vendor/lib64/rfs/dsp/adsp/./spv5_module.so.1 with       fopen:13us, fstat:0us, read:0us,       rpc_alloc:0us, mmap:0us fd 0x0 error_code 0x2
11-01 15:22:05.772   531  1939 D audioadsprpcd: vendor/qcom/proprietary/adsprpc/src/apps_std_imp.c:386: apps_std_fopen_fd done for /vendor/lib64/rfs/dsp/./spv5_module.so.1 with       fopen:3us, fstat:0us, read:0us,       rpc_alloc:0us, mmap:0us fd 0x0 error_code 0x2
11-01 15:22:05.772   531  1939 D audioadsprpcd: vendor/qcom/proprietary/adsprpc/src/apps_std_imp.c:386: apps_std_fopen_fd done for /vendor/lib/rfsa/adsp/adsp/./spv5_module.so.1 with       fopen:14us, fstat:0us, read:0us,       rpc_alloc:0us, mmap:0us fd 0x0 error_code 0x2
11-01 15:22:05.772   531  1939 D audioadsprpcd: vendor/qcom/proprietary/adsprpc/src/apps_std_imp.c:386: apps_std_fopen_fd done for /vendor/lib/rfsa/adsp/./spv5_module.so.1 with       fopen:1us, fstat:0us, read:0us,       rpc_alloc:0us, mmap:0us fd 0x0 error_code 0x2
11-01 15:22:05.772   531  1939 D audioadsprpcd: vendor/qcom/proprietary/adsprpc/src/apps_std_imp.c:386: apps_std_fopen_fd done for /vendor/lib/rfsa/dsp/adsp/./spv5_module.so.1 with       fopen:1us, fstat:0us, read:0us,       rpc_alloc:0us, mmap:0us fd 0x0 error_code 0x2
11-01 15:22:05.772  2770  2801 W IPCThreadState: Sending oneway calls to frozen process.
11-01 15:22:05.772   531  1939 D audioadsprpcd: vendor/qcom/proprietary/adsprpc/src/apps_std_imp.c:386: apps_std_fopen_fd done for /vendor/lib/rfsa/dsp/./spv5_module.so.1 with       fopen:1us, fstat:0us, read:0us,       rpc_alloc:0us, mmap:0us fd 0x0 error_code 0x2
11-01 15:22:05.772  2770  2801 W IPCThreadState: Sending oneway calls to frozen process.
11-01 15:22:05.772  2770  4006 D CompatChangeReporter: Compat change id reported: 377864165; UID 10187; state: ENABLED
11-01 15:22:05.772  2770  2801 W IPCThreadState: Sending oneway calls to frozen process.
11-01 15:22:05.772  2770  2801 W IPCThreadState: Sending oneway calls to frozen process.
11-01 15:22:05.772  2770  2801 W IPCThreadState: Sending oneway calls to frozen process.
11-01 15:22:05.772  2770  2801 W IPCThreadState: Sending oneway calls to frozen process.
11-01 15:22:05.772  2770  2801 W IPCThreadState: Sending oneway calls to frozen process.
11-01 15:22:05.772  2770  2801 W IPCThreadState: Sending oneway calls to frozen process.
11-01 15:22:05.772  2770  2801 W IPCThreadState: Sending oneway calls to frozen process.
11-01 15:22:05.772  2770  2801 W IPCThreadState: Sending oneway calls to frozen process.
11-01 15:22:05.772  2770  2801 W IPCThreadState: Sending oneway calls to frozen process.
11-01 15:22:05.772  2770  2801 W IPCThreadState: Sending oneway calls to frozen process.
11-01 15:22:05.772  2770  2801 W IPCThreadState: Sending oneway calls to frozen process.
11-01 15:22:05.772  2770  2801 W IPCThreadState: Sending oneway calls to frozen process.
11-01 15:22:05.772  2770  2801 W IPCThreadState: Sending oneway calls to frozen process.
11-01 15:22:05.772  2770  2801 W IPCThreadState: Sending oneway calls to frozen process.
11-01 15:22:05.772  2770  2801 W IPCThreadState: Sending oneway calls to frozen process.
11-01 15:22:05.772   531  1939 D audioadsprpcd: vendor/qcom/proprietary/adsprpc/src/apps_std_imp.c:386: apps_std_fopen_fd done for /vendor/dsp/adsp/./spv5_module.so.1 with       fopen:13us, fstat:1us, read:30us,       rpc_alloc:28us, mmap:339us fd 0xd error_code 0x0
11-01 15:22:05.772   531  1939 I audioadsprpcd: vendor/qcom/proprietary/adsprpc/src/apps_std_imp.c:1205: Successfully opened file /vendor/dsp/adsp/./spv5_module.so.1
11-01 15:22:05.772  2770  2801 W IPCThreadState: Sending oneway calls to frozen process.
11-01 15:22:05.772  2770  2801 W IPCThreadState: Sending oneway calls to frozen process.
11-01 15:22:05.772  2770  2801 W IPCThreadState: Sending oneway calls to frozen process.
11-01 15:22:05.772  2770  2801 W IPCThreadState: Sending oneway calls to frozen process.
11-01 15:22:05.772  2770  2801 W IPCThreadState: Sending oneway calls to frozen process.
11-01 15:22:05.772  2770  2801 W IPCThreadState: Sending oneway calls to frozen process.
11-01 15:22:05.772  2770  2801 W IPCThreadState: Sending oneway calls to frozen process.
11-01 15:22:05.772  2770  2801 W IPCThreadState: Sending oneway calls to frozen process.
11-01 15:22:05.772   531  1939 D audioadsprpcd: vendor/qcom/proprietary/adsprpc/src/apps_std_imp.c:386: apps_std_fopen_fd done for ./CFCM.so.1 with       fopen:5us, fstat:0us, read:0us,       rpc_alloc:0us, mmap:0us fd 0x0 error_code 0x2
11-01 15:22:05.772  2770  2801 W IPCThreadState: Sending oneway calls to frozen process.
11-01 15:22:05.772   531  1939 D audioadsprpcd: vendor/qcom/proprietary/adsprpc/src/apps_std_imp.c:386: apps_std_fopen_fd done for ./CFCM.so.1 with       fopen:2us, fstat:0us, read:0us,       rpc_alloc:0us, mmap:0us fd 0x0 error_code 0x2
11-01 15:22:05.772   531  1939 D audioadsprpcd: vendor/qcom/proprietary/adsprpc/src/apps_std_imp.c:386: apps_std_fopen_fd done for /vendor/lib64/rfs/dsp/adsp/./CFCM.so.1 with       fopen:5us, fstat:0us, read:0us,       rpc_alloc:0us, mmap:0us fd 0x0 error_code 0x2
11-01 15:22:05.772  2770  2801 W IPCThreadState: Sending oneway calls to frozen process.
11-01 15:22:05.772   531  1939 D audioadsprpcd: vendor/qcom/proprietary/adsprpc/src/apps_std_imp.c:386: apps_std_fopen_fd done for /vendor/lib64/rfs/dsp/./CFCM.so.1 with       fopen:2us, fstat:0us, read:0us,       rpc_alloc:0us, mmap:0us fd 0x0 error_code 0x2
11-01 15:22:05.772   531  1939 D audioadsprpcd: vendor/qcom/proprietary/adsprpc/src/apps_std_imp.c:386: apps_std_fopen_fd done for /vendor/lib/rfsa/adsp/adsp/./CFCM.so.1 with       fopen:1us, fstat:0us, read:0us,       rpc_alloc:0us, mmap:0us fd 0x0 error_code 0x2
11-01 15:22:05.772   531  1939 D audioadsprpcd: vendor/qcom/proprietary/adsprpc/src/apps_std_imp.c:386: apps_std_fopen_fd done for /vendor/lib/rfsa/adsp/./CFCM.so.1 with       fopen:2us, fstat:0us, read:0us,       rpc_alloc:0us, mmap:0us fd 0x0 error_code 0x2
11-01 15:22:05.772   531  1939 D audioadsprpcd: vendor/qcom/proprietary/adsprpc/src/apps_std_imp.c:386: apps_std_fopen_fd done for /vendor/lib/rfsa/dsp/adsp/./CFCM.so.1 with       fopen:1us, fstat:0us, read:0us,       rpc_alloc:0us, mmap:0us fd 0x0 error_code 0x2
11-01 15:22:05.772   531  1939 D audioadsprpcd: vendor/qcom/proprietary/adsprpc/src/apps_std_imp.c:386: apps_std_fopen_fd done for /vendor/lib/rfsa/dsp/./CFCM.so.1 with       fopen:1us, fstat:0us, read:0us,       rpc_alloc:0us, mmap:0us fd 0x0 error_code 0x2
11-01 15:22:05.772  2770  2801 W IPCThreadState: Sending oneway calls to frozen process.
11-01 15:22:05.772  2770  2801 W IPCThreadState: Sending oneway calls to frozen process.
11-01 15:22:05.772  2770  2801 W IPCThreadState: Sending oneway calls to frozen process.
11-01 15:22:05.772  2770  2801 W IPCThreadState: Sending oneway calls to frozen process.
11-01 15:22:05.772  2770  2801 W IPCThreadState: Sending oneway calls to frozen process.
11-01 15:22:05.772  2770  2801 W IPCThreadState: Sending oneway calls to frozen process.
11-01 15:22:05.772   531  1939 D audioadsprpcd: vendor/qcom/proprietary/adsprpc/src/apps_std_imp.c:386: apps_std_fopen_fd done for /vendor/dsp/adsp/./CFCM.so.1 with       fopen:4us, fstat:1us, read:6us,       rpc_alloc:36us, mmap:130us fd 0xf error_code 0x0
11-01 15:22:05.772   531  1939 I audioadsprpcd: vendor/qcom/proprietary/adsprpc/src/apps_std_imp.c:1205: Successfully opened file /vendor/dsp/adsp/./CFCM.so.1
11-01 15:22:05.773  2770  3088 W IPCThreadState: Sending oneway calls to frozen process.
11-01 15:22:05.773  2770  3510 I AppWidgetServiceImpl: Received broadcast: android.intent.action.PACKAGE_UNSTOPPED on user 0
11-01 15:22:05.773  2770  3510 I AppWidgetServiceImpl: Updating package stopped masked state for uid 10187 package com.example.videoframeapp isStopped false
11-01 15:22:05.773  3566  3701 D SplashScreenView: Build android.window.SplashScreenView{7b6ffed V.E...... ......ID 0,0-0,0}
11-01 15:22:05.773  3566  3701 D SplashScreenView: Icon: view: android.widget.ImageView{9335e22 V.ED..... ......I. 0,0-0,0 #1020542 android:id/splashscreen_icon_view} drawable: com.android.wm.shell.startingsurface.SplashscreenIconDrawableFactory$ImmobileIconDrawable@1d9a0b3 size: 560
11-01 15:22:05.773  3566  3701 D SplashScreenView: Branding: view: android.view.View{6122670 G.ED..... ......I. 0,0-0,0 #1020541 android:id/splashscreen_branding_view} drawable: null size w: 0 h: 0
11-01 15:22:05.774   531  1939 D audioadsprpcd: vendor/qcom/proprietary/adsprpc/src/apps_std_imp.c:386: apps_std_fopen_fd done for ./SAPlusCmnModule.so.1 with       fopen:3us, fstat:0us, read:0us,       rpc_alloc:0us, mmap:0us fd 0x0 error_code 0x2
11-01 15:22:05.774   531  1939 D audioadsprpcd: vendor/qcom/proprietary/adsprpc/src/apps_std_imp.c:386: apps_std_fopen_fd done for ./SAPlusCmnModule.so.1 with       fopen:1us, fstat:0us, read:0us,       rpc_alloc:0us, mmap:0us fd 0x0 error_code 0x2
11-01 15:22:05.774   531  1939 D audioadsprpcd: vendor/qcom/proprietary/adsprpc/src/apps_std_imp.c:386: apps_std_fopen_fd done for /vendor/lib64/rfs/dsp/adsp/./SAPlusCmnModule.so.1 with       fopen:3us, fstat:0us, read:0us,       rpc_alloc:0us, mmap:0us fd 0x0 error_code 0x2
11-01 15:22:05.774   531  1939 D audioadsprpcd: vendor/qcom/proprietary/adsprpc/src/apps_std_imp.c:386: apps_std_fopen_fd done for /vendor/lib64/rfs/dsp/./SAPlusCmnModule.so.1 with       fopen:2us, fstat:0us, read:0us,       rpc_alloc:0us, mmap:0us fd 0x0 error_code 0x2
11-01 15:22:05.774   531  1939 D audioadsprpcd: vendor/qcom/proprietary/adsprpc/src/apps_std_imp.c:386: apps_std_fopen_fd done for /vendor/lib/rfsa/adsp/adsp/./SAPlusCmnModule.so.1 with       fopen:1us, fstat:0us, read:0us,       rpc_alloc:0us, mmap:0us fd 0x0 error_code 0x2
11-01 15:22:05.774   531  1939 D audioadsprpcd: vendor/qcom/proprietary/adsprpc/src/apps_std_imp.c:386: apps_std_fopen_fd done for /vendor/lib/rfsa/adsp/./SAPlusCmnModule.so.1 with       fopen:2us, fstat:0us, read:0us,       rpc_alloc:0us, mmap:0us fd 0x0 error_code 0x2
11-01 15:22:05.774   531  1939 D audioadsprpcd: vendor/qcom/proprietary/adsprpc/src/apps_std_imp.c:386: apps_std_fopen_fd done for /vendor/lib/rfsa/dsp/adsp/./SAPlusCmnModule.so.1 with       fopen:1us, fstat:0us, read:0us,       rpc_alloc:0us, mmap:0us fd 0x0 error_code 0x2
11-01 15:22:05.774   531  1939 D audioadsprpcd: vendor/qcom/proprietary/adsprpc/src/apps_std_imp.c:386: apps_std_fopen_fd done for /vendor/lib/rfsa/dsp/./SAPlusCmnModule.so.1 with       fopen:1us, fstat:0us, read:0us,       rpc_alloc:0us, mmap:0us fd 0x0 error_code 0x2
11-01 15:22:05.774   531  1939 D audioadsprpcd: vendor/qcom/proprietary/adsprpc/src/apps_std_imp.c:386: apps_std_fopen_fd done for /vendor/dsp/adsp/./SAPlusCmnModule.so.1 with       fopen:3us, fstat:0us, read:18us,       rpc_alloc:23us, mmap:194us fd 0xf error_code 0x0
11-01 15:22:05.774   531  1939 I audioadsprpcd: vendor/qcom/proprietary/adsprpc/src/apps_std_imp.c:1205: Successfully opened file /vendor/dsp/adsp/./SAPlusCmnModule.so.1
11-01 15:22:05.774  4440  4480 V OsAgent : broadcastSystemEvent - 7
11-01 15:22:05.774  1846  1846 I BpBinder: onLastStrongRef automatically unlinking death recipients: 
11-01 15:22:05.775  1608  1608 D Zygote  : Forked child process 14599
11-01 15:22:05.775  9253  9374 W IPCThreadState: Sending oneway calls to frozen process.
11-01 15:22:05.776  2770  2840 I ActivityManager: Start proc 14599:com.example.videoframeapp/u0a187 for next-top-activity {com.example.videoframeapp/com.example.videoframeapp.MainActivity}
11-01 15:22:05.776  2770 14600 W ContextImpl: Calling a method in the system process without a qualified user: android.app.ContextImpl.sendBroadcast:1269 com.qualcomm.qti.Performance$SendGameLaunchBroadcast.run:282 java.lang.Thread.run:1119 <bottom of call stack> <bottom of call stack> 
11-01 15:22:05.776  2770  2840 I ActivityManager: ProcessObserver broadcast disabled
11-01 15:22:05.778  1755  2998 E gsl     : vendor/qcom/opensource/args/gsl/src/gsl_graph.c:gsl_graph_check_ckvs:813 CKVs mismatched. ACDB CKVs count 4 CKVs sent from HAL count 2
11-01 15:22:05.778  1755  2998 E ACDB    : vendor/qcom/opensource/args/acdb/src/acdb_command.c:AcdbCmdGetProcSubgraphCalDataPersist:8643 Error[19]: No calibration found
11-01 15:22:05.778  1755  2998 E ACDB    : vendor/qcom/opensource/args/acdb/src/acdb_command.c:AcdbCmdGetProcSubgraphCalDataPersist:8643 Error[19]: No calibration found
11-01 15:22:05.778  1755  2998 E ACDB    : vendor/qcom/opensource/args/acdb/src/acdb_command.c:AcdbCmdGetProcSubgraphCalDataPersist:8643 Error[19]: No calibration found
11-01 15:22:05.778  1755  2998 E ACDB    : vendor/qcom/opensource/args/acdb/src/acdb_command.c:AcdbCmdGetProcSubgraphCalDataPersist:8643 Error[19]: No calibration found
11-01 15:22:05.778  1755  2998 D AGM: graph: graph_open: 713 graph_handle 0x147534c
11-01 15:22:05.778  1755  2998 D AGM: graph: graph_open: 749 exit, ret 0
11-01 15:22:05.778  1755  2998 I AgmIpc::Server: addSessionHandle sessionId 126 handle b400006f3d20a110 
11-01 15:22:05.778  1755  2998 D PLUGIN: pcm: agm_pcm_hw_params: 500 agm_pcm_hw_params: mode: 0
11-01 15:22:05.778  1755  2998 I AGM: session: session_obj_get_tag_with_module_info: 1869 : aif_id=5 , session mode=0
11-01 15:22:05.778  1755  2998 I PAL: PayloadBuilder: updateCustomPayload: 5426: customPayloadSize = 32
11-01 15:22:05.778  1755  2998 D AGM: graph: graph_set_config: 1123 entry graph_handle 0x147534c
11-01 15:22:05.779  1755  2998 D AGM: graph: graph_set_config: 1131 exit, graph handle 0x147534c, ret 0
11-01 15:22:05.779  1755  2998 E ACDB    : vendor/qcom/opensource/args/acdb/src/acdb_command.c:AcdbCmdGetProcSubgraphCalDataPersist:8643 Error[19]: No calibration found
11-01 15:22:05.779  1755  2998 E ACDB    : vendor/qcom/opensource/args/acdb/src/acdb_command.c:AcdbCmdGetProcSubgraphCalDataPersist:8643 Error[19]: No calibration found
11-01 15:22:05.779  1755  2998 E ACDB    : vendor/qcom/opensource/args/acdb/src/acdb_command.c:AcdbCmdGetProcSubgraphCalDataPersist:8643 Error[19]: No calibration found
11-01 15:22:05.779  1755  2998 E ACDB    : vendor/qcom/opensource/args/acdb/src/acdb_command.c:AcdbCmdGetProcSubgraphCalDataPersist:8643 Error[19]: No calibration found
11-01 15:22:05.779  1755  2998 D audio_route: Apply path: PM_QOS_Vote
11-01 15:22:05.779  1755  2998 D AGM: graph: graph_prepare: 813 entry graph_handle 0x147534c
11-01 15:22:05.779  1755  2998 D AGM: graph_module: configure_pcm_shared_mem_ep: 1761 entry mod tag c0000002 miid 40bd mid 7001000
11-01 15:22:05.779  1755  2998 D AGM: graph_module: configure_pcm_shared_mem_ep: 1837 exit, ret 0
11-01 15:22:05.779  1755  2998 D AGM: graph_module: configure_hw_ep_media_config: 697 entry mod tag c0000004 miid 4023 mid 7001023
11-01 15:22:05.779  1755  2998 D AGM: graph_module: configure_hw_ep_media_config: 727 rate 48000 bw 16 ch 2, data_fmt 1
11-01 15:22:05.779  1755  2998 D AGM: graph_module: configure_hw_ep_media_config: 737 exit, ret 0
11-01 15:22:05.779  1755  2998 D AGM: graph_module: configure_codec_dma_ep: 314 cdc_dma intf cfg lpaif 2 indx 1 ch_msk 3
11-01 15:22:05.779  1755  2998 D AGM: graph_module: configure_codec_dma_ep: 329 exit, ret 0
11-01 15:22:05.779  1755  2998 D AGM: graph_module: configure_output_media_format: 820 entry mod tag c000000e miid 40bf mid 7001005
11-01 15:22:05.779  1755  2998 D AGM: graph_module: configure_output_media_format: 951 exit, ret 0
11-01 15:22:05.779  1755  2998 D AGM: graph_module: configure_output_media_format: 820 entry mod tag c0000010 miid 40c0 mid 7001003
11-01 15:22:05.779  1755  2998 D AGM: graph_module: configure_output_media_format: 951 exit, ret 0
11-01 15:22:05.779  1755  2998 D AGM: graph_module: configure_spr: 1996 SPR module IID 4165
11-01 15:22:05.779  1755  2998 D AGM: graph_module: configure_spr: 2019 HW EP module IID 4023
11-01 15:22:05.779  1755  2998 D AGM: graph_module: configure_spr_session_time_reset_info: 1980 configured
11-01 15:22:05.779  1755  2998 D AGM: graph: configure_buffer_params: 202 Enter
11-01 15:22:05.779  1755  2998 D AGM: graph: configure_buffer_params: 265 Playback sess buf_sz 768 num_bufs 2
11-01 15:22:05.779  1755  2998 E AGM: graph: configure_buffer_params: 298 Unsupported buffer mode : 0, Default to Blocking
11-01 15:22:05.779  1755  2998 D AGM: graph: configure_buffer_params: 318 exit, ret 0
11-01 15:22:05.780 14599 14599 I e.videoframeapp: Late-enabling -Xcheck:jni
11-01 15:22:05.781  2770  2798 V WindowManager: Sent Transition (#293) createdAt=11-01 15:22:05.763 via request=TransitionRequestInfo { type = OPEN, triggerTask = TaskInfo{userId=0 taskId=93 effectiveUid=10187 displayId=0 isRunning=true baseIntent=Intent { act=android.intent.action.MAIN cat=[android.intent.category.LAUNCHER] flg=0x10200000 cmp=com.example.videoframeapp/.MainActivity } baseActivity=ComponentInfo{com.example.videoframeapp/com.example.videoframeapp.MainActivity} topActivity=ComponentInfo{com.example.videoframeapp/com.example.videoframeapp.MainActivity} origActivity=null realActivity=ComponentInfo{com.example.videoframeapp/com.example.videoframeapp.MainActivity} numActivities=1 lastActiveTime=268835660 supportsMultiWindow=true resizeMode=1 isResizeable=true minWidth=-1 minHeight=-1 defaultMinSize=220 token=WCT{RemoteToken{c921ba1 Task{eb0c1b5 #93 type=standard A=10187:com.example.videoframeapp}}} topActivityType=1 pictureInPictureParams=null shouldDockBigOverlays=false launchIntoPipHostTaskId=-1 lastParentTaskIdBeforePip=-1 displayCutoutSafeInsets=Rect(0, 0 - 0, 0) topActivityInfo=ActivityInfo{e2701c6 com.example.videoframeapp.MainActivity} launchCookies=[android.os.BinderProxy@e4a4587] positionInParent=Point(0, 0) parentTaskId=-1 isFocused=false isVisible=false isVisibleRequested=false isTopActivityNoDisplay=false isSleeping=false locusId=null displayAreaFeatureId=1 isTopActivityTransparent=false isActivityStackTransparent=false lastNonFullscreenBounds=Rect(369, 838 - 1072, 2278) capturedLink=null capturedLinkTimestamp=0 requestedVisibleTypes=-9 topActivityRequestOpenInBrowserEducationTimestamp=0 appCompatTaskInfo=AppCompatTaskInfo { topActivityInSizeCompat=false eligibleForLetterboxEducation= false isLetterboxEducationEnabled= false isLetterboxDoubleTapEnabled= false eligibleForUserAspectRatioButton= false topActivityBoundsLetterboxed= false isFromLetterboxDoubleTap= false topActivityLetterboxVerticalPosition= -1 topActivityLetterboxHorizontalPosition= -1 topActivityLetterboxWidth=-1 topActivityLetterboxHeight=-1 topActivityAppBounds=Rect(0, 0 - 1440, 3200) isUserFullscreenOverrideEnabled=false isSystemFullscreenOverrideEnabled=false hasMinAspectRatioOverride=false topActivityLetterboxBounds=null cameraCompatTaskInfo=CameraCompatTaskInfo { freeformCameraCompatMode=inactive}} topActivityMainWindowFrame=null}, pipChange = null, remoteTransition = RemoteTransition { remoteTransition = android.window.IRemoteTransition$Stub$Proxy@438ecb4, appThread = android.app.IApplicationThread$Stub$Proxy@b93d0dd, debugName = QuickstepLaunch }, displayChange = null, flags = 0, debugId = 293 }
11-01 15:22:05.781  2770  2798 V WindowManager:     startWCT=WindowContainerTransaction { changes= {} hops= [] errorCallbackToken=null taskFragmentOrganizer=null }
11-01 15:22:05.781  3566 22215 V WindowManagerShell: onTransitionReady(transaction=11897059430091)
11-01 15:22:05.781  2770  2798 V WindowManager:     info={id=293 t=OPEN f=0x0 trk=0 r=[0@Point(0, 0)] c=[
11-01 15:22:05.781  2770  2798 V WindowManager:         {WCT{RemoteToken{c921ba1 Task{eb0c1b5 #93 type=standard A=10187:com.example.videoframeapp}}} m=OPEN f=NONE leash=Surface(name=Task=93)/@0x3568225 sb=Rect(0, 0 - 1440, 3200) eb=Rect(0, 0 - 1440, 3200) epz=Point(1440, 3200) d=0 taskParent=-1},
11-01 15:22:05.781  2770  2798 V WindowManager:         {WCT{RemoteToken{2d71001 Task{6eaede #1 type=home}}} m=TO_BACK f=SHOW_WALLPAPER leash=Surface(name=Task=1)/@0xa7750f7 sb=Rect(0, 0 - 1440, 3200) eb=Rect(0, 0 - 1440, 3200) epz=Point(1440, 3200) d=0 taskParent=-1},
11-01 15:22:05.781  2770  2798 V WindowManager:         {m=TO_BACK f=IS_WALLPAPER leash=Surface(name=WallpaperWindowToken{80b3dc6 showWhenLocked=false})/@0x9a8fd91 sb=Rect(0, 0 - 1440, 3200) eb=Rect(0, 0 - 1440, 3200) epz=Point(1440, 3200) d=0}
11-01 15:22:05.781  2770  2798 V WindowManager:     ]}
11-01 15:22:05.781  3566  3633 V WindowManagerShell: onTransitionReady (#293) android.os.BinderProxy@ffde5be: {id=293 t=OPEN f=0x0 trk=0 r=[0@Point(0, 0)] c=[
11-01 15:22:05.781  3566  3633 V WindowManagerShell:         {m=OPEN f=NONE leash=Surface(name=Task=93)/@0x2e4be5d sb=Rect(0, 0 - 1440, 3200) eb=Rect(0, 0 - 1440, 3200) epz=Point(1440, 3200) d=0 taskParent=-1},
11-01 15:22:05.781  3566  3633 V WindowManagerShell:         {m=TO_BACK f=SHOW_WALLPAPER leash=Surface(name=Task=1)/@0x65393d2 sb=Rect(0, 0 - 1440, 3200) eb=Rect(0, 0 - 1440, 3200) epz=Point(1440, 3200) d=0 taskParent=-1},
11-01 15:22:05.781  3566  3633 V WindowManagerShell:         {m=TO_BACK f=IS_WALLPAPER leash=Surface(name=WallpaperWindowToken{80b3dc6 showWhenLocked=false})/@0xf0c1ca3 sb=Rect(0, 0 - 1440, 3200) eb=Rect(0, 0 - 1440, 3200) epz=Point(1440, 3200) d=0}
11-01 15:22:05.781  3566  3633 V WindowManagerShell:     ]}
11-01 15:22:05.781  3566  3633 V WindowManagerShell: Playing animation for (#293) android.os.BinderProxy@ffde5be@0
11-01 15:22:05.781  3566  3633 V WindowManagerShell:  try firstHandler com.android.wm.shell.transition.DefaultMixedHandler@5bb7666
11-01 15:22:05.781  3566  3633 V WindowManagerShell: Mixed transition for opening an intent with a remote transition and PIP or Desktop #293
11-01 15:22:05.781  3566  3633 V WindowManagerShell: tryAnimateOpenIntentWithRemoteAndPipOrDesktop
11-01 15:22:05.781  3566  3633 V WindowManagerShell:  Delegate animation for (#293) to RemoteTransition { remoteTransition = android.window.IRemoteTransition$Stub$Proxy@1ae9fca, appThread = android.app.IApplicationThread$Stub$Proxy@c45c53b, debugName = QuickstepLaunch }
11-01 15:22:05.781  1755  2998 D AGM: graph: graph_prepare: 891 exit, ret 0
11-01 15:22:05.781  1755  2998 D AGM: graph: graph_start: 905 entry graph_handle 0x147534c
11-01 15:22:05.781  1608  1608 D Zygote  : Forked child process 14602
11-01 15:22:05.781  3566  3633 V WindowManagerShell:  animated by firstHandler
11-01 15:22:05.781  2770  2840 I ActivityManager: Start proc 14602:com.qualcomm.qti.workloadclassifier/1000 for broadcast {com.qualcomm.qti.workloadclassifier/com.qualcomm.qti.workloadclassifier.WLCReceiver}
11-01 15:22:05.782  2770  2840 I ActivityManager: ProcessObserver broadcast disabled
11-01 15:22:05.782  4009  4009 D BaseDepthController: mSurface is null and mCurrentBlur is: 0
11-01 15:22:05.782  4009  4009 D BaseDepthController: mSurface is null and mCurrentBlur is: 0
11-01 15:22:05.782  4009  4009 D BaseDepthController: mSurface is null and mCurrentBlur is: 0
11-01 15:22:05.783  1755  2998 D AGM: graph: graph_start: 920 exit, ret 0
11-01 15:22:05.756  2135  2135 E swr-mgr wsa_swr_ctrl: swr_mstr_interrupt: SWR CMD Ignored, fifo status 0x4000000c
11-01 15:22:05.786  4009  4009 D BaseDepthController: mSurface is null and mCurrentBlur is: 0
11-01 15:22:05.787 14602 14602 I kloadclassifier: Using CollectorTypeCMC GC.
11-01 15:22:05.788 14599 14599 I e.videoframeapp: Using CollectorTypeCMC GC.
11-01 15:22:05.789 14602 14602 E kloadclassifier: Not starting debugger since process cannot load the jdwp agent.
11-01 15:22:05.789  5684  5689 I adbd    : jdwp connection from 14599
11-01 15:22:05.760  2135  2135 E swr-mgr wsa_swr_ctrl: swr_mstr_interrupt: SWR CMD Ignored, fifo status 0x40000009
11-01 15:22:05.790 14602 14602 D nativeloader: Load libframework-connectivity-tiramisu-jni.so using APEX ns com_android_tethering for caller /apex/com.android.tethering/javalib/framework-connectivity-t.jar: ok
11-01 15:22:05.792  2770  3506 D CompatChangeReporter: Compat change id reported: 151861875; UID 1000; state: ENABLED
11-01 15:22:05.792  2770  3506 D CompatibilityInfo: mCompatibilityFlags - 0
11-01 15:22:05.792  2770  3506 D CompatibilityInfo: applicationDensity - 560
11-01 15:22:05.792  2770  3506 D CompatibilityInfo: applicationScale - 1.0
11-01 15:22:05.792 14599 14599 D nativeloader: Load libframework-connectivity-tiramisu-jni.so using APEX ns com_android_tethering for caller /apex/com.android.tethering/javalib/framework-connectivity-t.jar: ok
11-01 15:22:05.764  2135  2135 E swr-mgr wsa_swr_ctrl: swr_mstr_interrupt: SWR CMD Ignored, fifo status 0x40002109
11-01 15:22:05.794 14602 14602 D nativeloader: Configuring clns-shared-9 for other apk /system_ext/app/workloadclassifier/workloadclassifier.apk. target_sdk_version=35, uses_libraries=, library_path=/system_ext/app/workloadclassifier/lib/arm64:/system_ext/app/workloadclassifier/workloadclassifier.apk!/lib/arm64-v8a:/system/lib64:/system_ext/lib64, permitted_path=/data:/mnt/expand:/data/user/0/com.qualcomm.qti.workloadclassifier:/system_ext/app/workloadclassifier:/system/lib64:/system_ext/lib64
11-01 15:22:05.795 14602 14602 D CompatChangeReporter: Compat change id reported: 202956589; UID 1000; state: ENABLED
11-01 15:22:05.795 14602 14602 I kloadclassifier: AssetManager2(0xb400006ee3205c58) locale list changing from [] to [en-US]
11-01 15:22:05.795  2770  4006 D CompatibilityInfo: mCompatibilityFlags - 0
11-01 15:22:05.795  2770  4006 D CompatibilityInfo: applicationDensity - 560
11-01 15:22:05.795  2770  4006 D CompatibilityInfo: applicationScale - 1.0
11-01 15:22:05.795 14602 14602 I Perf    : Connecting to perf service.
11-01 15:22:05.796  2770  3525 D BackgroundInstallControlService: Package event received: 0
11-01 15:22:05.796 14602 14602 V GraphicsEnvironment: Currently set values for:
11-01 15:22:05.796 14602 14602 V GraphicsEnvironment:   angle_gl_driver_selection_pkgs=[]
11-01 15:22:05.796 14602 14602 V GraphicsEnvironment:   angle_gl_driver_selection_values=[]
11-01 15:22:05.796 14602 14602 V GraphicsEnvironment: com.qualcomm.qti.workloadclassifier is not listed in per-application setting
11-01 15:22:05.796 14602 14602 V GraphicsEnvironment: ANGLE allowlist from config: com.dreamgames.royalmatch com.dts.freefiremax com.dxx.firenow com.gramgames.mergedragons com.ludo.king com.mojang.minecraftpe com.my.defense com.nintendo.zaka com.os.airforce com.playrix.fishdomdd.gplay io.teslatech.callbreak jp.konami.prospia net.peakgames.toonblast
11-01 15:22:05.796 14602 14602 V GraphicsEnvironment: com.qualcomm.qti.workloadclassifier is not listed in ANGLE allowlist or settings, returning default
11-01 15:22:05.796  4440  4480 V OsAgent : broadcastSystemEvent - 7
11-01 15:22:05.791 14599 14599 W re-initialized>: type=1400 audit(0.0:7829310): avc:  granted  { execute } for  path="/data/data/com.example.videoframeapp/code_cache/startup_agents/5b4f70e9-agent.so" dev="dm-50" ino=26360 scontext=u:r:untrusted_app:s0:c187,c256,c512,c768 tcontext=u:object_r:app_data_file:s0:c187,c256,c512,c768 tclass=file app=com.example.videoframeapp
11-01 15:22:05.768   932   932 I servicemanager: Caller(pid=14602,uid=1000,sid=u:r:system_app:s0) Found vendor.qti.hardware.perf2.IPerf/default in device VINTF manifest.
11-01 15:22:05.797 14602 14602 E ANDR-PERF-CLIENT-SYS: death recipent object is fine
11-01 15:22:05.797 14602 14602 W kloadclassifier: AIBinder_linkToDeath is being called with a non-null cookie and no onUnlink callback set. This might not be intended. AIBinder_DeathRecipient_setOnUnlinked should be called first.
11-01 15:22:05.768  2135  2135 E swr-mgr wsa_swr_ctrl: swr_mstr_interrupt: SWR CMD Ignored, fifo status 0x40002006
11-01 15:22:05.798 14599 14599 D nativeloader: Load /data/user/0/com.example.videoframeapp/code_cache/startup_agents/5b4f70e9-agent.so using system ns (caller=<unknown>): ok
11-01 15:22:05.798 14599 14599 V studio.deploy: Startup agent attached to VM
11-01 15:22:05.798 14599 14599 V studio.deploy: No existing instrumentation found. Loading instrumentation from instruments-25d868d4.jar
11-01 15:22:05.799 14602 14630 W ContextImpl: Calling a method in the system process without a qualified user: android.app.ContextImpl.startService:2002 android.content.ContextWrapper.startService:855 android.content.ContextWrapper.startService:855 com.qualcomm.qti.workloadclassifier.WLCReceiver$StartRunnable.run:56 java.lang.Thread.run:1119 
11-01 15:22:05.800 14602 14602 D nativeloader: Load /system_ext/lib64/libqti_workloadclassifiermodel.so using ns default for caller /system_ext/app/workloadclassifier/workloadclassifier.apk in same partition (is_bridged=0): ok
11-01 15:22:05.800 14602 14602 I tflite  : Initialized TensorFlow Lite runtime.
11-01 15:22:05.801  1755  2998 I AGM: session: session_obj_get_tag_with_module_info: 1869 : aif_id=5 , session mode=0
11-01 15:22:05.801 14602 14631 D WLC-Service: perf mpctl Init Completed
11-01 15:22:05.801  1755  2998 I PAL: API: pal_stream_start: 455: Exit. status 0
11-01 15:22:05.801  1755  2998 I AHAL_StreamOut_QTI: configure : usecase: LOW_LATENCY_PLAYBACK, mix port config id:57, IoHandle:13 : stream is configured with ,AudioDevice{type: AudioDeviceDescription{type: OUT_SPEAKER, connection: }, address: AudioDeviceAddress{id: }}
11-01 15:22:05.801  1755  2998 I AHAL_StreamOut_QTI: configure : usecase: LOW_LATENCY_PLAYBACK, mix port config id:57, IoHandle:13 : completed in 35.6856 ms [pal_stream_open: 3.74901, ms pal_stream_start: 31.8392 ms]
11-01 15:22:05.801 14602 14631 E ashmem  : Pinning is deprecated since Android Q. Please use trim or other methods.
11-01 15:22:05.802 14599 14599 W e.videoframeapp: hiddenapi: DexFile /data/data/com.example.videoframeapp/code_cache/.studio/instruments-25d868d4.jar is in boot class path but is not in a known location
11-01 15:22:05.802 14602 14631 W SQLiteLog: (28) double-quoted string literal: "com.example.videoframeapp"
11-01 15:22:05.803 14599 14599 V studio.deploy: Applying transforms with cached classes
11-01 15:22:05.803  1790  1790 I vendor.qti.hardware.servicetrackeraidl-service: destroyService is called for service : com.qualcomm.qti.workloadclassifier/.WLCService
11-01 15:22:05.804 14602 14631 I kloadclassifier: System.exit called, status: 0
11-01 15:22:05.804 14602 14631 I AndroidRuntime: VM exiting with result code 0, cleanup skipped.
11-01 15:22:05.807  2770  3506 I ActivityManager: Process com.qualcomm.qti.workloadclassifier (pid 14602) has died: cch+5 CEM 
11-01 15:22:05.807  1790  1790 I vendor.qti.hardware.servicetrackeraidl-service: killProcess is called for pid : 14602
11-01 15:22:05.808  2770  2842 I libprocessgroup: Removed cgroup /sys/fs/cgroup/system/uid_1000/pid_14602
11-01 15:22:05.808  1608  1608 I Zygote  : Process 14602 exited cleanly (0)
11-01 15:22:05.808  1788  1963 E PERFHAL-UTIL: PERFHAL-UTIL: save_node_val() 266: Failed to read /sys/class/kgsl/kgsl-3d0/devfreq/min_freq
11-01 15:22:05.808  1788  1963 E PERFHAL-OPTSHANDLER: PERFHAL-OPTSHANDLER: modify_sysfsnode() 1204: Failed to read /sys/class/kgsl/kgsl-3d0/devfreq/min_freq
11-01 15:22:05.808  1788  1963 E PERFHAL-RESOURCEQS: PERFHAL-RESOURCEQS: AddAndApply() 159: Failed to apply optimization [10, 3]
11-01 15:22:05.832 14599 14599 W e.videoframeapp: Redefining intrinsic method java.lang.Thread java.lang.Thread.currentThread(). This may cause the unexpected use of the original definition of java.lang.Thread java.lang.Thread.currentThread()in methods that have already been compiled.
11-01 15:22:05.832 14599 14599 W e.videoframeapp: Redefining intrinsic method boolean java.lang.Thread.interrupted(). This may cause the unexpected use of the original definition of boolean java.lang.Thread.interrupted()in methods that have already been compiled.
11-01 15:22:05.833 14599 14599 I studio.deploy: Registering DispatchJNI
11-01 15:22:05.833 14599 14599 I studio.deploy: Found com/android/tools/deploy/interpreter/JNI
11-01 15:22:05.835  4009  4009 D BaseDepthController: mSurface is null and mCurrentBlur is: 0
11-01 15:22:05.876  4009  4009 D BaseDepthController: mSurface is null and mCurrentBlur is: 0
11-01 15:22:05.893  4009  4009 D BaseDepthController: mSurface is null and mCurrentBlur is: 0
11-01 15:22:05.918  4009  4009 D BaseDepthController: mSurface is null and mCurrentBlur is: 0
11-01 15:22:05.934  4009  4009 D BaseDepthController: mSurface is null and mCurrentBlur is: 0
11-01 15:22:05.951  4009  4009 D BaseDepthController: mSurface is null and mCurrentBlur is: 0
11-01 15:22:05.967  4009  4009 D BaseDepthController: mSurface is null and mCurrentBlur is: 0
11-01 15:22:05.976  4009  4009 D BaseDepthController: mSurface is null and mCurrentBlur is: 0
11-01 15:22:05.992  4009  4009 D BaseDepthController: mSurface is null and mCurrentBlur is: 0
11-01 15:22:06.008 14599 14599 D nativeloader: Configuring clns-9 for other apk /data/app/~~FMHsiL8sqOUrOIJXWaxQFA==/com.example.videoframeapp-66ey05Nj9L5cHV1xEp359A==/base.apk. target_sdk_version=36, uses_libraries=, library_path=/data/app/~~FMHsiL8sqOUrOIJXWaxQFA==/com.example.videoframeapp-66ey05Nj9L5cHV1xEp359A==/lib/arm64:/data/app/~~FMHsiL8sqOUrOIJXWaxQFA==/com.example.videoframeapp-66ey05Nj9L5cHV1xEp359A==/base.apk!/lib/arm64-v8a, permitted_path=/data:/mnt/expand:/data/user/0/com.example.videoframeapp
11-01 15:22:06.009  4009  4009 D BaseDepthController: mSurface is null and mCurrentBlur is: 0
11-01 15:22:06.009 14599 14599 I e.videoframeapp: AssetManager2(0xb400006ee3205c58) locale list changing from [] to [en-US]
11-01 15:22:06.010 14599 14599 I e.videoframeapp: AssetManager2(0xb400006ee3205f78) locale list changing from [] to [en-US]
11-01 15:22:06.010 14599 14599 I Perf    : Connecting to perf service.
11-01 15:22:06.011 14599 14599 V GraphicsEnvironment: Currently set values for:
11-01 15:22:06.011 14599 14599 V GraphicsEnvironment:   angle_gl_driver_selection_pkgs=[]
11-01 15:22:06.011 14599 14599 V GraphicsEnvironment:   angle_gl_driver_selection_values=[]
11-01 15:22:06.011 14599 14599 V GraphicsEnvironment: com.example.videoframeapp is not listed in per-application setting
11-01 15:22:06.011 14599 14599 V GraphicsEnvironment: ANGLE allowlist from config: com.dreamgames.royalmatch com.dts.freefiremax com.dxx.firenow com.gramgames.mergedragons com.ludo.king com.mojang.minecraftpe com.my.defense com.nintendo.zaka com.os.airforce com.playrix.fishdomdd.gplay io.teslatech.callbreak jp.konami.prospia net.peakgames.toonblast
11-01 15:22:06.011 14599 14599 V GraphicsEnvironment: com.example.videoframeapp is not listed in ANGLE allowlist or settings, returning default
11-01 15:22:06.011 14599 14599 V GraphicsEnvironment: Updatable production driver is not supported on the device.
11-01 15:22:06.017  4009  4009 D BaseDepthController: mSurface is null and mCurrentBlur is: 0
11-01 15:22:06.018  2770  3506 I AppsFilter: interaction: PackageSetting{78c431 com.example.videoframeapp/10187} -> PackageSetting{1146583 com.android.launcher3/10139} BLOCKED
